#
# There is insufficient memory for the Java Runtime Environment to continue.
# Native memory allocation (mmap) failed to map 472907776 bytes. Error detail: G1 virtual space
# Possible reasons:
#   The system is out of physical RAM or swap space
#   This process is running with CompressedOops enabled, and the Java Heap may be blocking the growth of the native heap
# Possible solutions:
#   Reduce memory load on the system
#   Increase physical memory or swap space
#   Check if swap backing store is full
#   Decrease Java heap size (-Xmx/-Xms)
#   Decrease number of Java threads
#   Decrease Java thread stack sizes (-Xss)
#   Set larger code cache with -XX:ReservedCodeCacheSize=
#   JVM is running with Unscaled Compressed Oops mode in which the Java heap is
#     placed in the first 4GB address space. The Java Heap base address is the
#     maximum limit for the native heap growth. Please use -XX:HeapBaseMinAddress
#     to set the Java Heap base and to place the Java Heap above 4GB virtual address.
# This output file may be truncated or incomplete.
#
#  Out of Memory Error (os_windows.cpp:3703), pid=4944, tid=22788
#
# JRE version: Java(TM) SE Runtime Environment (23.0+37) (build 23+37-2369)
# Java VM: Java HotSpot(TM) 64-Bit Server VM (23+37-2369, mixed mode, sharing, tiered, compressed oops, compressed class ptrs, g1 gc, windows-amd64)
# No core dump will be written. Minidumps are not enabled by default on client versions of Windows
#

---------------  S U M M A R Y ------------

Command Line: -Dfile.encoding=UTF-8 --module-path=C:\Java\javafx-sdk-23\lb --add-modules=javafx.controls,javafx.fxml --module-path=C:\Users\Lynneth Dela Cerna\Downloads\openjfx-23_windows-x64_bin-sdk\javafx-sdk-23\lib\javafx-swt.jar;C:\Users\Lynneth Dela Cerna\Downloads\openjfx-23_windows-x64_bin-sdk\javafx-sdk-23\lib\javafx.base.jar;C:\Users\Lynneth Dela Cerna\Downloads\openjfx-23_windows-x64_bin-sdk\javafx-sdk-23\lib\javafx.controls.jar;C:\Users\Lynneth Dela Cerna\Downloads\openjfx-23_windows-x64_bin-sdk\javafx-sdk-23\lib\javafx.fxml.jar;C:\Users\Lynneth Dela Cerna\Downloads\openjfx-23_windows-x64_bin-sdk\javafx-sdk-23\lib\javafx.graphics.jar;C:\Users\Lynneth Dela Cerna\Downloads\openjfx-23_windows-x64_bin-sdk\javafx-sdk-23\lib\javafx.media.jar;C:\Users\Lynneth Dela Cerna\Downloads\openjfx-23_windows-x64_bin-sdk\javafx-sdk-23\lib\javafx.swing.jar;C:\Users\Lynneth Dela Cerna\Downloads\openjfx-23_windows-x64_bin-sdk\javafx-sdk-23\lib\javafx.web.jar IDE.JavaFXMainClass

Host: 12th Gen Intel(R) Core(TM) i5-1235U, 12 cores, 7G,  Windows 11 , 64 bit Build 22621 (10.0.22621.4391)
Time: Tue Dec  3 05:26:28 2024 Malay Peninsula Standard Time elapsed time: 3.658490 seconds (0d 0h 0m 3s)

---------------  T H R E A D  ---------------

Current thread (0x000001a3f2ebd830):  VMThread "VM Thread"          [id=22788, stack(0x0000009720700000,0x0000009720800000) (1024K)]

Stack: [0x0000009720700000,0x0000009720800000]
Native frames: (J=compiled Java code, j=interpreted, Vv=VM code, C=native code)
V  [jvm.dll+0x6e08a9]  (no source info available)
V  [jvm.dll+0x87da63]  (no source info available)
V  [jvm.dll+0x87feee]  (no source info available)
V  [jvm.dll+0x8805c3]  (no source info available)
V  [jvm.dll+0x27aee6]  (no source info available)
V  [jvm.dll+0x6dd1b5]  (no source info available)
V  [jvm.dll+0x6d103a]  (no source info available)
V  [jvm.dll+0x35b3ea]  (no source info available)
V  [jvm.dll+0x3637f6]  (no source info available)
V  [jvm.dll+0x34fd5e]  (no source info available)
V  [jvm.dll+0x34fff8]  (no source info available)
V  [jvm.dll+0x3289cc]  (no source info available)
V  [jvm.dll+0x328a5a]  (no source info available)
V  [jvm.dll+0x374c92]  (no source info available)
V  [jvm.dll+0x373392]  (no source info available)
V  [jvm.dll+0x3281a7]  (no source info available)
V  [jvm.dll+0x372e58]  (no source info available)
V  [jvm.dll+0x886500]  (no source info available)
V  [jvm.dll+0x887827]  (no source info available)
V  [jvm.dll+0x887d58]  (no source info available)
V  [jvm.dll+0x887ff3]  (no source info available)
V  [jvm.dll+0x824f1b]  (no source info available)
V  [jvm.dll+0x6df055]  (no source info available)
C  [ucrtbase.dll+0x29333]  (no source info available)
C  [KERNEL32.DLL+0x1259d]  (no source info available)
C  [ntdll.dll+0x5af38]  (no source info available)

VM_Operation (0x00000097218fc548): G1TryInitiateConcMark, mode: safepoint, requested by thread 0x000001a3c5adc8f0


---------------  P R O C E S S  ---------------

Threads class SMR info:
_java_thread_list=0x000001a3c5cdf980, length=16, elements={
0x000001a3d3b2c990, 0x000001a3f2ed9600, 0x000001a3f2eda3c0, 0x000001a3f2edc620,
0x000001a3f2ede310, 0x000001a3f2ee7ec0, 0x000001a3f2ee8920, 0x000001a3f2ef5280,
0x000001a3f2ef5e60, 0x000001a3f2eae650, 0x000001a3c52635d0, 0x000001a3c5673340,
0x000001a3c5acbc50, 0x000001a3c5adc8f0, 0x000001a3c5ce07a0, 0x000001a3c5ce1220
}

Java Threads: ( => current thread )
  0x000001a3d3b2c990 JavaThread "main"                              [_thread_blocked, id=23960, stack(0x0000009720000000,0x0000009720100000) (1024K)]
  0x000001a3f2ed9600 JavaThread "Reference Handler"          daemon [_thread_blocked, id=7352, stack(0x0000009720800000,0x0000009720900000) (1024K)]
  0x000001a3f2eda3c0 JavaThread "Finalizer"                  daemon [_thread_blocked, id=28544, stack(0x0000009720900000,0x0000009720a00000) (1024K)]
  0x000001a3f2edc620 JavaThread "Signal Dispatcher"          daemon [_thread_blocked, id=30436, stack(0x0000009720a00000,0x0000009720b00000) (1024K)]
  0x000001a3f2ede310 JavaThread "Attach Listener"            daemon [_thread_blocked, id=9704, stack(0x0000009720b00000,0x0000009720c00000) (1024K)]
  0x000001a3f2ee7ec0 JavaThread "Service Thread"             daemon [_thread_blocked, id=14572, stack(0x0000009720c00000,0x0000009720d00000) (1024K)]
  0x000001a3f2ee8920 JavaThread "Monitor Deflation Thread"   daemon [_thread_blocked, id=13184, stack(0x0000009720d00000,0x0000009720e00000) (1024K)]
  0x000001a3f2ef5280 JavaThread "C2 CompilerThread0"         daemon [_thread_blocked, id=18236, stack(0x0000009720e00000,0x0000009720f00000) (1024K)]
  0x000001a3f2ef5e60 JavaThread "C1 CompilerThread0"         daemon [_thread_blocked, id=24980, stack(0x0000009720f00000,0x0000009721000000) (1024K)]
  0x000001a3f2eae650 JavaThread "Common-Cleaner"             daemon [_thread_blocked, id=19908, stack(0x0000009721000000,0x0000009721100000) (1024K)]
  0x000001a3c52635d0 JavaThread "Notification Thread"        daemon [_thread_blocked, id=9168, stack(0x0000009721100000,0x0000009721200000) (1024K)]
  0x000001a3c5673340 JavaThread "QuantumRenderer-0"          daemon [_thread_blocked, id=18780, stack(0x0000009721200000,0x0000009721300000) (1024K)]
  0x000001a3c5acbc50 JavaThread "InvokeLaterDispatcher"      daemon [_thread_blocked, id=20632, stack(0x0000009721700000,0x0000009721800000) (1024K)]
  0x000001a3c5adc8f0 JavaThread "JavaFX Application Thread"         [_thread_blocked, id=14296, stack(0x0000009721800000,0x0000009721900000) (1024K)]
  0x000001a3c5ce07a0 JavaThread "JavaFX-Launcher"                   [_thread_blocked, id=11960, stack(0x0000009721b00000,0x0000009721c00000) (1024K)]
  0x000001a3c5ce1220 JavaThread "Thread-2"                   daemon [_thread_blocked, id=18592, stack(0x0000009721a00000,0x0000009721b00000) (1024K)]
Total: 16

Other Threads:
=>0x000001a3f2ebd830 VMThread "VM Thread"                           [id=22788, stack(0x0000009720700000,0x0000009720800000) (1024K)]
  0x000001a3f2eac210 WatcherThread "VM Periodic Task Thread"        [id=24968, stack(0x0000009720600000,0x0000009720700000) (1024K)]
  0x000001a3d5fd2e30 WorkerThread "GC Thread#0"                     [id=24088, stack(0x0000009720100000,0x0000009720200000) (1024K)]
  0x000001a3ce071540 WorkerThread "GC Thread#1"                     [id=16500, stack(0x0000009721c00000,0x0000009721d00000) (1024K)]
  0x000001a3ce0718f0 WorkerThread "GC Thread#2"                     [id=8844, stack(0x0000009721d00000,0x0000009721e00000) (1024K)]
  0x000001a3ce071ca0 WorkerThread "GC Thread#3"                     [id=22864, stack(0x0000009721e00000,0x0000009721f00000) (1024K)]
  0x000001a3ce074060 WorkerThread "GC Thread#4"                     [id=23164, stack(0x0000009721f00000,0x0000009722000000) (1024K)]
  0x000001a3ce0647d0 WorkerThread "GC Thread#5"                     [id=8240, stack(0x0000009722000000,0x0000009722100000) (1024K)]
  0x000001a3ce065690 WorkerThread "GC Thread#6"                     [id=22036, stack(0x0000009722100000,0x0000009722200000) (1024K)]
  0x000001a3ce065df0 WorkerThread "GC Thread#7"                     [id=16088, stack(0x0000009722200000,0x0000009722300000) (1024K)]
  0x000001a3d5fe81c0 ConcurrentGCThread "G1 Main Marker"            [id=1120, stack(0x0000009720200000,0x0000009720300000) (1024K)]
  0x000001a3d5fe8e80 WorkerThread "G1 Conc#0"                       [id=21240, stack(0x0000009720300000,0x0000009720400000) (1024K)]
  0x000001a3ce064420 WorkerThread "G1 Conc#1"                       [id=25940, stack(0x0000009722300000,0x0000009722400000) (1024K)]
  0x000001a3ce064b80 WorkerThread "G1 Conc#2"                       [id=7140, stack(0x0000009722400000,0x0000009722500000) (1024K)]
  0x000001a3f2d7f560 ConcurrentGCThread "G1 Refine#0"               [id=9836, stack(0x0000009720400000,0x0000009720500000) (1024K)]
  0x000001a3f2d7fff0 ConcurrentGCThread "G1 Service"                [id=12652, stack(0x0000009720500000,0x0000009720600000) (1024K)]
Total: 16

Threads with active compile tasks:
Total: 0

VM state: at safepoint (normal execution)

VM Mutex/Monitor currently owned by a thread:  ([mutex/lock_event])
[0x00007ffe56413910] Threads_lock - owner thread: 0x000001a3f2ebd830
[0x00007ffe56413a10] Heap_lock - owner thread: 0x000001a3c5adc8f0

Heap address: 0x0000000085200000, size: 1966 MB, Compressed Oops mode: 32-bit

CDS archive(s) mapped at: [0x000001a380000000-0x000001a380d70000-0x000001a380d70000), size 14090240, SharedBaseAddress: 0x000001a380000000, ArchiveRelocationMode: 1.
Compressed class space mapped at: 0x000001a381000000-0x000001a3c1000000, reserved size: 1073741824
Narrow klass base: 0x000001a380000000, Narrow klass shift: 0, Narrow klass range: 0x41000000

GC Precious Log:
 CardTable entry size: 512
 Card Set container configuration: InlinePtr #cards 5 size 8 Array Of Cards #cards 10 size 36 Howl #buckets 4 coarsen threshold 1843 Howl Bitmap #cards 512 size 80 coarsen threshold 460 Card regions per heap region 1 cards per card region 2048
 CPUs: 12 total, 12 available
 Memory: 7863M
 Large Page Support: Disabled
 NUMA Support: Disabled
 Compressed Oops: Enabled (32-bit)
 Heap Region Size: 1M
 Heap Min Capacity: 8M
 Heap Initial Capacity: 124M
 Heap Max Capacity: 1966M
 Pre-touch: Disabled
 Parallel Workers: 10
 Concurrent Workers: 3
 Concurrent Refinement Workers: 10
 Periodic GC: Disabled

Heap:
 garbage-first heap   total reserved 2013184K, committed 276480K, used 169385K [0x0000000085200000, 0x0000000100000000)
  region size 1024K, 1 young (1024K), 1 survivors (1024K)
 Metaspace       used 7504K, committed 7744K, reserved 1114112K
  class space    used 921K, committed 1024K, reserved 1048576K

Heap Regions: E=young(eden), S=young(survivor), O=old, HS=humongous(starts), HC=humongous(continues), CS=collection set, F=free, TAMS=top-at-mark-start, PB=parsable bottom
|   0|0x0000000085200000, 0x0000000085300000, 0x0000000085300000|100%| O|  |TAMS 0x0000000085300000| PB 0x0000000085200000| Untracked |  0
|   1|0x0000000085300000, 0x0000000085400000, 0x0000000085400000|100%|HS|  |TAMS 0x0000000085400000| PB 0x0000000085300000| Complete |  0
|   2|0x0000000085400000, 0x0000000085500000, 0x0000000085500000|100%|HC|  |TAMS 0x0000000085500000| PB 0x0000000085400000| Complete |  0
|   3|0x0000000085500000, 0x0000000085600000, 0x0000000085600000|100%|HC|  |TAMS 0x0000000085600000| PB 0x0000000085500000| Complete |  0
|   4|0x0000000085600000, 0x0000000085700000, 0x0000000085700000|100%|HC|  |TAMS 0x0000000085700000| PB 0x0000000085600000| Complete |  0
|   5|0x0000000085700000, 0x0000000085800000, 0x0000000085800000|100%|HC|  |TAMS 0x0000000085800000| PB 0x0000000085700000| Complete |  0
|   6|0x0000000085800000, 0x0000000085900000, 0x0000000085900000|100%| O|  |TAMS 0x0000000085900000| PB 0x0000000085800000| Untracked |  0
|   7|0x0000000085900000, 0x0000000085944050, 0x0000000085a00000| 26%| O|  |TAMS 0x00000000859390f0| PB 0x0000000085900000| Untracked |  0
|   8|0x0000000085a00000, 0x0000000085b00000, 0x0000000085b00000|100%|HS|  |TAMS 0x0000000085b00000| PB 0x0000000085a00000| Complete |  0
|   9|0x0000000085b00000, 0x0000000085c00000, 0x0000000085c00000|100%|HC|  |TAMS 0x0000000085c00000| PB 0x0000000085b00000| Complete |  0
|  10|0x0000000085c00000, 0x0000000085d00000, 0x0000000085d00000|100%|HC|  |TAMS 0x0000000085d00000| PB 0x0000000085c00000| Complete |  0
|  11|0x0000000085d00000, 0x0000000085e00000, 0x0000000085e00000|100%|HC|  |TAMS 0x0000000085e00000| PB 0x0000000085d00000| Complete |  0
|  12|0x0000000085e00000, 0x0000000085f00000, 0x0000000085f00000|100%|HC|  |TAMS 0x0000000085f00000| PB 0x0000000085e00000| Complete |  0
|  13|0x0000000085f00000, 0x0000000086000000, 0x0000000086000000|100%|HS|  |TAMS 0x0000000086000000| PB 0x0000000085f00000| Complete |  0
|  14|0x0000000086000000, 0x0000000086100000, 0x0000000086100000|100%|HC|  |TAMS 0x0000000086100000| PB 0x0000000086000000| Complete |  0
|  15|0x0000000086100000, 0x0000000086200000, 0x0000000086200000|100%|HC|  |TAMS 0x0000000086200000| PB 0x0000000086100000| Complete |  0
|  16|0x0000000086200000, 0x0000000086300000, 0x0000000086300000|100%|HC|  |TAMS 0x0000000086300000| PB 0x0000000086200000| Complete |  0
|  17|0x0000000086300000, 0x0000000086400000, 0x0000000086400000|100%|HC|  |TAMS 0x0000000086400000| PB 0x0000000086300000| Complete |  0
|  18|0x0000000086400000, 0x0000000086500000, 0x0000000086500000|100%|HS|  |TAMS 0x0000000086500000| PB 0x0000000086400000| Complete |  0
|  19|0x0000000086500000, 0x0000000086600000, 0x0000000086600000|100%|HC|  |TAMS 0x0000000086600000| PB 0x0000000086500000| Complete |  0
|  20|0x0000000086600000, 0x0000000086700000, 0x0000000086700000|100%|HC|  |TAMS 0x0000000086700000| PB 0x0000000086600000| Complete |  0
|  21|0x0000000086700000, 0x0000000086800000, 0x0000000086800000|100%|HC|  |TAMS 0x0000000086800000| PB 0x0000000086700000| Complete |  0
|  22|0x0000000086800000, 0x0000000086900000, 0x0000000086900000|100%|HC|  |TAMS 0x0000000086900000| PB 0x0000000086800000| Complete |  0
|  23|0x0000000086900000, 0x0000000086a00000, 0x0000000086a00000|100%|HS|  |TAMS 0x0000000086a00000| PB 0x0000000086900000| Complete |  0
|  24|0x0000000086a00000, 0x0000000086b00000, 0x0000000086b00000|100%|HC|  |TAMS 0x0000000086b00000| PB 0x0000000086a00000| Complete |  0
|  25|0x0000000086b00000, 0x0000000086c00000, 0x0000000086c00000|100%|HC|  |TAMS 0x0000000086c00000| PB 0x0000000086b00000| Complete |  0
|  26|0x0000000086c00000, 0x0000000086d00000, 0x0000000086d00000|100%|HC|  |TAMS 0x0000000086d00000| PB 0x0000000086c00000| Complete |  0
|  27|0x0000000086d00000, 0x0000000086e00000, 0x0000000086e00000|100%|HC|  |TAMS 0x0000000086e00000| PB 0x0000000086d00000| Complete |  0
|  28|0x0000000086e00000, 0x0000000086f00000, 0x0000000086f00000|100%|HS|  |TAMS 0x0000000086f00000| PB 0x0000000086e00000| Complete |  0
|  29|0x0000000086f00000, 0x0000000087000000, 0x0000000087000000|100%|HC|  |TAMS 0x0000000087000000| PB 0x0000000086f00000| Complete |  0
|  30|0x0000000087000000, 0x0000000087100000, 0x0000000087100000|100%|HC|  |TAMS 0x0000000087100000| PB 0x0000000087000000| Complete |  0
|  31|0x0000000087100000, 0x0000000087200000, 0x0000000087200000|100%|HC|  |TAMS 0x0000000087200000| PB 0x0000000087100000| Complete |  0
|  32|0x0000000087200000, 0x0000000087300000, 0x0000000087300000|100%|HC|  |TAMS 0x0000000087300000| PB 0x0000000087200000| Complete |  0
|  33|0x0000000087300000, 0x0000000087400000, 0x0000000087400000|100%|HS|  |TAMS 0x0000000087400000| PB 0x0000000087300000| Complete |  0
|  34|0x0000000087400000, 0x0000000087500000, 0x0000000087500000|100%|HC|  |TAMS 0x0000000087500000| PB 0x0000000087400000| Complete |  0
|  35|0x0000000087500000, 0x0000000087600000, 0x0000000087600000|100%|HC|  |TAMS 0x0000000087600000| PB 0x0000000087500000| Complete |  0
|  36|0x0000000087600000, 0x0000000087700000, 0x0000000087700000|100%|HC|  |TAMS 0x0000000087700000| PB 0x0000000087600000| Complete |  0
|  37|0x0000000087700000, 0x0000000087800000, 0x0000000087800000|100%|HC|  |TAMS 0x0000000087800000| PB 0x0000000087700000| Complete |  0
|  38|0x0000000087800000, 0x0000000087900000, 0x0000000087900000|100%|HS|  |TAMS 0x0000000087900000| PB 0x0000000087800000| Complete |  0
|  39|0x0000000087900000, 0x0000000087a00000, 0x0000000087a00000|100%|HC|  |TAMS 0x0000000087a00000| PB 0x0000000087900000| Complete |  0
|  40|0x0000000087a00000, 0x0000000087b00000, 0x0000000087b00000|100%|HC|  |TAMS 0x0000000087b00000| PB 0x0000000087a00000| Complete |  0
|  41|0x0000000087b00000, 0x0000000087c00000, 0x0000000087c00000|100%|HC|  |TAMS 0x0000000087c00000| PB 0x0000000087b00000| Complete |  0
|  42|0x0000000087c00000, 0x0000000087d00000, 0x0000000087d00000|100%|HC|  |TAMS 0x0000000087d00000| PB 0x0000000087c00000| Complete |  0
|  43|0x0000000087d00000, 0x0000000087e00000, 0x0000000087e00000|100%|HS|  |TAMS 0x0000000087e00000| PB 0x0000000087d00000| Complete |  0
|  44|0x0000000087e00000, 0x0000000087f00000, 0x0000000087f00000|100%|HC|  |TAMS 0x0000000087f00000| PB 0x0000000087e00000| Complete |  0
|  45|0x0000000087f00000, 0x0000000088000000, 0x0000000088000000|100%|HC|  |TAMS 0x0000000088000000| PB 0x0000000087f00000| Complete |  0
|  46|0x0000000088000000, 0x0000000088100000, 0x0000000088100000|100%|HC|  |TAMS 0x0000000088100000| PB 0x0000000088000000| Complete |  0
|  47|0x0000000088100000, 0x0000000088200000, 0x0000000088200000|100%|HC|  |TAMS 0x0000000088200000| PB 0x0000000088100000| Complete |  0
|  48|0x0000000088200000, 0x0000000088300000, 0x0000000088300000|100%|HS|  |TAMS 0x0000000088300000| PB 0x0000000088200000| Complete |  0
|  49|0x0000000088300000, 0x0000000088400000, 0x0000000088400000|100%|HC|  |TAMS 0x0000000088400000| PB 0x0000000088300000| Complete |  0
|  50|0x0000000088400000, 0x0000000088500000, 0x0000000088500000|100%|HC|  |TAMS 0x0000000088500000| PB 0x0000000088400000| Complete |  0
|  51|0x0000000088500000, 0x0000000088600000, 0x0000000088600000|100%|HC|  |TAMS 0x0000000088600000| PB 0x0000000088500000| Complete |  0
|  52|0x0000000088600000, 0x0000000088700000, 0x0000000088700000|100%|HC|  |TAMS 0x0000000088700000| PB 0x0000000088600000| Complete |  0
|  53|0x0000000088700000, 0x0000000088800000, 0x0000000088800000|100%| O|  |TAMS 0x0000000088800000| PB 0x0000000088700000| Untracked |  0
|  54|0x0000000088800000, 0x0000000088900000, 0x0000000088900000|100%| O|  |TAMS 0x0000000088900000| PB 0x0000000088800000| Untracked |  0
|  55|0x0000000088900000, 0x0000000088a00000, 0x0000000088a00000|100%| O|  |TAMS 0x0000000088a00000| PB 0x0000000088900000| Untracked |  0
|  56|0x0000000088a00000, 0x0000000088b00000, 0x0000000088b00000|100%|HS|  |TAMS 0x0000000088b00000| PB 0x0000000088a00000| Complete |  0
|  57|0x0000000088b00000, 0x0000000088c00000, 0x0000000088c00000|100%|HC|  |TAMS 0x0000000088c00000| PB 0x0000000088b00000| Complete |  0
|  58|0x0000000088c00000, 0x0000000088d00000, 0x0000000088d00000|100%|HC|  |TAMS 0x0000000088d00000| PB 0x0000000088c00000| Complete |  0
|  59|0x0000000088d00000, 0x0000000088e00000, 0x0000000088e00000|100%|HC|  |TAMS 0x0000000088e00000| PB 0x0000000088d00000| Complete |  0
|  60|0x0000000088e00000, 0x0000000088f00000, 0x0000000088f00000|100%|HC|  |TAMS 0x0000000088f00000| PB 0x0000000088e00000| Complete |  0
|  61|0x0000000088f00000, 0x0000000089000000, 0x0000000089000000|100%|HS|  |TAMS 0x0000000089000000| PB 0x0000000088f00000| Complete |  0
|  62|0x0000000089000000, 0x0000000089100000, 0x0000000089100000|100%|HC|  |TAMS 0x0000000089100000| PB 0x0000000089000000| Complete |  0
|  63|0x0000000089100000, 0x0000000089200000, 0x0000000089200000|100%|HC|  |TAMS 0x0000000089200000| PB 0x0000000089100000| Complete |  0
|  64|0x0000000089200000, 0x0000000089300000, 0x0000000089300000|100%|HC|  |TAMS 0x0000000089300000| PB 0x0000000089200000| Complete |  0
|  65|0x0000000089300000, 0x0000000089400000, 0x0000000089400000|100%|HC|  |TAMS 0x0000000089400000| PB 0x0000000089300000| Complete |  0
|  66|0x0000000089400000, 0x0000000089500000, 0x0000000089500000|100%|HS|  |TAMS 0x0000000089500000| PB 0x0000000089400000| Complete |  0
|  67|0x0000000089500000, 0x0000000089600000, 0x0000000089600000|100%|HC|  |TAMS 0x0000000089600000| PB 0x0000000089500000| Complete |  0
|  68|0x0000000089600000, 0x0000000089700000, 0x0000000089700000|100%|HC|  |TAMS 0x0000000089700000| PB 0x0000000089600000| Complete |  0
|  69|0x0000000089700000, 0x0000000089800000, 0x0000000089800000|100%|HC|  |TAMS 0x0000000089800000| PB 0x0000000089700000| Complete |  0
|  70|0x0000000089800000, 0x0000000089900000, 0x0000000089900000|100%|HC|  |TAMS 0x0000000089900000| PB 0x0000000089800000| Complete |  0
|  71|0x0000000089900000, 0x0000000089a00000, 0x0000000089a00000|100%|HS|  |TAMS 0x0000000089a00000| PB 0x0000000089900000| Complete |  0
|  72|0x0000000089a00000, 0x0000000089b00000, 0x0000000089b00000|100%|HC|  |TAMS 0x0000000089b00000| PB 0x0000000089a00000| Complete |  0
|  73|0x0000000089b00000, 0x0000000089c00000, 0x0000000089c00000|100%|HC|  |TAMS 0x0000000089c00000| PB 0x0000000089b00000| Complete |  0
|  74|0x0000000089c00000, 0x0000000089d00000, 0x0000000089d00000|100%|HC|  |TAMS 0x0000000089d00000| PB 0x0000000089c00000| Complete |  0
|  75|0x0000000089d00000, 0x0000000089e00000, 0x0000000089e00000|100%|HC|  |TAMS 0x0000000089e00000| PB 0x0000000089d00000| Complete |  0
|  76|0x0000000089e00000, 0x0000000089f00000, 0x0000000089f00000|100%|HS|  |TAMS 0x0000000089f00000| PB 0x0000000089e00000| Complete |  0
|  77|0x0000000089f00000, 0x000000008a000000, 0x000000008a000000|100%|HC|  |TAMS 0x000000008a000000| PB 0x0000000089f00000| Complete |  0
|  78|0x000000008a000000, 0x000000008a100000, 0x000000008a100000|100%|HC|  |TAMS 0x000000008a100000| PB 0x000000008a000000| Complete |  0
|  79|0x000000008a100000, 0x000000008a200000, 0x000000008a200000|100%|HC|  |TAMS 0x000000008a200000| PB 0x000000008a100000| Complete |  0
|  80|0x000000008a200000, 0x000000008a300000, 0x000000008a300000|100%|HC|  |TAMS 0x000000008a300000| PB 0x000000008a200000| Complete |  0
|  81|0x000000008a300000, 0x000000008a400000, 0x000000008a400000|100%|HS|  |TAMS 0x000000008a400000| PB 0x000000008a300000| Complete |  0
|  82|0x000000008a400000, 0x000000008a500000, 0x000000008a500000|100%|HC|  |TAMS 0x000000008a500000| PB 0x000000008a400000| Complete |  0
|  83|0x000000008a500000, 0x000000008a600000, 0x000000008a600000|100%|HC|  |TAMS 0x000000008a600000| PB 0x000000008a500000| Complete |  0
|  84|0x000000008a600000, 0x000000008a700000, 0x000000008a700000|100%|HC|  |TAMS 0x000000008a700000| PB 0x000000008a600000| Complete |  0
|  85|0x000000008a700000, 0x000000008a800000, 0x000000008a800000|100%|HC|  |TAMS 0x000000008a800000| PB 0x000000008a700000| Complete |  0
|  86|0x000000008a800000, 0x000000008a900000, 0x000000008a900000|100%|HS|  |TAMS 0x000000008a900000| PB 0x000000008a800000| Complete |  0
|  87|0x000000008a900000, 0x000000008aa00000, 0x000000008aa00000|100%|HC|  |TAMS 0x000000008aa00000| PB 0x000000008a900000| Complete |  0
|  88|0x000000008aa00000, 0x000000008ab00000, 0x000000008ab00000|100%|HC|  |TAMS 0x000000008ab00000| PB 0x000000008aa00000| Complete |  0
|  89|0x000000008ab00000, 0x000000008ac00000, 0x000000008ac00000|100%|HC|  |TAMS 0x000000008ac00000| PB 0x000000008ab00000| Complete |  0
|  90|0x000000008ac00000, 0x000000008ad00000, 0x000000008ad00000|100%|HC|  |TAMS 0x000000008ad00000| PB 0x000000008ac00000| Complete |  0
|  91|0x000000008ad00000, 0x000000008ae00000, 0x000000008ae00000|100%|HS|  |TAMS 0x000000008ae00000| PB 0x000000008ad00000| Complete |  0
|  92|0x000000008ae00000, 0x000000008af00000, 0x000000008af00000|100%|HC|  |TAMS 0x000000008af00000| PB 0x000000008ae00000| Complete |  0
|  93|0x000000008af00000, 0x000000008b000000, 0x000000008b000000|100%|HC|  |TAMS 0x000000008b000000| PB 0x000000008af00000| Complete |  0
|  94|0x000000008b000000, 0x000000008b100000, 0x000000008b100000|100%|HC|  |TAMS 0x000000008b100000| PB 0x000000008b000000| Complete |  0
|  95|0x000000008b100000, 0x000000008b200000, 0x000000008b200000|100%|HC|  |TAMS 0x000000008b200000| PB 0x000000008b100000| Complete |  0
|  96|0x000000008b200000, 0x000000008b300000, 0x000000008b300000|100%|HS|  |TAMS 0x000000008b300000| PB 0x000000008b200000| Complete |  0
|  97|0x000000008b300000, 0x000000008b400000, 0x000000008b400000|100%|HC|  |TAMS 0x000000008b400000| PB 0x000000008b300000| Complete |  0
|  98|0x000000008b400000, 0x000000008b500000, 0x000000008b500000|100%|HC|  |TAMS 0x000000008b500000| PB 0x000000008b400000| Complete |  0
|  99|0x000000008b500000, 0x000000008b600000, 0x000000008b600000|100%|HC|  |TAMS 0x000000008b600000| PB 0x000000008b500000| Complete |  0
| 100|0x000000008b600000, 0x000000008b700000, 0x000000008b700000|100%|HC|  |TAMS 0x000000008b700000| PB 0x000000008b600000| Complete |  0
| 101|0x000000008b700000, 0x000000008b800000, 0x000000008b800000|100%|HS|  |TAMS 0x000000008b800000| PB 0x000000008b700000| Complete |  0
| 102|0x000000008b800000, 0x000000008b900000, 0x000000008b900000|100%|HC|  |TAMS 0x000000008b900000| PB 0x000000008b800000| Complete |  0
| 103|0x000000008b900000, 0x000000008ba00000, 0x000000008ba00000|100%|HC|  |TAMS 0x000000008ba00000| PB 0x000000008b900000| Complete |  0
| 104|0x000000008ba00000, 0x000000008bb00000, 0x000000008bb00000|100%|HC|  |TAMS 0x000000008bb00000| PB 0x000000008ba00000| Complete |  0
| 105|0x000000008bb00000, 0x000000008bc00000, 0x000000008bc00000|100%|HC|  |TAMS 0x000000008bc00000| PB 0x000000008bb00000| Complete |  0
| 106|0x000000008bc00000, 0x000000008bd00000, 0x000000008bd00000|100%|HS|  |TAMS 0x000000008bd00000| PB 0x000000008bc00000| Complete |  0
| 107|0x000000008bd00000, 0x000000008be00000, 0x000000008be00000|100%|HC|  |TAMS 0x000000008be00000| PB 0x000000008bd00000| Complete |  0
| 108|0x000000008be00000, 0x000000008bf00000, 0x000000008bf00000|100%|HC|  |TAMS 0x000000008bf00000| PB 0x000000008be00000| Complete |  0
| 109|0x000000008bf00000, 0x000000008c000000, 0x000000008c000000|100%|HC|  |TAMS 0x000000008c000000| PB 0x000000008bf00000| Complete |  0
| 110|0x000000008c000000, 0x000000008c100000, 0x000000008c100000|100%|HC|  |TAMS 0x000000008c100000| PB 0x000000008c000000| Complete |  0
| 111|0x000000008c100000, 0x000000008c200000, 0x000000008c200000|100%|HS|  |TAMS 0x000000008c200000| PB 0x000000008c100000| Complete |  0
| 112|0x000000008c200000, 0x000000008c300000, 0x000000008c300000|100%|HC|  |TAMS 0x000000008c300000| PB 0x000000008c200000| Complete |  0
| 113|0x000000008c300000, 0x000000008c400000, 0x000000008c400000|100%|HC|  |TAMS 0x000000008c400000| PB 0x000000008c300000| Complete |  0
| 114|0x000000008c400000, 0x000000008c500000, 0x000000008c500000|100%|HC|  |TAMS 0x000000008c500000| PB 0x000000008c400000| Complete |  0
| 115|0x000000008c500000, 0x000000008c600000, 0x000000008c600000|100%|HC|  |TAMS 0x000000008c600000| PB 0x000000008c500000| Complete |  0
| 116|0x000000008c600000, 0x000000008c700000, 0x000000008c700000|100%|HS|  |TAMS 0x000000008c700000| PB 0x000000008c600000| Complete |  0
| 117|0x000000008c700000, 0x000000008c800000, 0x000000008c800000|100%|HC|  |TAMS 0x000000008c800000| PB 0x000000008c700000| Complete |  0
| 118|0x000000008c800000, 0x000000008c900000, 0x000000008c900000|100%|HC|  |TAMS 0x000000008c900000| PB 0x000000008c800000| Complete |  0
| 119|0x000000008c900000, 0x000000008ca00000, 0x000000008ca00000|100%|HC|  |TAMS 0x000000008ca00000| PB 0x000000008c900000| Complete |  0
| 120|0x000000008ca00000, 0x000000008cb00000, 0x000000008cb00000|100%|HC|  |TAMS 0x000000008cb00000| PB 0x000000008ca00000| Complete |  0
| 121|0x000000008cb00000, 0x000000008cc00000, 0x000000008cc00000|100%|HS|  |TAMS 0x000000008cc00000| PB 0x000000008cb00000| Complete |  0
| 122|0x000000008cc00000, 0x000000008cd00000, 0x000000008cd00000|100%|HC|  |TAMS 0x000000008cd00000| PB 0x000000008cc00000| Complete |  0
| 123|0x000000008cd00000, 0x000000008ce00000, 0x000000008ce00000|100%|HC|  |TAMS 0x000000008ce00000| PB 0x000000008cd00000| Complete |  0
| 124|0x000000008ce00000, 0x000000008cf00000, 0x000000008cf00000|100%|HC|  |TAMS 0x000000008cf00000| PB 0x000000008ce00000| Complete |  0
| 125|0x000000008cf00000, 0x000000008d000000, 0x000000008d000000|100%|HC|  |TAMS 0x000000008d000000| PB 0x000000008cf00000| Complete |  0
| 126|0x000000008d000000, 0x000000008d100000, 0x000000008d100000|100%|HS|  |TAMS 0x000000008d100000| PB 0x000000008d000000| Complete |  0
| 127|0x000000008d100000, 0x000000008d200000, 0x000000008d200000|100%|HC|  |TAMS 0x000000008d200000| PB 0x000000008d100000| Complete |  0
| 128|0x000000008d200000, 0x000000008d300000, 0x000000008d300000|100%|HC|  |TAMS 0x000000008d300000| PB 0x000000008d200000| Complete |  0
| 129|0x000000008d300000, 0x000000008d400000, 0x000000008d400000|100%|HC|  |TAMS 0x000000008d400000| PB 0x000000008d300000| Complete |  0
| 130|0x000000008d400000, 0x000000008d500000, 0x000000008d500000|100%|HC|  |TAMS 0x000000008d500000| PB 0x000000008d400000| Complete |  0
| 131|0x000000008d500000, 0x000000008d600000, 0x000000008d600000|100%|HS|  |TAMS 0x000000008d600000| PB 0x000000008d500000| Complete |  0
| 132|0x000000008d600000, 0x000000008d700000, 0x000000008d700000|100%|HC|  |TAMS 0x000000008d700000| PB 0x000000008d600000| Complete |  0
| 133|0x000000008d700000, 0x000000008d800000, 0x000000008d800000|100%|HC|  |TAMS 0x000000008d800000| PB 0x000000008d700000| Complete |  0
| 134|0x000000008d800000, 0x000000008d900000, 0x000000008d900000|100%|HC|  |TAMS 0x000000008d900000| PB 0x000000008d800000| Complete |  0
| 135|0x000000008d900000, 0x000000008da00000, 0x000000008da00000|100%|HC|  |TAMS 0x000000008da00000| PB 0x000000008d900000| Complete |  0
| 136|0x000000008da00000, 0x000000008db00000, 0x000000008db00000|100%|HS|  |TAMS 0x000000008db00000| PB 0x000000008da00000| Complete |  0
| 137|0x000000008db00000, 0x000000008dc00000, 0x000000008dc00000|100%|HC|  |TAMS 0x000000008dc00000| PB 0x000000008db00000| Complete |  0
| 138|0x000000008dc00000, 0x000000008dd00000, 0x000000008dd00000|100%|HC|  |TAMS 0x000000008dd00000| PB 0x000000008dc00000| Complete |  0
| 139|0x000000008dd00000, 0x000000008de00000, 0x000000008de00000|100%|HC|  |TAMS 0x000000008de00000| PB 0x000000008dd00000| Complete |  0
| 140|0x000000008de00000, 0x000000008df00000, 0x000000008df00000|100%|HC|  |TAMS 0x000000008df00000| PB 0x000000008de00000| Complete |  0
| 141|0x000000008df00000, 0x000000008e000000, 0x000000008e000000|100%|HS|  |TAMS 0x000000008e000000| PB 0x000000008df00000| Complete |  0
| 142|0x000000008e000000, 0x000000008e100000, 0x000000008e100000|100%|HC|  |TAMS 0x000000008e100000| PB 0x000000008e000000| Complete |  0
| 143|0x000000008e100000, 0x000000008e200000, 0x000000008e200000|100%|HC|  |TAMS 0x000000008e200000| PB 0x000000008e100000| Complete |  0
| 144|0x000000008e200000, 0x000000008e300000, 0x000000008e300000|100%|HC|  |TAMS 0x000000008e300000| PB 0x000000008e200000| Complete |  0
| 145|0x000000008e300000, 0x000000008e400000, 0x000000008e400000|100%|HC|  |TAMS 0x000000008e400000| PB 0x000000008e300000| Complete |  0
| 146|0x000000008e400000, 0x000000008e500000, 0x000000008e500000|100%|HS|  |TAMS 0x000000008e500000| PB 0x000000008e400000| Complete |  0
| 147|0x000000008e500000, 0x000000008e600000, 0x000000008e600000|100%|HC|  |TAMS 0x000000008e600000| PB 0x000000008e500000| Complete |  0
| 148|0x000000008e600000, 0x000000008e700000, 0x000000008e700000|100%|HC|  |TAMS 0x000000008e700000| PB 0x000000008e600000| Complete |  0
| 149|0x000000008e700000, 0x000000008e800000, 0x000000008e800000|100%|HC|  |TAMS 0x000000008e800000| PB 0x000000008e700000| Complete |  0
| 150|0x000000008e800000, 0x000000008e900000, 0x000000008e900000|100%|HC|  |TAMS 0x000000008e900000| PB 0x000000008e800000| Complete |  0
| 151|0x000000008e900000, 0x000000008ea00000, 0x000000008ea00000|100%|HS|  |TAMS 0x000000008ea00000| PB 0x000000008e900000| Complete |  0
| 152|0x000000008ea00000, 0x000000008eb00000, 0x000000008eb00000|100%|HC|  |TAMS 0x000000008eb00000| PB 0x000000008ea00000| Complete |  0
| 153|0x000000008eb00000, 0x000000008ec00000, 0x000000008ec00000|100%|HC|  |TAMS 0x000000008ec00000| PB 0x000000008eb00000| Complete |  0
| 154|0x000000008ec00000, 0x000000008ed00000, 0x000000008ed00000|100%|HC|  |TAMS 0x000000008ed00000| PB 0x000000008ec00000| Complete |  0
| 155|0x000000008ed00000, 0x000000008ee00000, 0x000000008ee00000|100%|HC|  |TAMS 0x000000008ee00000| PB 0x000000008ed00000| Complete |  0
| 156|0x000000008ee00000, 0x000000008ef00000, 0x000000008ef00000|100%|HS|  |TAMS 0x000000008ef00000| PB 0x000000008ee00000| Complete |  0
| 157|0x000000008ef00000, 0x000000008f000000, 0x000000008f000000|100%|HC|  |TAMS 0x000000008f000000| PB 0x000000008ef00000| Complete |  0
| 158|0x000000008f000000, 0x000000008f100000, 0x000000008f100000|100%|HC|  |TAMS 0x000000008f100000| PB 0x000000008f000000| Complete |  0
| 159|0x000000008f100000, 0x000000008f200000, 0x000000008f200000|100%|HC|  |TAMS 0x000000008f200000| PB 0x000000008f100000| Complete |  0
| 160|0x000000008f200000, 0x000000008f300000, 0x000000008f300000|100%|HC|  |TAMS 0x000000008f300000| PB 0x000000008f200000| Complete |  0
| 161|0x000000008f300000, 0x000000008f400000, 0x000000008f400000|100%|HS|  |TAMS 0x000000008f400000| PB 0x000000008f300000| Complete |  0
| 162|0x000000008f400000, 0x000000008f500000, 0x000000008f500000|100%|HC|  |TAMS 0x000000008f500000| PB 0x000000008f400000| Complete |  0
| 163|0x000000008f500000, 0x000000008f600000, 0x000000008f600000|100%|HC|  |TAMS 0x000000008f600000| PB 0x000000008f500000| Complete |  0
| 164|0x000000008f600000, 0x000000008f700000, 0x000000008f700000|100%|HC|  |TAMS 0x000000008f700000| PB 0x000000008f600000| Complete |  0
| 165|0x000000008f700000, 0x000000008f800000, 0x000000008f800000|100%|HC|  |TAMS 0x000000008f800000| PB 0x000000008f700000| Complete |  0
| 166|0x000000008f800000, 0x000000008f800000, 0x000000008f900000|  0%| F|  |TAMS 0x000000008f800000| PB 0x000000008f800000| Untracked |  0
| 167|0x000000008f900000, 0x000000008f900000, 0x000000008fa00000|  0%| F|  |TAMS 0x000000008f900000| PB 0x000000008f900000| Untracked |  0
| 168|0x000000008fa00000, 0x000000008fa00000, 0x000000008fb00000|  0%| F|  |TAMS 0x000000008fa00000| PB 0x000000008fa00000| Untracked |  0
| 169|0x000000008fb00000, 0x000000008fb00000, 0x000000008fc00000|  0%| F|  |TAMS 0x000000008fb00000| PB 0x000000008fb00000| Untracked |  0
| 170|0x000000008fc00000, 0x000000008fc00000, 0x000000008fd00000|  0%| F|  |TAMS 0x000000008fc00000| PB 0x000000008fc00000| Untracked |  0
| 171|0x000000008fd00000, 0x000000008fd00000, 0x000000008fe00000|  0%| F|  |TAMS 0x000000008fd00000| PB 0x000000008fd00000| Untracked |  0
| 172|0x000000008fe00000, 0x000000008fe00000, 0x000000008ff00000|  0%| F|  |TAMS 0x000000008fe00000| PB 0x000000008fe00000| Untracked |  0
| 173|0x000000008ff00000, 0x000000008ff00000, 0x0000000090000000|  0%| F|  |TAMS 0x000000008ff00000| PB 0x000000008ff00000| Untracked |  0
| 174|0x0000000090000000, 0x0000000090000000, 0x0000000090100000|  0%| F|  |TAMS 0x0000000090000000| PB 0x0000000090000000| Untracked |  0
| 175|0x0000000090100000, 0x0000000090100000, 0x0000000090200000|  0%| F|  |TAMS 0x0000000090100000| PB 0x0000000090100000| Untracked |  0
| 176|0x0000000090200000, 0x0000000090200000, 0x0000000090300000|  0%| F|  |TAMS 0x0000000090200000| PB 0x0000000090200000| Untracked |  0
| 177|0x0000000090300000, 0x0000000090300000, 0x0000000090400000|  0%| F|  |TAMS 0x0000000090300000| PB 0x0000000090300000| Untracked |  0
| 178|0x0000000090400000, 0x0000000090400000, 0x0000000090500000|  0%| F|  |TAMS 0x0000000090400000| PB 0x0000000090400000| Untracked |  0
| 179|0x0000000090500000, 0x0000000090500000, 0x0000000090600000|  0%| F|  |TAMS 0x0000000090500000| PB 0x0000000090500000| Untracked |  0
| 180|0x0000000090600000, 0x0000000090600000, 0x0000000090700000|  0%| F|  |TAMS 0x0000000090600000| PB 0x0000000090600000| Untracked |  0
| 181|0x0000000090700000, 0x0000000090700000, 0x0000000090800000|  0%| F|  |TAMS 0x0000000090700000| PB 0x0000000090700000| Untracked |  0
| 182|0x0000000090800000, 0x0000000090800000, 0x0000000090900000|  0%| F|  |TAMS 0x0000000090800000| PB 0x0000000090800000| Untracked |  0
| 183|0x0000000090900000, 0x0000000090900000, 0x0000000090a00000|  0%| F|  |TAMS 0x0000000090900000| PB 0x0000000090900000| Untracked |  0
| 184|0x0000000090a00000, 0x0000000090a00000, 0x0000000090b00000|  0%| F|  |TAMS 0x0000000090a00000| PB 0x0000000090a00000| Untracked |  0
| 185|0x0000000090b00000, 0x0000000090b00000, 0x0000000090c00000|  0%| F|  |TAMS 0x0000000090b00000| PB 0x0000000090b00000| Untracked |  0
| 186|0x0000000090c00000, 0x0000000090c00000, 0x0000000090d00000|  0%| F|  |TAMS 0x0000000090c00000| PB 0x0000000090c00000| Untracked |  0
| 187|0x0000000090d00000, 0x0000000090d00000, 0x0000000090e00000|  0%| F|  |TAMS 0x0000000090d00000| PB 0x0000000090d00000| Untracked |  0
| 188|0x0000000090e00000, 0x0000000090e00000, 0x0000000090f00000|  0%| F|  |TAMS 0x0000000090e00000| PB 0x0000000090e00000| Untracked |  0
| 189|0x0000000090f00000, 0x0000000090f00000, 0x0000000091000000|  0%| F|  |TAMS 0x0000000090f00000| PB 0x0000000090f00000| Untracked |  0
| 190|0x0000000091000000, 0x0000000091000000, 0x0000000091100000|  0%| F|  |TAMS 0x0000000091000000| PB 0x0000000091000000| Untracked |  0
| 191|0x0000000091100000, 0x0000000091100000, 0x0000000091200000|  0%| F|  |TAMS 0x0000000091100000| PB 0x0000000091100000| Untracked |  0
| 192|0x0000000091200000, 0x0000000091200000, 0x0000000091300000|  0%| F|  |TAMS 0x0000000091200000| PB 0x0000000091200000| Untracked |  0
| 193|0x0000000091300000, 0x0000000091300000, 0x0000000091400000|  0%| F|  |TAMS 0x0000000091300000| PB 0x0000000091300000| Untracked |  0
| 194|0x0000000091400000, 0x0000000091400000, 0x0000000091500000|  0%| F|  |TAMS 0x0000000091400000| PB 0x0000000091400000| Untracked |  0
| 195|0x0000000091500000, 0x0000000091500000, 0x0000000091600000|  0%| F|  |TAMS 0x0000000091500000| PB 0x0000000091500000| Untracked |  0
| 196|0x0000000091600000, 0x0000000091600000, 0x0000000091700000|  0%| F|  |TAMS 0x0000000091600000| PB 0x0000000091600000| Untracked |  0
| 197|0x0000000091700000, 0x0000000091700000, 0x0000000091800000|  0%| F|  |TAMS 0x0000000091700000| PB 0x0000000091700000| Untracked |  0
| 198|0x0000000091800000, 0x0000000091800000, 0x0000000091900000|  0%| F|  |TAMS 0x0000000091800000| PB 0x0000000091800000| Untracked |  0
| 199|0x0000000091900000, 0x0000000091900000, 0x0000000091a00000|  0%| F|  |TAMS 0x0000000091900000| PB 0x0000000091900000| Untracked |  0
| 200|0x0000000091a00000, 0x0000000091a00000, 0x0000000091b00000|  0%| F|  |TAMS 0x0000000091a00000| PB 0x0000000091a00000| Untracked |  0
| 201|0x0000000091b00000, 0x0000000091b00000, 0x0000000091c00000|  0%| F|  |TAMS 0x0000000091b00000| PB 0x0000000091b00000| Untracked |  0
| 202|0x0000000091c00000, 0x0000000091c00000, 0x0000000091d00000|  0%| F|  |TAMS 0x0000000091c00000| PB 0x0000000091c00000| Untracked |  0
| 203|0x0000000091d00000, 0x0000000091d00000, 0x0000000091e00000|  0%| F|  |TAMS 0x0000000091d00000| PB 0x0000000091d00000| Untracked |  0
| 204|0x0000000091e00000, 0x0000000091e00000, 0x0000000091f00000|  0%| F|  |TAMS 0x0000000091e00000| PB 0x0000000091e00000| Untracked |  0
| 205|0x0000000091f00000, 0x0000000091f00000, 0x0000000092000000|  0%| F|  |TAMS 0x0000000091f00000| PB 0x0000000091f00000| Untracked |  0
| 206|0x0000000092000000, 0x0000000092000000, 0x0000000092100000|  0%| F|  |TAMS 0x0000000092000000| PB 0x0000000092000000| Untracked |  0
| 207|0x0000000092100000, 0x0000000092100000, 0x0000000092200000|  0%| F|  |TAMS 0x0000000092100000| PB 0x0000000092100000| Untracked |  0
| 208|0x0000000092200000, 0x0000000092200000, 0x0000000092300000|  0%| F|  |TAMS 0x0000000092200000| PB 0x0000000092200000| Untracked |  0
| 209|0x0000000092300000, 0x0000000092300000, 0x0000000092400000|  0%| F|  |TAMS 0x0000000092300000| PB 0x0000000092300000| Untracked |  0
| 210|0x0000000092400000, 0x0000000092400000, 0x0000000092500000|  0%| F|  |TAMS 0x0000000092400000| PB 0x0000000092400000| Untracked |  0
| 211|0x0000000092500000, 0x0000000092500000, 0x0000000092600000|  0%| F|  |TAMS 0x0000000092500000| PB 0x0000000092500000| Untracked |  0
| 212|0x0000000092600000, 0x0000000092600000, 0x0000000092700000|  0%| F|  |TAMS 0x0000000092600000| PB 0x0000000092600000| Untracked |  0
| 213|0x0000000092700000, 0x0000000092700000, 0x0000000092800000|  0%| F|  |TAMS 0x0000000092700000| PB 0x0000000092700000| Untracked |  0
| 214|0x0000000092800000, 0x0000000092800000, 0x0000000092900000|  0%| F|  |TAMS 0x0000000092800000| PB 0x0000000092800000| Untracked |  0
| 215|0x0000000092900000, 0x0000000092900000, 0x0000000092a00000|  0%| F|  |TAMS 0x0000000092900000| PB 0x0000000092900000| Untracked |  0
| 216|0x0000000092a00000, 0x0000000092a00000, 0x0000000092b00000|  0%| F|  |TAMS 0x0000000092a00000| PB 0x0000000092a00000| Untracked |  0
| 217|0x0000000092b00000, 0x0000000092b00000, 0x0000000092c00000|  0%| F|  |TAMS 0x0000000092b00000| PB 0x0000000092b00000| Untracked |  0
| 218|0x0000000092c00000, 0x0000000092c00000, 0x0000000092d00000|  0%| F|  |TAMS 0x0000000092c00000| PB 0x0000000092c00000| Untracked |  0
| 219|0x0000000092d00000, 0x0000000092d00000, 0x0000000092e00000|  0%| F|  |TAMS 0x0000000092d00000| PB 0x0000000092d00000| Untracked |  0
| 220|0x0000000092e00000, 0x0000000092e00000, 0x0000000092f00000|  0%| F|  |TAMS 0x0000000092e00000| PB 0x0000000092e00000| Untracked |  0
| 221|0x0000000092f00000, 0x0000000092f00000, 0x0000000093000000|  0%| F|  |TAMS 0x0000000092f00000| PB 0x0000000092f00000| Untracked |  0
| 222|0x0000000093000000, 0x0000000093000000, 0x0000000093100000|  0%| F|  |TAMS 0x0000000093000000| PB 0x0000000093000000| Untracked |  0
| 223|0x0000000093100000, 0x0000000093100000, 0x0000000093200000|  0%| F|  |TAMS 0x0000000093100000| PB 0x0000000093100000| Untracked |  0
| 224|0x0000000093200000, 0x0000000093200000, 0x0000000093300000|  0%| F|  |TAMS 0x0000000093200000| PB 0x0000000093200000| Untracked |  0
| 225|0x0000000093300000, 0x0000000093300000, 0x0000000093400000|  0%| F|  |TAMS 0x0000000093300000| PB 0x0000000093300000| Untracked |  0
| 226|0x0000000093400000, 0x0000000093400000, 0x0000000093500000|  0%| F|  |TAMS 0x0000000093400000| PB 0x0000000093400000| Untracked |  0
| 227|0x0000000093500000, 0x0000000093500000, 0x0000000093600000|  0%| F|  |TAMS 0x0000000093500000| PB 0x0000000093500000| Untracked |  0
| 228|0x0000000093600000, 0x0000000093600000, 0x0000000093700000|  0%| F|  |TAMS 0x0000000093600000| PB 0x0000000093600000| Untracked |  0
| 229|0x0000000093700000, 0x0000000093700000, 0x0000000093800000|  0%| F|  |TAMS 0x0000000093700000| PB 0x0000000093700000| Untracked |  0
| 230|0x0000000093800000, 0x0000000093800000, 0x0000000093900000|  0%| F|  |TAMS 0x0000000093800000| PB 0x0000000093800000| Untracked |  0
| 231|0x0000000093900000, 0x0000000093900000, 0x0000000093a00000|  0%| F|  |TAMS 0x0000000093900000| PB 0x0000000093900000| Untracked |  0
| 232|0x0000000093a00000, 0x0000000093a00000, 0x0000000093b00000|  0%| F|  |TAMS 0x0000000093a00000| PB 0x0000000093a00000| Untracked |  0
| 233|0x0000000093b00000, 0x0000000093b00000, 0x0000000093c00000|  0%| F|  |TAMS 0x0000000093b00000| PB 0x0000000093b00000| Untracked |  0
| 234|0x0000000093c00000, 0x0000000093c00000, 0x0000000093d00000|  0%| F|  |TAMS 0x0000000093c00000| PB 0x0000000093c00000| Untracked |  0
| 235|0x0000000093d00000, 0x0000000093d00000, 0x0000000093e00000|  0%| F|  |TAMS 0x0000000093d00000| PB 0x0000000093d00000| Untracked |  0
| 236|0x0000000093e00000, 0x0000000093e00000, 0x0000000093f00000|  0%| F|  |TAMS 0x0000000093e00000| PB 0x0000000093e00000| Untracked |  0
| 237|0x0000000093f00000, 0x0000000093f00000, 0x0000000094000000|  0%| F|  |TAMS 0x0000000093f00000| PB 0x0000000093f00000| Untracked |  0
| 238|0x0000000094000000, 0x0000000094000000, 0x0000000094100000|  0%| F|  |TAMS 0x0000000094000000| PB 0x0000000094000000| Untracked |  0
| 239|0x0000000094100000, 0x0000000094100000, 0x0000000094200000|  0%| F|  |TAMS 0x0000000094100000| PB 0x0000000094100000| Untracked |  0
| 240|0x0000000094200000, 0x0000000094200000, 0x0000000094300000|  0%| F|  |TAMS 0x0000000094200000| PB 0x0000000094200000| Untracked |  0
| 241|0x0000000094300000, 0x0000000094300000, 0x0000000094400000|  0%| F|  |TAMS 0x0000000094300000| PB 0x0000000094300000| Untracked |  0
| 242|0x0000000094400000, 0x0000000094400000, 0x0000000094500000|  0%| F|  |TAMS 0x0000000094400000| PB 0x0000000094400000| Untracked |  0
| 243|0x0000000094500000, 0x0000000094500000, 0x0000000094600000|  0%| F|  |TAMS 0x0000000094500000| PB 0x0000000094500000| Untracked |  0
| 244|0x0000000094600000, 0x0000000094600000, 0x0000000094700000|  0%| F|  |TAMS 0x0000000094600000| PB 0x0000000094600000| Untracked |  0
| 245|0x0000000094700000, 0x0000000094700000, 0x0000000094800000|  0%| F|  |TAMS 0x0000000094700000| PB 0x0000000094700000| Untracked |  0
| 246|0x0000000094800000, 0x0000000094800000, 0x0000000094900000|  0%| F|  |TAMS 0x0000000094800000| PB 0x0000000094800000| Untracked |  0
| 247|0x0000000094900000, 0x0000000094900000, 0x0000000094a00000|  0%| F|  |TAMS 0x0000000094900000| PB 0x0000000094900000| Untracked |  0
| 248|0x0000000094a00000, 0x0000000094a00000, 0x0000000094b00000|  0%| F|  |TAMS 0x0000000094a00000| PB 0x0000000094a00000| Untracked |  0
| 249|0x0000000094b00000, 0x0000000094b00000, 0x0000000094c00000|  0%| F|  |TAMS 0x0000000094b00000| PB 0x0000000094b00000| Untracked |  0
| 250|0x0000000094c00000, 0x0000000094c00000, 0x0000000094d00000|  0%| F|  |TAMS 0x0000000094c00000| PB 0x0000000094c00000| Untracked |  0
| 251|0x0000000094d00000, 0x0000000094d00000, 0x0000000094e00000|  0%| F|  |TAMS 0x0000000094d00000| PB 0x0000000094d00000| Untracked |  0
| 252|0x0000000094e00000, 0x0000000094e00000, 0x0000000094f00000|  0%| F|  |TAMS 0x0000000094e00000| PB 0x0000000094e00000| Untracked |  0
| 253|0x0000000094f00000, 0x0000000094f00000, 0x0000000095000000|  0%| F|  |TAMS 0x0000000094f00000| PB 0x0000000094f00000| Untracked |  0
| 254|0x0000000095000000, 0x0000000095000000, 0x0000000095100000|  0%| F|  |TAMS 0x0000000095000000| PB 0x0000000095000000| Untracked |  0
| 255|0x0000000095100000, 0x0000000095100000, 0x0000000095200000|  0%| F|  |TAMS 0x0000000095100000| PB 0x0000000095100000| Untracked |  0
| 256|0x0000000095200000, 0x0000000095200000, 0x0000000095300000|  0%| F|  |TAMS 0x0000000095200000| PB 0x0000000095200000| Untracked |  0
| 257|0x0000000095300000, 0x0000000095300000, 0x0000000095400000|  0%| F|  |TAMS 0x0000000095300000| PB 0x0000000095300000| Untracked |  0
| 258|0x0000000095400000, 0x0000000095400000, 0x0000000095500000|  0%| F|  |TAMS 0x0000000095400000| PB 0x0000000095400000| Untracked |  0
| 259|0x0000000095500000, 0x0000000095500000, 0x0000000095600000|  0%| F|  |TAMS 0x0000000095500000| PB 0x0000000095500000| Untracked |  0
| 260|0x0000000095600000, 0x0000000095600000, 0x0000000095700000|  0%| F|  |TAMS 0x0000000095600000| PB 0x0000000095600000| Untracked |  0
| 261|0x0000000095700000, 0x0000000095700000, 0x0000000095800000|  0%| F|  |TAMS 0x0000000095700000| PB 0x0000000095700000| Untracked |  0
| 262|0x0000000095800000, 0x0000000095800000, 0x0000000095900000|  0%| F|  |TAMS 0x0000000095800000| PB 0x0000000095800000| Untracked |  0
| 263|0x0000000095900000, 0x0000000095900000, 0x0000000095a00000|  0%| F|  |TAMS 0x0000000095900000| PB 0x0000000095900000| Untracked |  0
| 264|0x0000000095a00000, 0x0000000095a00000, 0x0000000095b00000|  0%| F|  |TAMS 0x0000000095a00000| PB 0x0000000095a00000| Untracked |  0
| 265|0x0000000095b00000, 0x0000000095b00000, 0x0000000095c00000|  0%| F|  |TAMS 0x0000000095b00000| PB 0x0000000095b00000| Untracked |  0
| 266|0x0000000095c00000, 0x0000000095c00000, 0x0000000095d00000|  0%| F|  |TAMS 0x0000000095c00000| PB 0x0000000095c00000| Untracked |  0
| 267|0x0000000095d00000, 0x0000000095d00000, 0x0000000095e00000|  0%| F|  |TAMS 0x0000000095d00000| PB 0x0000000095d00000| Untracked |  0
| 268|0x0000000095e00000, 0x0000000095e26608, 0x0000000095f00000| 14%| S|CS|TAMS 0x0000000095e00000| PB 0x0000000095e00000| Complete |  0
| 269|0x0000000095f00000, 0x0000000095f00000, 0x0000000096000000|  0%| F|  |TAMS 0x0000000095f00000| PB 0x0000000095f00000| Untracked |  0

Card table byte_map: [0x000001a3edfe0000,0x000001a3ee3c0000] _byte_map_base: 0x000001a3edbb7000

Marking Bits: (CMBitMap*) 0x000001a3d5fd3540
 Bits: [0x000001a3ee3c0000, 0x000001a3f0278000)

Polling page: 0x000001a3d3f50000

Metaspace:

Usage:
  Non-class:      6.43 MB used.
      Class:    921.10 KB used.
       Both:      7.33 MB used.

Virtual space:
  Non-class space:       64.00 MB reserved,       6.56 MB ( 10%) committed,  1 nodes.
      Class space:        1.00 GB reserved,       1.00 MB ( <1%) committed,  1 nodes.
             Both:        1.06 GB reserved,       7.56 MB ( <1%) committed. 

Chunk freelists:
   Non-Class:  8.42 MB
       Class:  14.83 MB
        Both:  23.25 MB

MaxMetaspaceSize: unlimited
CompressedClassSpaceSize: 1.00 GB
Initial GC threshold: 21.00 MB
Current GC threshold: 21.00 MB
CDS: on
 - commit_granule_bytes: 65536.
 - commit_granule_words: 8192.
 - virtual_space_node_default_size: 8388608.
 - enlarge_chunks_in_place: 1.
 - use_allocation_guard: 0.


Internal statistics:

num_allocs_failed_limit: 0.
num_arena_births: 164.
num_arena_deaths: 0.
num_vsnodes_births: 2.
num_vsnodes_deaths: 0.
num_space_committed: 121.
num_space_uncommitted: 0.
num_chunks_returned_to_freelist: 0.
num_chunks_taken_from_freelist: 360.
num_chunk_merges: 0.
num_chunk_splits: 249.
num_chunks_enlarged: 173.
num_inconsistent_stats: 0.

CodeHeap 'non-profiled nmethods': size=120064Kb used=445Kb max_used=463Kb free=119619Kb
 bounds [0x000001a3e6170000, 0x000001a3e63e0000, 0x000001a3ed6b0000]
CodeHeap 'profiled nmethods': size=120000Kb used=1636Kb max_used=1967Kb free=118363Kb
 bounds [0x000001a3de6b0000, 0x000001a3de920000, 0x000001a3e5be0000]
CodeHeap 'non-nmethods': size=5696Kb used=1488Kb max_used=1506Kb free=4207Kb
 bounds [0x000001a3e5be0000, 0x000001a3e5e50000, 0x000001a3e6170000]
CodeCache: size=245760Kb, used=3569Kb, max_used=3936Kb, free=242189Kb
 total_blobs=1833, nmethods=1253, adapters=486, full_count=0
Compilation: enabled, stopped_count=0, restarted_count=0

Compilation events (20 events):
Event: 3.331 Thread 0x000001a3f2ef5e60 nmethod 1437 0x000001a3de899a08 code [0x000001a3de899bc0, 0x000001a3de89a330]
Event: 3.331 Thread 0x000001a3f2ef5e60 1439       3       java.io.BufferedInputStream::implRead (112 bytes)
Event: 3.333 Thread 0x000001a3f2ef5e60 nmethod 1439 0x000001a3de89a388 code [0x000001a3de89a540, 0x000001a3de89ac70]
Event: 3.339 Thread 0x000001a3f2ef5e60 1438   !   3       java.io.BufferedInputStream::read (69 bytes)
Event: 3.341 Thread 0x000001a3f2ef5e60 nmethod 1438 0x000001a3de89ad08 code [0x000001a3de89af00, 0x000001a3de89bbf8]
Event: 3.354 Thread 0x000001a3f2ef5e60 1440       3       com.sun.javafx.iio.gif.GIFImageLoader2::readBytes (44 bytes)
Event: 3.354 Thread 0x000001a3f2ef5e60 nmethod 1440 0x000001a3de75e288 code [0x000001a3de75e3e0, 0x000001a3de75e780]
Event: 3.355 Thread 0x000001a3f2ef5e60 1441       3       com.sun.javafx.iio.gif.GIFImageLoader2$LZWDecoder::readData (52 bytes)
Event: 3.356 Thread 0x000001a3f2ef5e60 nmethod 1441 0x000001a3de6bf488 code [0x000001a3de6bf600, 0x000001a3de6bfa80]
Event: 3.365 Thread 0x000001a3f2ef5280 nmethod 1436 0x000001a3e61b4b88 code [0x000001a3e61b4cc0, 0x000001a3e61b5188]
Event: 3.365 Thread 0x000001a3f2ef5280 1442 %     4       com.sun.javafx.iio.gif.GIFImageLoader2::decodeImage @ 26 (161 bytes)
Event: 3.402 Thread 0x000001a3f2ef5280 nmethod 1442% 0x000001a3e6195e08 code [0x000001a3e6195fc0, 0x000001a3e6197138]
Event: 3.413 Thread 0x000001a3f2ef5280 1443 %     4       com.sun.javafx.iio.gif.GIFImageLoader2::decodeImage @ 48 (161 bytes)
Event: 3.414 Thread 0x000001a3f2ef5e60 1444       3       java.io.SequenceInputStream::read (68 bytes)
Event: 3.415 Thread 0x000001a3f2ef5e60 nmethod 1444 0x000001a3de6c0c88 code [0x000001a3de6c0e40, 0x000001a3de6c1638]
Event: 3.454 Thread 0x000001a3f2ef5280 nmethod 1443% 0x000001a3e61df288 code [0x000001a3e61df440, 0x000001a3e61e0668]
Event: 3.455 Thread 0x000001a3f2ef5280 1445       4       com.sun.javafx.iio.gif.GIFImageLoader2::decodeImage (161 bytes)
Event: 3.626 Thread 0x000001a3f2ef5280 nmethod 1445 0x000001a3e61e3e88 code [0x000001a3e61e4160, 0x000001a3e61e6888]
Event: 3.627 Thread 0x000001a3f2ef5280 1446       4       java.util.concurrent.locks.AbstractQueuedSynchronizer::signalNext (34 bytes)
Event: 3.630 Thread 0x000001a3f2ef5280 nmethod 1446 0x000001a3e617eb88 code [0x000001a3e617eca0, 0x000001a3e617ed80]

GC Heap History (20 events):
Event: 3.443 GC heap after
{Heap after GC invocations=15 (full 0):
 garbage-first heap   total reserved 2013184K, committed 165888K, used 97563K [0x0000000085200000, 0x0000000100000000)
  region size 1024K, 3 young (3072K), 3 survivors (3072K)
 Metaspace       used 7504K, committed 7744K, reserved 1114112K
  class space    used 921K, committed 1024K, reserved 1048576K
}
Event: 3.457 GC heap before
{Heap before GC invocations=16 (full 0):
 garbage-first heap   total reserved 2013184K, committed 174080K, used 102683K [0x0000000085200000, 0x0000000100000000)
  region size 1024K, 4 young (4096K), 3 survivors (3072K)
 Metaspace       used 7504K, committed 7744K, reserved 1114112K
  class space    used 921K, committed 1024K, reserved 1048576K
}
Event: 3.462 GC heap after
{Heap after GC invocations=17 (full 0):
 garbage-first heap   total reserved 2013184K, committed 174080K, used 102806K [0x0000000085200000, 0x0000000100000000)
  region size 1024K, 3 young (3072K), 3 survivors (3072K)
 Metaspace       used 7504K, committed 7744K, reserved 1114112K
  class space    used 921K, committed 1024K, reserved 1048576K
}
Event: 3.475 GC heap before
{Heap before GC invocations=18 (full 0):
 garbage-first heap   total reserved 2013184K, committed 191488K, used 113046K [0x0000000085200000, 0x0000000100000000)
  region size 1024K, 4 young (4096K), 3 survivors (3072K)
 Metaspace       used 7504K, committed 7744K, reserved 1114112K
  class space    used 921K, committed 1024K, reserved 1048576K
}
Event: 3.480 GC heap after
{Heap after GC invocations=19 (full 0):
 garbage-first heap   total reserved 2013184K, committed 191488K, used 112922K [0x0000000085200000, 0x0000000100000000)
  region size 1024K, 3 young (3072K), 3 survivors (3072K)
 Metaspace       used 7504K, committed 7744K, reserved 1114112K
  class space    used 921K, committed 1024K, reserved 1048576K
}
Event: 3.495 GC heap before
{Heap before GC invocations=20 (full 0):
 garbage-first heap   total reserved 2013184K, committed 199680K, used 123162K [0x0000000085200000, 0x0000000100000000)
  region size 1024K, 4 young (4096K), 3 survivors (3072K)
 Metaspace       used 7504K, committed 7744K, reserved 1114112K
  class space    used 921K, committed 1024K, reserved 1048576K
}
Event: 3.501 GC heap after
{Heap after GC invocations=21 (full 0):
 garbage-first heap   total reserved 2013184K, committed 199680K, used 123162K [0x0000000085200000, 0x0000000100000000)
  region size 1024K, 3 young (3072K), 3 survivors (3072K)
 Metaspace       used 7504K, committed 7744K, reserved 1114112K
  class space    used 921K, committed 1024K, reserved 1048576K
}
Event: 3.522 GC heap before
{Heap before GC invocations=22 (full 0):
 garbage-first heap   total reserved 2013184K, committed 217088K, used 133402K [0x0000000085200000, 0x0000000100000000)
  region size 1024K, 4 young (4096K), 3 survivors (3072K)
 Metaspace       used 7504K, committed 7744K, reserved 1114112K
  class space    used 921K, committed 1024K, reserved 1048576K
}
Event: 3.527 GC heap after
{Heap after GC invocations=23 (full 0):
 garbage-first heap   total reserved 2013184K, committed 217088K, used 133401K [0x0000000085200000, 0x0000000100000000)
  region size 1024K, 3 young (3072K), 3 survivors (3072K)
 Metaspace       used 7504K, committed 7744K, reserved 1114112K
  class space    used 921K, committed 1024K, reserved 1048576K
}
Event: 3.543 GC heap before
{Heap before GC invocations=24 (full 0):
 garbage-first heap   total reserved 2013184K, committed 234496K, used 138521K [0x0000000085200000, 0x0000000100000000)
  region size 1024K, 4 young (4096K), 3 survivors (3072K)
 Metaspace       used 7504K, committed 7744K, reserved 1114112K
  class space    used 921K, committed 1024K, reserved 1048576K
}
Event: 3.547 GC heap after
{Heap after GC invocations=25 (full 0):
 garbage-first heap   total reserved 2013184K, committed 234496K, used 138584K [0x0000000085200000, 0x0000000100000000)
  region size 1024K, 3 young (3072K), 3 survivors (3072K)
 Metaspace       used 7504K, committed 7744K, reserved 1114112K
  class space    used 921K, committed 1024K, reserved 1048576K
}
Event: 3.563 GC heap before
{Heap before GC invocations=26 (full 0):
 garbage-first heap   total reserved 2013184K, committed 242688K, used 143704K [0x0000000085200000, 0x0000000100000000)
  region size 1024K, 4 young (4096K), 3 survivors (3072K)
 Metaspace       used 7504K, committed 7744K, reserved 1114112K
  class space    used 921K, committed 1024K, reserved 1048576K
}
Event: 3.567 GC heap after
{Heap after GC invocations=27 (full 0):
 garbage-first heap   total reserved 2013184K, committed 242688K, used 143704K [0x0000000085200000, 0x0000000100000000)
  region size 1024K, 3 young (3072K), 3 survivors (3072K)
 Metaspace       used 7504K, committed 7744K, reserved 1114112K
  class space    used 921K, committed 1024K, reserved 1048576K
}
Event: 3.583 GC heap before
{Heap before GC invocations=28 (full 0):
 garbage-first heap   total reserved 2013184K, committed 250880K, used 148824K [0x0000000085200000, 0x0000000100000000)
  region size 1024K, 4 young (4096K), 3 survivors (3072K)
 Metaspace       used 7504K, committed 7744K, reserved 1114112K
  class space    used 921K, committed 1024K, reserved 1048576K
}
Event: 3.588 GC heap after
{Heap after GC invocations=29 (full 0):
 garbage-first heap   total reserved 2013184K, committed 250880K, used 148824K [0x0000000085200000, 0x0000000100000000)
  region size 1024K, 3 young (3072K), 3 survivors (3072K)
 Metaspace       used 7504K, committed 7744K, reserved 1114112K
  class space    used 921K, committed 1024K, reserved 1048576K
}
Event: 3.603 GC heap before
{Heap before GC invocations=30 (full 0):
 garbage-first heap   total reserved 2013184K, committed 260096K, used 153944K [0x0000000085200000, 0x0000000100000000)
  region size 1024K, 4 young (4096K), 3 survivors (3072K)
 Metaspace       used 7504K, committed 7744K, reserved 1114112K
  class space    used 921K, committed 1024K, reserved 1048576K
}
Event: 3.607 GC heap after
{Heap after GC invocations=31 (full 0):
 garbage-first heap   total reserved 2013184K, committed 260096K, used 153959K [0x0000000085200000, 0x0000000100000000)
  region size 1024K, 1 young (1024K), 1 survivors (1024K)
 Metaspace       used 7504K, committed 7744K, reserved 1114112K
  class space    used 921K, committed 1024K, reserved 1048576K
}
Event: 3.621 GC heap before
{Heap before GC invocations=32 (full 0):
 garbage-first heap   total reserved 2013184K, committed 268288K, used 159079K [0x0000000085200000, 0x0000000100000000)
  region size 1024K, 2 young (2048K), 1 survivors (1024K)
 Metaspace       used 7504K, committed 7744K, reserved 1114112K
  class space    used 921K, committed 1024K, reserved 1048576K
}
Event: 3.623 GC heap after
{Heap after GC invocations=33 (full 0):
 garbage-first heap   total reserved 2013184K, committed 268288K, used 159149K [0x0000000085200000, 0x0000000100000000)
  region size 1024K, 1 young (1024K), 1 survivors (1024K)
 Metaspace       used 7504K, committed 7744K, reserved 1114112K
  class space    used 921K, committed 1024K, reserved 1048576K
}
Event: 3.652 GC heap before
{Heap before GC invocations=34 (full 0):
 garbage-first heap   total reserved 2013184K, committed 276480K, used 169389K [0x0000000085200000, 0x0000000100000000)
  region size 1024K, 2 young (2048K), 1 survivors (1024K)
 Metaspace       used 7504K, committed 7744K, reserved 1114112K
  class space    used 921K, committed 1024K, reserved 1048576K
}

Dll operation events (20 events):
Event: 0.954 Loaded shared library C:\Users\Lynneth Dela Cerna\Downloads\openjfx-23_windows-x64_bin-sdk\javafx-sdk-23\bin\api-ms-win-crt-heap-l1-1-0.dll
Event: 0.961 Loaded shared library C:\Users\Lynneth Dela Cerna\Downloads\openjfx-23_windows-x64_bin-sdk\javafx-sdk-23\bin\api-ms-win-crt-locale-l1-1-0.dll
Event: 0.966 Loaded shared library C:\Users\Lynneth Dela Cerna\Downloads\openjfx-23_windows-x64_bin-sdk\javafx-sdk-23\bin\api-ms-win-crt-math-l1-1-0.dll
Event: 0.977 Loaded shared library C:\Users\Lynneth Dela Cerna\Downloads\openjfx-23_windows-x64_bin-sdk\javafx-sdk-23\bin\api-ms-win-crt-multibyte-l1-1-0.dll
Event: 0.988 Loaded shared library C:\Users\Lynneth Dela Cerna\Downloads\openjfx-23_windows-x64_bin-sdk\javafx-sdk-23\bin\api-ms-win-crt-private-l1-1-0.dll
Event: 0.993 Loaded shared library C:\Users\Lynneth Dela Cerna\Downloads\openjfx-23_windows-x64_bin-sdk\javafx-sdk-23\bin\api-ms-win-crt-process-l1-1-0.dll
Event: 1.019 Loaded shared library C:\Users\Lynneth Dela Cerna\Downloads\openjfx-23_windows-x64_bin-sdk\javafx-sdk-23\bin\api-ms-win-crt-runtime-l1-1-0.dll
Event: 1.069 Loaded shared library C:\Users\Lynneth Dela Cerna\Downloads\openjfx-23_windows-x64_bin-sdk\javafx-sdk-23\bin\api-ms-win-crt-stdio-l1-1-0.dll
Event: 1.086 Loaded shared library C:\Users\Lynneth Dela Cerna\Downloads\openjfx-23_windows-x64_bin-sdk\javafx-sdk-23\bin\api-ms-win-crt-string-l1-1-0.dll
Event: 1.097 Loaded shared library C:\Users\Lynneth Dela Cerna\Downloads\openjfx-23_windows-x64_bin-sdk\javafx-sdk-23\bin\api-ms-win-crt-time-l1-1-0.dll
Event: 1.107 Loaded shared library C:\Users\Lynneth Dela Cerna\Downloads\openjfx-23_windows-x64_bin-sdk\javafx-sdk-23\bin\api-ms-win-crt-utility-l1-1-0.dll
Event: 1.116 Loaded shared library C:\Users\Lynneth Dela Cerna\Downloads\openjfx-23_windows-x64_bin-sdk\javafx-sdk-23\bin\ucrtbase.dll
Event: 1.124 Loaded shared library C:\Users\Lynneth Dela Cerna\Downloads\openjfx-23_windows-x64_bin-sdk\javafx-sdk-23\bin\vcruntime140.dll
Event: 1.129 Loaded shared library C:\Users\Lynneth Dela Cerna\Downloads\openjfx-23_windows-x64_bin-sdk\javafx-sdk-23\bin\vcruntime140_1.dll
Event: 1.135 Loaded shared library C:\Users\Lynneth Dela Cerna\Downloads\openjfx-23_windows-x64_bin-sdk\javafx-sdk-23\bin\msvcp140.dll
Event: 1.139 Loaded shared library C:\Users\Lynneth Dela Cerna\Downloads\openjfx-23_windows-x64_bin-sdk\javafx-sdk-23\bin\msvcp140_1.dll
Event: 1.145 Loaded shared library C:\Users\Lynneth Dela Cerna\Downloads\openjfx-23_windows-x64_bin-sdk\javafx-sdk-23\bin\msvcp140_2.dll
Event: 1.247 Loaded shared library C:\Users\Lynneth Dela Cerna\Downloads\openjfx-23_windows-x64_bin-sdk\javafx-sdk-23\bin\prism_d3d.dll
Event: 1.618 Loaded shared library C:\Users\Lynneth Dela Cerna\Downloads\openjfx-23_windows-x64_bin-sdk\javafx-sdk-23\bin\glass.dll
Event: 1.962 Loaded shared library C:\Program Files\Java\jdk-23\bin\jimage.dll

Deoptimization events (20 events):
Event: 3.472 Thread 0x000001a3c5adc8f0 DEOPT PACKING pc=0x000001a3de899626 sp=0x00000097218fdc50
Event: 3.472 Thread 0x000001a3c5adc8f0 DEOPT UNPACKING pc=0x000001a3e5c34b22 sp=0x00000097218fd170 mode 0
Event: 3.484 Thread 0x000001a3c5adc8f0 DEOPT PACKING pc=0x000001a3de899626 sp=0x00000097218fdc50
Event: 3.484 Thread 0x000001a3c5adc8f0 DEOPT UNPACKING pc=0x000001a3e5c34b22 sp=0x00000097218fd170 mode 0
Event: 3.493 Thread 0x000001a3c5adc8f0 DEOPT PACKING pc=0x000001a3de899605 sp=0x00000097218fdc50
Event: 3.493 Thread 0x000001a3c5adc8f0 DEOPT UNPACKING pc=0x000001a3e5c34b22 sp=0x00000097218fd170 mode 0
Event: 3.505 Thread 0x000001a3c5adc8f0 DEOPT PACKING pc=0x000001a3de899605 sp=0x00000097218fdc50
Event: 3.505 Thread 0x000001a3c5adc8f0 DEOPT UNPACKING pc=0x000001a3e5c34b22 sp=0x00000097218fd170 mode 0
Event: 3.519 Thread 0x000001a3c5adc8f0 DEOPT PACKING pc=0x000001a3de899605 sp=0x00000097218fdc50
Event: 3.519 Thread 0x000001a3c5adc8f0 DEOPT UNPACKING pc=0x000001a3e5c34b22 sp=0x00000097218fd170 mode 0
Event: 3.540 Thread 0x000001a3c5adc8f0 DEOPT PACKING pc=0x000001a3de899626 sp=0x00000097218fdc50
Event: 3.540 Thread 0x000001a3c5adc8f0 DEOPT UNPACKING pc=0x000001a3e5c34b22 sp=0x00000097218fd170 mode 0
Event: 3.559 Thread 0x000001a3c5adc8f0 DEOPT PACKING pc=0x000001a3de899626 sp=0x00000097218fdc50
Event: 3.560 Thread 0x000001a3c5adc8f0 DEOPT UNPACKING pc=0x000001a3e5c34b22 sp=0x00000097218fd170 mode 0
Event: 3.578 Thread 0x000001a3c5adc8f0 DEOPT PACKING pc=0x000001a3de899605 sp=0x00000097218fdc50
Event: 3.578 Thread 0x000001a3c5adc8f0 DEOPT UNPACKING pc=0x000001a3e5c34b22 sp=0x00000097218fd170 mode 0
Event: 3.600 Thread 0x000001a3c5adc8f0 DEOPT PACKING pc=0x000001a3de899605 sp=0x00000097218fdc50
Event: 3.600 Thread 0x000001a3c5adc8f0 DEOPT UNPACKING pc=0x000001a3e5c34b22 sp=0x00000097218fd170 mode 0
Event: 3.618 Thread 0x000001a3c5adc8f0 DEOPT PACKING pc=0x000001a3de899626 sp=0x00000097218fdc50
Event: 3.618 Thread 0x000001a3c5adc8f0 DEOPT UNPACKING pc=0x000001a3e5c34b22 sp=0x00000097218fd170 mode 0

Classes loaded (20 events):
Event: 2.910 Loading class com/sun/xml/internal/stream/StaxErrorReporter
Event: 2.910 Loading class com/sun/xml/internal/stream/StaxErrorReporter done
Event: 2.911 Loading class java/util/LinkedList$Node
Event: 2.912 Loading class java/util/LinkedList$Node done
Event: 2.924 Loading class java/util/EventListener
Event: 2.924 Loading class java/util/EventListener done
Event: 3.055 Loading class java/lang/reflect/TypeVariable
Event: 3.056 Loading class java/lang/reflect/TypeVariable done
Event: 3.056 Loading class java/lang/InstantiationException
Event: 3.056 Loading class java/lang/InstantiationException done
Event: 3.056 Loading class java/lang/reflect/AnnotatedType
Event: 3.057 Loading class java/lang/reflect/AnnotatedType done
Event: 3.062 Loading class java/security/AllPermissionCollection
Event: 3.062 Loading class java/security/AllPermissionCollection done
Event: 3.084 Loading class java/util/LinkedList$ListItr
Event: 3.084 Loading class java/util/LinkedList$ListItr done
Event: 3.086 Loading class java/lang/MatchException
Event: 3.086 Loading class java/lang/MatchException done
Event: 3.090 Loading class java/io/SequenceInputStream
Event: 3.090 Loading class java/io/SequenceInputStream done

Classes unloaded (0 events):
No events

Classes redefined (0 events):
No events

Internal exceptions (20 events):
Event: 2.733 Thread 0x000001a3c5adc8f0 Exception <a 'java/lang/ClassNotFoundException'{0x000000008c3baf20}: com/sun/glass/ui/win/themes_es_US> (0x000000008c3baf20) 
thrown [s\open\src\hotspot\share\prims\jni.cpp, line 539]
Event: 2.733 Thread 0x000001a3c5adc8f0 Exception <a 'java/lang/ClassNotFoundException'{0x000000008c3bc520}: com/sun/glass/ui/win/themes_yav_Latn> (0x000000008c3bc520) 
thrown [s\open\src\hotspot\share\prims\jni.cpp, line 539]
Event: 2.734 Thread 0x000001a3c5adc8f0 Exception <a 'java/lang/ClassNotFoundException'{0x000000008c3bd600}: com/sun/glass/ui/win/themes_yav_Latn_CM> (0x000000008c3bd600) 
thrown [s\open\src\hotspot\share\prims\jni.cpp, line 539]
Event: 2.734 Thread 0x000001a3c5adc8f0 Exception <a 'java/lang/ClassNotFoundException'{0x000000008c3be9f8}: com/sun/glass/ui/win/themes_en_Latn> (0x000000008c3be9f8) 
thrown [s\open\src\hotspot\share\prims\jni.cpp, line 539]
Event: 2.734 Thread 0x000001a3c5adc8f0 Exception <a 'java/lang/ClassNotFoundException'{0x000000008c3bfac8}: com/sun/glass/ui/win/themes_en_Latn_US> (0x000000008c3bfac8) 
thrown [s\open\src\hotspot\share\prims\jni.cpp, line 539]
Event: 2.734 Thread 0x000001a3c5adc8f0 Exception <a 'java/lang/ClassNotFoundException'{0x000000008c3c0ee0}: com/sun/glass/ui/win/themes_th_Thai> (0x000000008c3c0ee0) 
thrown [s\open\src\hotspot\share\prims\jni.cpp, line 539]
Event: 2.734 Thread 0x000001a3c5adc8f0 Exception <a 'java/lang/ClassNotFoundException'{0x000000008c3c1fb0}: com/sun/glass/ui/win/themes_th_Thai_TH> (0x000000008c3c1fb0) 
thrown [s\open\src\hotspot\share\prims\jni.cpp, line 539]
Event: 2.734 Thread 0x000001a3c5adc8f0 Exception <a 'java/lang/ClassNotFoundException'{0x000000008c3c32c8}: com/sun/glass/ui/win/themes_es_VE> (0x000000008c3c32c8) 
thrown [s\open\src\hotspot\share\prims\jni.cpp, line 539]
Event: 2.735 Thread 0x000001a3c5adc8f0 Exception <a 'java/lang/ClassNotFoundException'{0x000000008c3c4550}: com/sun/glass/ui/win/themes_fr_PF> (0x000000008c3c4550) 
thrown [s\open\src\hotspot\share\prims\jni.cpp, line 539]
Event: 2.735 Thread 0x000001a3c5adc8f0 Exception <a 'java/lang/ClassNotFoundException'{0x000000008c3c5d60}: com/sun/glass/ui/win/themes_ses_Latn> (0x000000008c3c5d60) 
thrown [s\open\src\hotspot\share\prims\jni.cpp, line 539]
Event: 2.735 Thread 0x000001a3c5adc8f0 Exception <a 'java/lang/ClassNotFoundException'{0x000000008c3c6e40}: com/sun/glass/ui/win/themes_ses_Latn_ML> (0x000000008c3c6e40) 
thrown [s\open\src\hotspot\share\prims\jni.cpp, line 539]
Event: 2.735 Thread 0x000001a3c5adc8f0 Exception <a 'java/lang/ClassNotFoundException'{0x000000008c3c84a8}: com/sun/glass/ui/win/themes_doi_Deva> (0x000000008c3c84a8) 
thrown [s\open\src\hotspot\share\prims\jni.cpp, line 539]
Event: 2.735 Thread 0x000001a3c5adc8f0 Exception <a 'java/lang/ClassNotFoundException'{0x000000008c3c9588}: com/sun/glass/ui/win/themes_doi_Deva_IN> (0x000000008c3c9588) 
thrown [s\open\src\hotspot\share\prims\jni.cpp, line 539]
Event: 2.735 Thread 0x000001a3c5adc8f0 Exception <a 'java/lang/ClassNotFoundException'{0x000000008c3caae0}: com/sun/glass/ui/win/themes_fr_PM> (0x000000008c3caae0) 
thrown [s\open\src\hotspot\share\prims\jni.cpp, line 539]
Event: 2.736 Thread 0x000001a3c5adc8f0 Exception <a 'java/lang/ClassNotFoundException'{0x000000008c3cbf70}: com/sun/glass/ui/win/themes_es_UY> (0x000000008c3cbf70) 
thrown [s\open\src\hotspot\share\prims\jni.cpp, line 539]
Event: 2.736 Thread 0x000001a3c5adc8f0 Exception <a 'java/lang/ClassNotFoundException'{0x000000008c3cd360}: com/sun/glass/ui/win/themes_gu_Gujr> (0x000000008c3cd360) 
thrown [s\open\src\hotspot\share\prims\jni.cpp, line 539]
Event: 2.736 Thread 0x000001a3c5adc8f0 Exception <a 'java/lang/ClassNotFoundException'{0x000000008c3ce430}: com/sun/glass/ui/win/themes_gu_Gujr_IN> (0x000000008c3ce430) 
thrown [s\open\src\hotspot\share\prims\jni.cpp, line 539]
Event: 2.773 Thread 0x000001a3c5adc8f0 Exception <a 'java/lang/NoSuchMethodError'{0x000000008c2324b8}: 'java.lang.Object java.lang.invoke.DirectMethodHandle$Holder.invokeInterface(java.lang.Object, java.lang.Object)'> (0x000000008c2324b8) 
thrown [s\open\src\hotspot\share\interpreter\linkResolver.cpp, line 796]
Event: 2.989 Thread 0x000001a3c5adc8f0 Exception <a 'java/lang/NoSuchMethodError'{0x000000008bf93bf0}: 'java.lang.Object java.lang.invoke.DirectMethodHandle$Holder.invokeStaticInit(java.lang.Object, java.lang.Object, java.lang.Object, java.lang.Object)'> (0x000000008bf93bf0) 
thrown [s\open\src\hotspot\share\interpreter\linkResolver.cpp, line 796]
Event: 3.006 Thread 0x000001a3c5adc8f0 Exception <a 'java/lang/NullPointerException'{0x000000008bfa0a60}> (0x000000008bfa0a60) 
thrown [s\open\src\hotspot\share\interpreter\linkResolver.cpp, line 1389]

VM Operations (20 events):
Event: 3.579 Executing VM operation: G1PauseCleanup done
Event: 3.583 Executing VM operation: G1TryInitiateConcMark (G1 Humongous Allocation)
Event: 3.588 Executing VM operation: G1TryInitiateConcMark (G1 Humongous Allocation) done
Event: 3.594 Executing VM operation: G1PauseRemark
Event: 3.599 Executing VM operation: G1PauseRemark done
Event: 3.601 Executing VM operation: G1PauseCleanup
Event: 3.601 Executing VM operation: G1PauseCleanup done
Event: 3.603 Executing VM operation: G1TryInitiateConcMark (G1 Humongous Allocation)
Event: 3.607 Executing VM operation: G1TryInitiateConcMark (G1 Humongous Allocation) done
Event: 3.614 Executing VM operation: G1PauseRemark
Event: 3.616 Executing VM operation: G1PauseRemark done
Event: 3.619 Executing VM operation: G1PauseCleanup
Event: 3.620 Executing VM operation: G1PauseCleanup done
Event: 3.621 Executing VM operation: G1TryInitiateConcMark (G1 Humongous Allocation)
Event: 3.623 Executing VM operation: G1TryInitiateConcMark (G1 Humongous Allocation) done
Event: 3.630 Executing VM operation: G1PauseRemark
Event: 3.636 Executing VM operation: G1PauseRemark done
Event: 3.639 Executing VM operation: G1PauseCleanup
Event: 3.639 Executing VM operation: G1PauseCleanup done
Event: 3.652 Executing VM operation: G1TryInitiateConcMark (G1 Humongous Allocation)

Memory protections (0 events):
No events

Nmethod flushes (20 events):
Event: 3.351 Thread 0x000001a3f2ebd830 flushing  nmethod 0x000001a3de707f88
Event: 3.351 Thread 0x000001a3f2ebd830 flushing  nmethod 0x000001a3de709908
Event: 3.351 Thread 0x000001a3f2ebd830 flushing  nmethod 0x000001a3de719988
Event: 3.351 Thread 0x000001a3f2ebd830 flushing  nmethod 0x000001a3de71a108
Event: 3.351 Thread 0x000001a3f2ebd830 flushing  nmethod 0x000001a3de71a988
Event: 3.351 Thread 0x000001a3f2ebd830 flushing  nmethod 0x000001a3de71bf88
Event: 3.351 Thread 0x000001a3f2ebd830 flushing  nmethod 0x000001a3de74c108
Event: 3.351 Thread 0x000001a3f2ebd830 flushing  nmethod 0x000001a3de751988
Event: 3.351 Thread 0x000001a3f2ebd830 flushing  nmethod 0x000001a3de7d4c88
Event: 3.351 Thread 0x000001a3f2ebd830 flushing  nmethod 0x000001a3de7ee108
Event: 3.351 Thread 0x000001a3f2ebd830 flushing  nmethod 0x000001a3de7ee988
Event: 3.351 Thread 0x000001a3f2ebd830 flushing  nmethod 0x000001a3de88c608
Event: 3.351 Thread 0x000001a3f2ebd830 flushing  nmethod 0x000001a3de88cf08
Event: 3.352 Thread 0x000001a3f2ebd830 flushing  nmethod 0x000001a3de88d688
Event: 3.352 Thread 0x000001a3f2ebd830 flushing osr nmethod 0x000001a3de88da08
Event: 3.352 Thread 0x000001a3f2ebd830 flushing  nmethod 0x000001a3de88ee88
Event: 3.352 Thread 0x000001a3f2ebd830 flushing  nmethod 0x000001a3de88fe88
Event: 3.372 Thread 0x000001a3f2ebd830 flushing  nmethod 0x000001a3de893508
Event: 3.411 Thread 0x000001a3f2ebd830 flushing osr nmethod 0x000001a3de893e08
Event: 3.470 Thread 0x000001a3f2ebd830 flushing osr nmethod 0x000001a3de896608

Events (16 events):
Event: 0.067 Thread 0x000001a3d3b2c990 Thread added: 0x000001a3d3b2c990
Event: 0.109 Thread 0x000001a3d3b2c990 Thread added: 0x000001a3f2ed9600
Event: 0.109 Thread 0x000001a3d3b2c990 Thread added: 0x000001a3f2eda3c0
Event: 0.110 Thread 0x000001a3d3b2c990 Thread added: 0x000001a3f2edc620
Event: 0.111 Thread 0x000001a3d3b2c990 Thread added: 0x000001a3f2ede310
Event: 0.111 Thread 0x000001a3d3b2c990 Thread added: 0x000001a3f2ee7ec0
Event: 0.111 Thread 0x000001a3d3b2c990 Thread added: 0x000001a3f2ee8920
Event: 0.111 Thread 0x000001a3d3b2c990 Thread added: 0x000001a3f2ef5280
Event: 0.112 Thread 0x000001a3d3b2c990 Thread added: 0x000001a3f2ef5e60
Event: 0.189 Thread 0x000001a3d3b2c990 Thread added: 0x000001a3f2eae650
Event: 0.437 Thread 0x000001a3d3b2c990 Thread added: 0x000001a3c52635d0
Event: 1.226 Thread 0x000001a3d3b2c990 Thread added: 0x000001a3c5673340
Event: 1.624 Thread 0x000001a3d3b2c990 Thread added: 0x000001a3c5acbc50
Event: 1.634 Thread 0x000001a3d3b2c990 Thread added: 0x000001a3c5adc8f0
Event: 1.899 Thread 0x000001a3d3b2c990 Thread added: 0x000001a3c5ce07a0
Event: 1.902 Thread 0x000001a3c5ce1220 Thread added: 0x000001a3c5ce1220


Dynamic libraries:
0x00007ff66c970000 - 0x00007ff66c980000 	C:\Program Files\Java\jdk-23\bin\java.exe
0x00007ffeab550000 - 0x00007ffeab767000 	C:\WINDOWS\SYSTEM32\ntdll.dll
0x00007ffea9840000 - 0x00007ffea9904000 	C:\WINDOWS\System32\KERNEL32.DLL
0x00007ffea89e0000 - 0x00007ffea8d99000 	C:\WINDOWS\System32\KERNELBASE.dll
0x00007ffea8fb0000 - 0x00007ffea90c1000 	C:\WINDOWS\System32\ucrtbase.dll
0x00007ffe8a8e0000 - 0x00007ffe8a8fb000 	C:\Program Files\Java\jdk-23\bin\VCRUNTIME140.dll
0x00007ffe88370000 - 0x00007ffe88387000 	C:\Program Files\Java\jdk-23\bin\jli.dll
0x00007ffea9d20000 - 0x00007ffea9ece000 	C:\WINDOWS\System32\USER32.dll
0x00007ffea90d0000 - 0x00007ffea90f6000 	C:\WINDOWS\System32\win32u.dll
0x00007ffeaa1e0000 - 0x00007ffeaa209000 	C:\WINDOWS\System32\GDI32.dll
0x00007ffea88c0000 - 0x00007ffea89db000 	C:\WINDOWS\System32\gdi32full.dll
0x00007ffea8e90000 - 0x00007ffea8f2a000 	C:\WINDOWS\System32\msvcp_win.dll
0x00007ffe865e0000 - 0x00007ffe86872000 	C:\WINDOWS\WinSxS\amd64_microsoft.windows.common-controls_6595b64144ccf1df_6.0.22621.4391_none_2715d37f73803e96\COMCTL32.dll
0x00007ffea9ed0000 - 0x00007ffea9f77000 	C:\WINDOWS\System32\msvcrt.dll
0x00007ffeab3b0000 - 0x00007ffeab3e1000 	C:\WINDOWS\System32\IMM32.DLL
0x00007ffe9d9a0000 - 0x00007ffe9d9ac000 	C:\Program Files\Java\jdk-23\bin\vcruntime140_1.dll
0x00007ffe604d0000 - 0x00007ffe6055e000 	C:\Program Files\Java\jdk-23\bin\msvcp140.dll
0x00007ffe557a0000 - 0x00007ffe564ef000 	C:\Program Files\Java\jdk-23\bin\server\jvm.dll
0x00007ffeab450000 - 0x00007ffeab502000 	C:\WINDOWS\System32\ADVAPI32.dll
0x00007ffeaa270000 - 0x00007ffeaa317000 	C:\WINDOWS\System32\sechost.dll
0x00007ffea8e60000 - 0x00007ffea8e88000 	C:\WINDOWS\System32\bcrypt.dll
0x00007ffeab0b0000 - 0x00007ffeab1c4000 	C:\WINDOWS\System32\RPCRT4.dll
0x00007ffeab030000 - 0x00007ffeab0a1000 	C:\WINDOWS\System32\WS2_32.dll
0x00007ffea8670000 - 0x00007ffea86bd000 	C:\WINDOWS\SYSTEM32\POWRPROF.dll
0x00007ffe95590000 - 0x00007ffe9559a000 	C:\WINDOWS\SYSTEM32\VERSION.dll
0x00007ffea10b0000 - 0x00007ffea10e4000 	C:\WINDOWS\SYSTEM32\WINMM.dll
0x00007ffea8550000 - 0x00007ffea8563000 	C:\WINDOWS\SYSTEM32\UMPDC.dll
0x00007ffea7800000 - 0x00007ffea7818000 	C:\WINDOWS\SYSTEM32\kernel.appcore.dll
0x00007ffe8e150000 - 0x00007ffe8e15a000 	C:\Program Files\Java\jdk-23\bin\jimage.dll
0x00007ffea5f60000 - 0x00007ffea6192000 	C:\WINDOWS\SYSTEM32\DBGHELP.DLL
0x00007ffea9910000 - 0x00007ffea9c9f000 	C:\WINDOWS\System32\combase.dll
0x00007ffea9600000 - 0x00007ffea96d7000 	C:\WINDOWS\System32\OLEAUT32.dll
0x00007ffe86c80000 - 0x00007ffe86cb2000 	C:\WINDOWS\SYSTEM32\dbgcore.DLL
0x00007ffea8f30000 - 0x00007ffea8fab000 	C:\WINDOWS\System32\bcryptPrimitives.dll
0x00007ffe89900000 - 0x00007ffe8991e000 	C:\Program Files\Java\jdk-23\bin\java.dll
0x00007ffea9440000 - 0x00007ffea95e5000 	C:\WINDOWS\System32\ole32.dll
0x00007ffeaa320000 - 0x00007ffeaab96000 	C:\WINDOWS\System32\SHELL32.dll
0x00007ffea6740000 - 0x00007ffea7043000 	C:\WINDOWS\SYSTEM32\windows.storage.dll
0x00007ffea6600000 - 0x00007ffea673f000 	C:\WINDOWS\SYSTEM32\wintypes.dll
0x00007ffeab2b0000 - 0x00007ffeab3a9000 	C:\WINDOWS\System32\SHCORE.dll
0x00007ffeab3f0000 - 0x00007ffeab44e000 	C:\WINDOWS\System32\shlwapi.dll
0x00007ffea8780000 - 0x00007ffea87ab000 	C:\WINDOWS\SYSTEM32\profapi.dll
0x00007ffe60f70000 - 0x00007ffe61047000 	C:\Program Files\Java\jdk-23\bin\jsvml.dll
0x00007ffe8e050000 - 0x00007ffe8e060000 	C:\Program Files\Java\jdk-23\bin\net.dll
0x00007ffea7cf0000 - 0x00007ffea7d59000 	C:\WINDOWS\system32\mswsock.dll
0x00007ffe88fb0000 - 0x00007ffe88fc6000 	C:\Program Files\Java\jdk-23\bin\nio.dll
0x00007ffe88690000 - 0x00007ffe886a7000 	C:\Program Files\Java\jdk-23\bin\zip.dll
0x000001a3c5d60000 - 0x000001a3c5d63000 	C:\Users\Lynneth Dela Cerna\Downloads\openjfx-23_windows-x64_bin-sdk\javafx-sdk-23\bin\api-ms-win-core-console-l1-1-0.dll
0x000001a3c5d70000 - 0x000001a3c5d73000 	C:\Users\Lynneth Dela Cerna\Downloads\openjfx-23_windows-x64_bin-sdk\javafx-sdk-23\bin\api-ms-win-core-console-l1-2-0.dll
0x000001a3c5d80000 - 0x000001a3c5d83000 	C:\Users\Lynneth Dela Cerna\Downloads\openjfx-23_windows-x64_bin-sdk\javafx-sdk-23\bin\api-ms-win-core-datetime-l1-1-0.dll
0x000001a3c5d90000 - 0x000001a3c5d93000 	C:\Users\Lynneth Dela Cerna\Downloads\openjfx-23_windows-x64_bin-sdk\javafx-sdk-23\bin\api-ms-win-core-debug-l1-1-0.dll
0x000001a3c5da0000 - 0x000001a3c5da3000 	C:\Users\Lynneth Dela Cerna\Downloads\openjfx-23_windows-x64_bin-sdk\javafx-sdk-23\bin\api-ms-win-core-errorhandling-l1-1-0.dll
0x000001a3c5db0000 - 0x000001a3c5db4000 	C:\Users\Lynneth Dela Cerna\Downloads\openjfx-23_windows-x64_bin-sdk\javafx-sdk-23\bin\api-ms-win-core-file-l1-1-0.dll
0x000001a3c5dc0000 - 0x000001a3c5dc3000 	C:\Users\Lynneth Dela Cerna\Downloads\openjfx-23_windows-x64_bin-sdk\javafx-sdk-23\bin\api-ms-win-core-file-l1-2-0.dll
0x000001a3c5dd0000 - 0x000001a3c5dd3000 	C:\Users\Lynneth Dela Cerna\Downloads\openjfx-23_windows-x64_bin-sdk\javafx-sdk-23\bin\api-ms-win-core-file-l2-1-0.dll
0x000001a3c5de0000 - 0x000001a3c5de3000 	C:\Users\Lynneth Dela Cerna\Downloads\openjfx-23_windows-x64_bin-sdk\javafx-sdk-23\bin\api-ms-win-core-handle-l1-1-0.dll
0x000001a3c5df0000 - 0x000001a3c5df3000 	C:\Users\Lynneth Dela Cerna\Downloads\openjfx-23_windows-x64_bin-sdk\javafx-sdk-23\bin\api-ms-win-core-heap-l1-1-0.dll
0x000001a3c5e00000 - 0x000001a3c5e03000 	C:\Users\Lynneth Dela Cerna\Downloads\openjfx-23_windows-x64_bin-sdk\javafx-sdk-23\bin\api-ms-win-core-interlocked-l1-1-0.dll
0x000001a3c5e10000 - 0x000001a3c5e13000 	C:\Users\Lynneth Dela Cerna\Downloads\openjfx-23_windows-x64_bin-sdk\javafx-sdk-23\bin\api-ms-win-core-libraryloader-l1-1-0.dll
0x000001a3c5e20000 - 0x000001a3c5e23000 	C:\Users\Lynneth Dela Cerna\Downloads\openjfx-23_windows-x64_bin-sdk\javafx-sdk-23\bin\api-ms-win-core-localization-l1-2-0.dll
0x000001a3c5e30000 - 0x000001a3c5e33000 	C:\Users\Lynneth Dela Cerna\Downloads\openjfx-23_windows-x64_bin-sdk\javafx-sdk-23\bin\api-ms-win-core-memory-l1-1-0.dll
0x000001a3c5e40000 - 0x000001a3c5e43000 	C:\Users\Lynneth Dela Cerna\Downloads\openjfx-23_windows-x64_bin-sdk\javafx-sdk-23\bin\api-ms-win-core-namedpipe-l1-1-0.dll
0x000001a3c5e50000 - 0x000001a3c5e53000 	C:\Users\Lynneth Dela Cerna\Downloads\openjfx-23_windows-x64_bin-sdk\javafx-sdk-23\bin\api-ms-win-core-processenvironment-l1-1-0.dll
0x000001a3c5e60000 - 0x000001a3c5e63000 	C:\Users\Lynneth Dela Cerna\Downloads\openjfx-23_windows-x64_bin-sdk\javafx-sdk-23\bin\api-ms-win-core-processthreads-l1-1-0.dll
0x000001a3c5e70000 - 0x000001a3c5e73000 	C:\Users\Lynneth Dela Cerna\Downloads\openjfx-23_windows-x64_bin-sdk\javafx-sdk-23\bin\api-ms-win-core-processthreads-l1-1-1.dll
0x000001a3c5e80000 - 0x000001a3c5e83000 	C:\Users\Lynneth Dela Cerna\Downloads\openjfx-23_windows-x64_bin-sdk\javafx-sdk-23\bin\api-ms-win-core-profile-l1-1-0.dll
0x000001a3c5e90000 - 0x000001a3c5e93000 	C:\Users\Lynneth Dela Cerna\Downloads\openjfx-23_windows-x64_bin-sdk\javafx-sdk-23\bin\api-ms-win-core-rtlsupport-l1-1-0.dll
0x000001a3c5ea0000 - 0x000001a3c5ea3000 	C:\Users\Lynneth Dela Cerna\Downloads\openjfx-23_windows-x64_bin-sdk\javafx-sdk-23\bin\api-ms-win-core-string-l1-1-0.dll
0x000001a3c5eb0000 - 0x000001a3c5eb3000 	C:\Users\Lynneth Dela Cerna\Downloads\openjfx-23_windows-x64_bin-sdk\javafx-sdk-23\bin\api-ms-win-core-synch-l1-1-0.dll
0x000001a3c5ec0000 - 0x000001a3c5ec3000 	C:\Users\Lynneth Dela Cerna\Downloads\openjfx-23_windows-x64_bin-sdk\javafx-sdk-23\bin\api-ms-win-core-synch-l1-2-0.dll
0x000001a3c5ed0000 - 0x000001a3c5ed3000 	C:\Users\Lynneth Dela Cerna\Downloads\openjfx-23_windows-x64_bin-sdk\javafx-sdk-23\bin\api-ms-win-core-sysinfo-l1-1-0.dll
0x000001a3c5ee0000 - 0x000001a3c5ee3000 	C:\Users\Lynneth Dela Cerna\Downloads\openjfx-23_windows-x64_bin-sdk\javafx-sdk-23\bin\api-ms-win-core-timezone-l1-1-0.dll
0x000001a3c5ef0000 - 0x000001a3c5ef3000 	C:\Users\Lynneth Dela Cerna\Downloads\openjfx-23_windows-x64_bin-sdk\javafx-sdk-23\bin\api-ms-win-core-util-l1-1-0.dll
0x000001a3c5f00000 - 0x000001a3c5f03000 	C:\Users\Lynneth Dela Cerna\Downloads\openjfx-23_windows-x64_bin-sdk\javafx-sdk-23\bin\api-ms-win-crt-conio-l1-1-0.dll
0x000001a3c5f10000 - 0x000001a3c5f14000 	C:\Users\Lynneth Dela Cerna\Downloads\openjfx-23_windows-x64_bin-sdk\javafx-sdk-23\bin\api-ms-win-crt-convert-l1-1-0.dll
0x000001a3c5f20000 - 0x000001a3c5f23000 	C:\Users\Lynneth Dela Cerna\Downloads\openjfx-23_windows-x64_bin-sdk\javafx-sdk-23\bin\api-ms-win-crt-environment-l1-1-0.dll
0x000001a3c5f30000 - 0x000001a3c5f33000 	C:\Users\Lynneth Dela Cerna\Downloads\openjfx-23_windows-x64_bin-sdk\javafx-sdk-23\bin\api-ms-win-crt-filesystem-l1-1-0.dll
0x000001a3c5f40000 - 0x000001a3c5f43000 	C:\Users\Lynneth Dela Cerna\Downloads\openjfx-23_windows-x64_bin-sdk\javafx-sdk-23\bin\api-ms-win-crt-heap-l1-1-0.dll
0x000001a3c5f50000 - 0x000001a3c5f53000 	C:\Users\Lynneth Dela Cerna\Downloads\openjfx-23_windows-x64_bin-sdk\javafx-sdk-23\bin\api-ms-win-crt-locale-l1-1-0.dll
0x000001a3c5f60000 - 0x000001a3c5f65000 	C:\Users\Lynneth Dela Cerna\Downloads\openjfx-23_windows-x64_bin-sdk\javafx-sdk-23\bin\api-ms-win-crt-math-l1-1-0.dll
0x000001a3c5f70000 - 0x000001a3c5f75000 	C:\Users\Lynneth Dela Cerna\Downloads\openjfx-23_windows-x64_bin-sdk\javafx-sdk-23\bin\api-ms-win-crt-multibyte-l1-1-0.dll
0x000001a3c5f80000 - 0x000001a3c5f90000 	C:\Users\Lynneth Dela Cerna\Downloads\openjfx-23_windows-x64_bin-sdk\javafx-sdk-23\bin\api-ms-win-crt-private-l1-1-0.dll
0x000001a3c5f90000 - 0x000001a3c5f93000 	C:\Users\Lynneth Dela Cerna\Downloads\openjfx-23_windows-x64_bin-sdk\javafx-sdk-23\bin\api-ms-win-crt-process-l1-1-0.dll
0x000001a3c5fa0000 - 0x000001a3c5fa4000 	C:\Users\Lynneth Dela Cerna\Downloads\openjfx-23_windows-x64_bin-sdk\javafx-sdk-23\bin\api-ms-win-crt-runtime-l1-1-0.dll
0x000001a3c5fb0000 - 0x000001a3c5fb4000 	C:\Users\Lynneth Dela Cerna\Downloads\openjfx-23_windows-x64_bin-sdk\javafx-sdk-23\bin\api-ms-win-crt-stdio-l1-1-0.dll
0x000001a3c5fc0000 - 0x000001a3c5fc4000 	C:\Users\Lynneth Dela Cerna\Downloads\openjfx-23_windows-x64_bin-sdk\javafx-sdk-23\bin\api-ms-win-crt-string-l1-1-0.dll
0x000001a3c5fd0000 - 0x000001a3c5fd3000 	C:\Users\Lynneth Dela Cerna\Downloads\openjfx-23_windows-x64_bin-sdk\javafx-sdk-23\bin\api-ms-win-crt-time-l1-1-0.dll
0x000001a3c5fe0000 - 0x000001a3c5fe3000 	C:\Users\Lynneth Dela Cerna\Downloads\openjfx-23_windows-x64_bin-sdk\javafx-sdk-23\bin\api-ms-win-crt-utility-l1-1-0.dll
0x00007ffe6f5b0000 - 0x00007ffe6f6ac000 	C:\Users\Lynneth Dela Cerna\Downloads\openjfx-23_windows-x64_bin-sdk\javafx-sdk-23\bin\ucrtbase.dll
0x00007ffe88350000 - 0x00007ffe8836b000 	C:\Users\Lynneth Dela Cerna\Downloads\openjfx-23_windows-x64_bin-sdk\javafx-sdk-23\bin\vcruntime140.dll
0x00007ffe89d10000 - 0x00007ffe89d1c000 	C:\Users\Lynneth Dela Cerna\Downloads\openjfx-23_windows-x64_bin-sdk\javafx-sdk-23\bin\vcruntime140_1.dll
0x00007ffe702a0000 - 0x00007ffe7032e000 	C:\Users\Lynneth Dela Cerna\Downloads\openjfx-23_windows-x64_bin-sdk\javafx-sdk-23\bin\msvcp140.dll
0x00007ffe887e0000 - 0x00007ffe887e9000 	C:\Users\Lynneth Dela Cerna\Downloads\openjfx-23_windows-x64_bin-sdk\javafx-sdk-23\bin\msvcp140_1.dll
0x00007ffe88250000 - 0x00007ffe88291000 	C:\Users\Lynneth Dela Cerna\Downloads\openjfx-23_windows-x64_bin-sdk\javafx-sdk-23\bin\msvcp140_2.dll
0x00007ffe7c330000 - 0x00007ffe7c360000 	C:\Users\Lynneth Dela Cerna\Downloads\openjfx-23_windows-x64_bin-sdk\javafx-sdk-23\bin\prism_d3d.dll
0x00007ffe3ea50000 - 0x00007ffe3ebf8000 	C:\WINDOWS\system32\d3d9.dll
0x00007ffea5b90000 - 0x00007ffea5bbb000 	C:\WINDOWS\SYSTEM32\dwmapi.dll
0x00007ffea5a20000 - 0x00007ffea5a57000 	C:\WINDOWS\SYSTEM32\dxcore.dll
0x00007ffea5840000 - 0x00007ffea58f1000 	C:\WINDOWS\system32\uxtheme.dll
0x00007ffe8b2e0000 - 0x00007ffe8b390000 	C:\WINDOWS\SYSTEM32\d3d9on12.dll
0x00007ffea5a80000 - 0x00007ffea5b77000 	C:\WINDOWS\SYSTEM32\dxgi.dll
0x00007ffe9d9e0000 - 0x00007ffe9da06000 	C:\WINDOWS\SYSTEM32\d3d12.dll
0x00007ffea84c0000 - 0x00007ffea850e000 	C:\WINDOWS\SYSTEM32\cfgmgr32.dll
0x00007ffe60c10000 - 0x00007ffe60e12000 	C:\WINDOWS\SYSTEM32\D3D12Core.dll
0x00007ffe61710000 - 0x00007ffe61803000 	C:\WINDOWS\System32\DriverStore\FileRepository\iigd_dch.inf_amd64_46a183a099a0cf25\igd12umd64.dll
0x00007ffe2c920000 - 0x00007ffe2dba5000 	C:\WINDOWS\System32\DriverStore\FileRepository\iigd_dch.inf_amd64_46a183a099a0cf25\igd12um64xel.dll
0x00007ffea9100000 - 0x00007ffea9266000 	C:\WINDOWS\System32\CRYPT32.dll
0x00007ffe96950000 - 0x00007ffe96ab2000 	C:\WINDOWS\SYSTEM32\drvstore.dll
0x00007ffe9d9b0000 - 0x00007ffe9d9d6000 	C:\WINDOWS\System32\DriverStore\FileRepository\iigd_dch.inf_amd64_46a183a099a0cf25\igdext64.dll
0x00007ffe7cb80000 - 0x00007ffe7cbc9000 	C:\WINDOWS\SYSTEM32\ControlLib.dll
0x00007ffe99ba0000 - 0x00007ffe99c31000 	C:\WINDOWS\System32\DriverStore\FileRepository\iigd_dch.inf_amd64_46a183a099a0cf25\IntelControlLib.dll
0x00007ffe9d850000 - 0x00007ffe9d899000 	C:\WINDOWS\SYSTEM32\directxdatabasehelper.dll
0x00007ffe97cf0000 - 0x00007ffe9812e000 	C:\WINDOWS\System32\DriverStore\FileRepository\iigd_dch.inf_amd64_46a183a099a0cf25\igdgmm64.dll
0x00007ffe90450000 - 0x00007ffe944a4000 	C:\WINDOWS\System32\DriverStore\FileRepository\iigd_dch.inf_amd64_46a183a099a0cf25\igc64.dll
0x00007ffe8e1c0000 - 0x00007ffe8e1ef000 	C:\WINDOWS\SYSTEM32\D3DSCache.dll
0x00007ffea7de0000 - 0x00007ffea7e08000 	C:\WINDOWS\SYSTEM32\USERENV.dll
0x00007ffe60900000 - 0x00007ffe60c0c000 	C:\WINDOWS\System32\DriverStore\FileRepository\iigd_dch.inf_amd64_46a183a099a0cf25\igd12dxva64.dll
0x00007ffeaaba0000 - 0x00007ffeab014000 	C:\WINDOWS\System32\SETUPAPI.dll
0x00007ffe73380000 - 0x00007ffe7455d000 	C:\WINDOWS\System32\DriverStore\FileRepository\iigd_dch.inf_amd64_46a183a099a0cf25\igddxvacommon64.dll
0x00007ffe71650000 - 0x00007ffe7337b000 	C:\WINDOWS\System32\DriverStore\FileRepository\iigd_dch.inf_amd64_46a183a099a0cf25\media_bin_64.dll
0x00007ffe71620000 - 0x00007ffe71647000 	C:\WINDOWS\System32\DriverStore\FileRepository\iigd_dch.inf_amd64_46a183a099a0cf25\igdinfo64.dll
0x00007ffe7c100000 - 0x00007ffe7c145000 	C:\Users\Lynneth Dela Cerna\Downloads\openjfx-23_windows-x64_bin-sdk\javafx-sdk-23\bin\glass.dll
0x00007ffeaa0e0000 - 0x00007ffeaa1df000 	C:\WINDOWS\System32\COMDLG32.dll
0x00007ffea96e0000 - 0x00007ffea9840000 	C:\WINDOWS\System32\MSCTF.dll
0x00007ffea9fe0000 - 0x00007ffeaa090000 	C:\WINDOWS\System32\clbcatq.dll
0x00007ffe8ace0000 - 0x00007ffe8ae59000 	C:\Windows\System32\Windows.UI.dll
0x00007ffe8b530000 - 0x00007ffe8b6a5000 	C:\Windows\System32\Windows.UI.Immersive.dll

dbghelp: loaded successfully - version: 4.0.5 - missing functions: none
symbol engine: initialized successfully - sym options: 0x614 - pdb path: .;C:\Program Files\Java\jdk-23\bin;C:\WINDOWS\SYSTEM32;C:\WINDOWS\WinSxS\amd64_microsoft.windows.common-controls_6595b64144ccf1df_6.0.22621.4391_none_2715d37f73803e96;C:\Program Files\Java\jdk-23\bin\server;C:\Users\Lynneth Dela Cerna\Downloads\openjfx-23_windows-x64_bin-sdk\javafx-sdk-23\bin;C:\WINDOWS\System32\DriverStore\FileRepository\iigd_dch.inf_amd64_46a183a099a0cf25

VM Arguments:
jvm_args: -Dfile.encoding=UTF-8 --module-path=C:\Java\javafx-sdk-23\lb --add-modules=javafx.controls,javafx.fxml --module-path=C:\Users\Lynneth Dela Cerna\Downloads\openjfx-23_windows-x64_bin-sdk\javafx-sdk-23\lib\javafx-swt.jar;C:\Users\Lynneth Dela Cerna\Downloads\openjfx-23_windows-x64_bin-sdk\javafx-sdk-23\lib\javafx.base.jar;C:\Users\Lynneth Dela Cerna\Downloads\openjfx-23_windows-x64_bin-sdk\javafx-sdk-23\lib\javafx.controls.jar;C:\Users\Lynneth Dela Cerna\Downloads\openjfx-23_windows-x64_bin-sdk\javafx-sdk-23\lib\javafx.fxml.jar;C:\Users\Lynneth Dela Cerna\Downloads\openjfx-23_windows-x64_bin-sdk\javafx-sdk-23\lib\javafx.graphics.jar;C:\Users\Lynneth Dela Cerna\Downloads\openjfx-23_windows-x64_bin-sdk\javafx-sdk-23\lib\javafx.media.jar;C:\Users\Lynneth Dela Cerna\Downloads\openjfx-23_windows-x64_bin-sdk\javafx-sdk-23\lib\javafx.swing.jar;C:\Users\Lynneth Dela Cerna\Downloads\openjfx-23_windows-x64_bin-sdk\javafx-sdk-23\lib\javafx.web.jar 
java_command: IDE.JavaFXMainClass
java_class_path (initial): C:\Users\Lynneth Dela Cerna\Downloads\openjfx-23_windows-x64_bin-sdk\javafx-sdk-23\lib\javafx-swt.jar;C:\Users\Lynneth Dela Cerna\Downloads\openjfx-23_windows-x64_bin-sdk\javafx-sdk-23\lib\javafx.base.jar;C:\Users\Lynneth Dela Cerna\Downloads\openjfx-23_windows-x64_bin-sdk\javafx-sdk-23\lib\javafx.controls.jar;C:\Users\Lynneth Dela Cerna\Downloads\openjfx-23_windows-x64_bin-sdk\javafx-sdk-23\lib\javafx.fxml.jar;C:\Users\Lynneth Dela Cerna\Downloads\openjfx-23_windows-x64_bin-sdk\javafx-sdk-23\lib\javafx.graphics.jar;C:\Users\Lynneth Dela Cerna\Downloads\openjfx-23_windows-x64_bin-sdk\javafx-sdk-23\lib\javafx.media.jar;C:\Users\Lynneth Dela Cerna\Downloads\openjfx-23_windows-x64_bin-sdk\javafx-sdk-23\lib\javafx.swing.jar;C:\Users\Lynneth Dela Cerna\Downloads\openjfx-23_windows-x64_bin-sdk\javafx-sdk-23\lib\javafx.web.jar;C:\Users\Lynneth Dela Cerna\Documents\NetBeansProjects\V-12\build\classes
Launcher Type: SUN_STANDARD

[Global flags]
     intx CICompilerCount                          = 4                                         {product} {ergonomic}
     uint ConcGCThreads                            = 3                                         {product} {ergonomic}
     uint G1ConcRefinementThreads                  = 10                                        {product} {ergonomic}
   size_t G1HeapRegionSize                         = 1048576                                   {product} {ergonomic}
   size_t InitialHeapSize                          = 130023424                                 {product} {ergonomic}
   size_t MarkStackSize                            = 4194304                                   {product} {ergonomic}
   size_t MarkStackSizeMax                         = 536870912                                 {product} {ergonomic}
   size_t MaxHeapSize                              = 2061500416                                {product} {ergonomic}
   size_t MaxNewSize                               = 1236271104                                {product} {ergonomic}
   size_t MinHeapDeltaBytes                        = 1048576                                   {product} {ergonomic}
   size_t MinHeapSize                              = 8388608                                   {product} {ergonomic}
    uintx NonNMethodCodeHeapSize                   = 5832704                                {pd product} {ergonomic}
    uintx NonProfiledCodeHeapSize                  = 122945536                              {pd product} {ergonomic}
    uintx ProfiledCodeHeapSize                     = 122880000                              {pd product} {ergonomic}
    uintx ReservedCodeCacheSize                    = 251658240                              {pd product} {ergonomic}
     bool SegmentedCodeCache                       = true                                      {product} {ergonomic}
   size_t SoftMaxHeapSize                          = 2061500416                             {manageable} {ergonomic}
     bool UseCompressedOops                        = true                           {product lp64_product} {ergonomic}
     bool UseG1GC                                  = true                                      {product} {ergonomic}
     bool UseLargePagesIndividualAllocation        = false                                  {pd product} {ergonomic}

Logging:
Log output configuration:
 #0: stdout all=warning uptime,level,tags foldmultilines=false
 #1: stderr all=off uptime,level,tags foldmultilines=false

Environment Variables:
PATH=C:\Program Files\Common Files\Oracle\Java\javapath;C:\Program Files (x86)\Common Files\Oracle\Java\java8path;C:\Program Files (x86)\Common Files\Oracle\Java\javapath;C:\Program Files\Microsoft\jdk-11.0.12.7-hotspot\bin;C:\windows\system32;C:\windows;C:\windows\System32\Wbem;C:\windows\System32\WindowsPowerShell\v1.0\;C:\windows\System32\OpenSSH\;C:\Program Files\dotnet\;\msys64\mingw64\bin;C:\msys64\mingw64;C:\WINDOWS\system32;C:\WINDOWS;C:\WINDOWS\System32\Wbem;C:\WINDOWS\System32\WindowsPowerShell\v1.0\;C:\WINDOWS\System32\OpenSSH\;C:\ProgramData\chocolatey\bin;C:\Program Files\swipl\bin;C:\Program Files\Microsoft SQL Server\150\Tools\Binn\;C:\Program Files\Microsoft SQL Server\Client SDK\ODBC\170\Tools\Binn\;C:\Program Files (x86)\Windows Kits\10\Windows Performance Toolkit\;C:\Program Files\Git\cmd;C:\Program Files\nodejs\;C:\Users\Lynneth Dela Cerna\AppData\Local\Microsoft\WindowsApps;C:\Users\Lynneth Dela Cerna\AppData\Local\Programs\Microsoft VS Code\bin;C:\Users\Lynneth Dela Cerna\.dotnet\tools;C:\ghcup\bin;C:\Users\Lynneth Dela Cerna\AppData\Local\GitHubDesktop\bin;C:\Users\Lynneth Dela Cerna\AppData\Roaming\npm
USERNAME=Lynneth Dela Cerna
OS=Windows_NT
PROCESSOR_IDENTIFIER=Intel64 Family 6 Model 154 Stepping 4, GenuineIntel
TMP=C:\Users\LYNNET~1\AppData\Local\Temp
TEMP=C:\Users\LYNNET~1\AppData\Local\Temp




Periodic native trim disabled

---------------  S Y S T E M  ---------------

OS:
 Windows 11 , 64 bit Build 22621 (10.0.22621.4391)
OS uptime: 11 days 17:09 hours
Hyper-V role detected

CPU: total 12 (initial active 12) (6 cores per cpu, 2 threads per core) family 6 model 154 stepping 4 microcode 0x42c, cx8, cmov, fxsr, ht, mmx, 3dnowpref, sse, sse2, sse3, ssse3, sse4.1, sse4.2, popcnt, lzcnt, tsc, tscinvbit, avx, avx2, aes, erms, clmul, bmi1, bmi2, adx, sha, fma, vzeroupper, clflush, clflushopt, clwb, hv, serialize, rdtscp, rdpid, fsrm, gfni, f16c, cet_ibt, cet_ss
Processor Information for processor 0
  Max Mhz: 1300, Current Mhz: 1300, Mhz Limit: 1300
Processor Information for processor 1
  Max Mhz: 1300, Current Mhz: 1300, Mhz Limit: 1300
Processor Information for processor 2
  Max Mhz: 1300, Current Mhz: 1300, Mhz Limit: 1300
Processor Information for processor 3
  Max Mhz: 1300, Current Mhz: 1300, Mhz Limit: 1300
Processor Information for processor 4
  Max Mhz: 1300, Current Mhz: 900, Mhz Limit: 897
Processor Information for processor 5
  Max Mhz: 1300, Current Mhz: 900, Mhz Limit: 897
Processor Information for processor 6
  Max Mhz: 1300, Current Mhz: 900, Mhz Limit: 897
Processor Information for processor 7
  Max Mhz: 1300, Current Mhz: 900, Mhz Limit: 897
Processor Information for processor 8
  Max Mhz: 1300, Current Mhz: 900, Mhz Limit: 897
Processor Information for processor 9
  Max Mhz: 1300, Current Mhz: 900, Mhz Limit: 897
Processor Information for processor 10
  Max Mhz: 1300, Current Mhz: 900, Mhz Limit: 897
Processor Information for processor 11
  Max Mhz: 1300, Current Mhz: 900, Mhz Limit: 897

Memory: 4k page, system-wide physical 7863M (35M free)
TotalPageFile size 32439M (AvailPageFile size 68M)
current process WorkingSet (physical memory assigned to process): 315M, peak: 315M
current process commit charge ("private bytes"): 485M, peak: 936M

vm_info: Java HotSpot(TM) 64-Bit Server VM (23+37-2369) for windows-amd64 JRE (23+37-2369), built on 2024-08-20T16:01:23Z with MS VC++ 17.6 (VS2022)

END.
