#
# There is insufficient memory for the Java Runtime Environment to continue.
# Native memory allocation (mmap) failed to map 392167424 bytes. Error detail: G1 virtual space
# Possible reasons:
#   The system is out of physical RAM or swap space
#   This process is running with CompressedOops enabled, and the Java Heap may be blocking the growth of the native heap
# Possible solutions:
#   Reduce memory load on the system
#   Increase physical memory or swap space
#   Check if swap backing store is full
#   Decrease Java heap size (-Xmx/-Xms)
#   Decrease number of Java threads
#   Decrease Java thread stack sizes (-Xss)
#   Set larger code cache with -XX:ReservedCodeCacheSize=
#   JVM is running with Unscaled Compressed Oops mode in which the Java heap is
#     placed in the first 4GB address space. The Java Heap base address is the
#     maximum limit for the native heap growth. Please use -XX:HeapBaseMinAddress
#     to set the Java Heap base and to place the Java Heap above 4GB virtual address.
# This output file may be truncated or incomplete.
#
#  Out of Memory Error (os_windows.cpp:3703), pid=12224, tid=11816
#
# JRE version: Java(TM) SE Runtime Environment (23.0+37) (build 23+37-2369)
# Java VM: Java HotSpot(TM) 64-Bit Server VM (23+37-2369, mixed mode, sharing, tiered, compressed oops, compressed class ptrs, g1 gc, windows-amd64)
# No core dump will be written. Minidumps are not enabled by default on client versions of Windows
#

---------------  S U M M A R Y ------------

Command Line: -Dfile.encoding=UTF-8 --module-path=C:\Java\javafx-sdk-23\lb --add-modules=javafx.controls,javafx.fxml --module-path=C:\Users\Lynneth Dela Cerna\Downloads\openjfx-23_windows-x64_bin-sdk\javafx-sdk-23\lib\javafx-swt.jar;C:\Users\Lynneth Dela Cerna\Downloads\openjfx-23_windows-x64_bin-sdk\javafx-sdk-23\lib\javafx.base.jar;C:\Users\Lynneth Dela Cerna\Downloads\openjfx-23_windows-x64_bin-sdk\javafx-sdk-23\lib\javafx.controls.jar;C:\Users\Lynneth Dela Cerna\Downloads\openjfx-23_windows-x64_bin-sdk\javafx-sdk-23\lib\javafx.fxml.jar;C:\Users\Lynneth Dela Cerna\Downloads\openjfx-23_windows-x64_bin-sdk\javafx-sdk-23\lib\javafx.graphics.jar;C:\Users\Lynneth Dela Cerna\Downloads\openjfx-23_windows-x64_bin-sdk\javafx-sdk-23\lib\javafx.media.jar;C:\Users\Lynneth Dela Cerna\Downloads\openjfx-23_windows-x64_bin-sdk\javafx-sdk-23\lib\javafx.swing.jar;C:\Users\Lynneth Dela Cerna\Downloads\openjfx-23_windows-x64_bin-sdk\javafx-sdk-23\lib\javafx.web.jar IDE.JavaFXMainClass

Host: 12th Gen Intel(R) Core(TM) i5-1235U, 12 cores, 7G,  Windows 11 , 64 bit Build 22621 (10.0.22621.4391)
Time: Wed Dec  4 23:16:02 2024 Malay Peninsula Standard Time elapsed time: 1.031237 seconds (0d 0h 0m 1s)

---------------  T H R E A D  ---------------

Current thread (0x0000021b1e181750):  VMThread "VM Thread"          [id=11816, stack(0x000000b81c300000,0x000000b81c400000) (1024K)]

Stack: [0x000000b81c300000,0x000000b81c400000]
Native frames: (J=compiled Java code, j=interpreted, Vv=VM code, C=native code)
V  [jvm.dll+0x6e08a9]  (no source info available)
V  [jvm.dll+0x87da63]  (no source info available)
V  [jvm.dll+0x87feee]  (no source info available)
V  [jvm.dll+0x8805c3]  (no source info available)
V  [jvm.dll+0x27aee6]  (no source info available)
V  [jvm.dll+0x6dd1b5]  (no source info available)
V  [jvm.dll+0x6d103a]  (no source info available)
V  [jvm.dll+0x35b3ea]  (no source info available)
V  [jvm.dll+0x3637f6]  (no source info available)
V  [jvm.dll+0x34fd5e]  (no source info available)
V  [jvm.dll+0x34fff8]  (no source info available)
V  [jvm.dll+0x3289cc]  (no source info available)
V  [jvm.dll+0x328a5a]  (no source info available)
V  [jvm.dll+0x374c92]  (no source info available)
V  [jvm.dll+0x373392]  (no source info available)
V  [jvm.dll+0x3281a7]  (no source info available)
V  [jvm.dll+0x372e58]  (no source info available)
V  [jvm.dll+0x886500]  (no source info available)
V  [jvm.dll+0x887827]  (no source info available)
V  [jvm.dll+0x887d58]  (no source info available)
V  [jvm.dll+0x887ff3]  (no source info available)
V  [jvm.dll+0x824f1b]  (no source info available)
V  [jvm.dll+0x6df055]  (no source info available)
C  [ucrtbase.dll+0x29333]  (no source info available)
C  [KERNEL32.DLL+0x1259d]  (no source info available)
C  [ntdll.dll+0x5af38]  (no source info available)

VM_Operation (0x000000b81d4fc2d8): G1TryInitiateConcMark, mode: safepoint, requested by thread 0x0000021b1ed8b810


---------------  P R O C E S S  ---------------

Threads class SMR info:
_java_thread_list=0x0000021b1ef3f2f0, length=16, elements={
0x0000021b7ef427d0, 0x0000021b1e19f430, 0x0000021b1e1a0150, 0x0000021b1e1a21d0,
0x0000021b1e1a2c30, 0x0000021b1e1a4ab0, 0x0000021b1e1a7c70, 0x0000021b1e1a8b60,
0x0000021b1e1b3e40, 0x0000021b1e2bacf0, 0x0000021b1e56b1b0, 0x0000021b1e878f60,
0x0000021b1e9d1cb0, 0x0000021b1ed8b810, 0x0000021b1eeedb10, 0x0000021b1ef4e050
}

Java Threads: ( => current thread )
  0x0000021b7ef427d0 JavaThread "main"                              [_thread_blocked, id=2632, stack(0x000000b81bc00000,0x000000b81bd00000) (1024K)]
  0x0000021b1e19f430 JavaThread "Reference Handler"          daemon [_thread_blocked, id=19160, stack(0x000000b81c400000,0x000000b81c500000) (1024K)]
  0x0000021b1e1a0150 JavaThread "Finalizer"                  daemon [_thread_blocked, id=18712, stack(0x000000b81c500000,0x000000b81c600000) (1024K)]
  0x0000021b1e1a21d0 JavaThread "Signal Dispatcher"          daemon [_thread_blocked, id=6560, stack(0x000000b81c600000,0x000000b81c700000) (1024K)]
  0x0000021b1e1a2c30 JavaThread "Attach Listener"            daemon [_thread_blocked, id=8560, stack(0x000000b81c700000,0x000000b81c800000) (1024K)]
  0x0000021b1e1a4ab0 JavaThread "Service Thread"             daemon [_thread_blocked, id=4908, stack(0x000000b81c800000,0x000000b81c900000) (1024K)]
  0x0000021b1e1a7c70 JavaThread "Monitor Deflation Thread"   daemon [_thread_blocked, id=11424, stack(0x000000b81c900000,0x000000b81ca00000) (1024K)]
  0x0000021b1e1a8b60 JavaThread "C2 CompilerThread0"         daemon [_thread_blocked, id=920, stack(0x000000b81ca00000,0x000000b81cb00000) (1024K)]
  0x0000021b1e1b3e40 JavaThread "C1 CompilerThread0"         daemon [_thread_blocked, id=1032, stack(0x000000b81cb00000,0x000000b81cc00000) (1024K)]
  0x0000021b1e2bacf0 JavaThread "Common-Cleaner"             daemon [_thread_blocked, id=21452, stack(0x000000b81cc00000,0x000000b81cd00000) (1024K)]
  0x0000021b1e56b1b0 JavaThread "Notification Thread"        daemon [_thread_blocked, id=13868, stack(0x000000b81ce00000,0x000000b81cf00000) (1024K)]
  0x0000021b1e878f60 JavaThread "QuantumRenderer-0"          daemon [_thread_blocked, id=13456, stack(0x000000b81cf00000,0x000000b81d000000) (1024K)]
  0x0000021b1e9d1cb0 JavaThread "InvokeLaterDispatcher"      daemon [_thread_blocked, id=4212, stack(0x000000b81cd00000,0x000000b81ce00000) (1024K)]
  0x0000021b1ed8b810 JavaThread "JavaFX Application Thread"         [_thread_blocked, id=17904, stack(0x000000b81d400000,0x000000b81d500000) (1024K)]
  0x0000021b1eeedb10 JavaThread "JavaFX-Launcher"                   [_thread_blocked, id=8536, stack(0x000000b81d700000,0x000000b81d800000) (1024K)]
  0x0000021b1ef4e050 JavaThread "Thread-2"                   daemon [_thread_blocked, id=16672, stack(0x000000b81d600000,0x000000b81d700000) (1024K)]
Total: 16

Other Threads:
=>0x0000021b1e181750 VMThread "VM Thread"                           [id=11816, stack(0x000000b81c300000,0x000000b81c400000) (1024K)]
  0x0000021b1e1716d0 WatcherThread "VM Periodic Task Thread"        [id=20752, stack(0x000000b81c200000,0x000000b81c300000) (1024K)]
  0x0000021b7fe73db0 WorkerThread "GC Thread#0"                     [id=18144, stack(0x000000b81bd00000,0x000000b81be00000) (1024K)]
  0x0000021b6c2fbbd0 WorkerThread "GC Thread#1"                     [id=19512, stack(0x000000b81d800000,0x000000b81d900000) (1024K)]
  0x0000021b6c2fbf80 WorkerThread "GC Thread#2"                     [id=22244, stack(0x000000b81d900000,0x000000b81da00000) (1024K)]
  0x0000021b6c2fe340 WorkerThread "GC Thread#3"                     [id=20040, stack(0x000000b81da00000,0x000000b81db00000) (1024K)]
  0x0000021b6c2ff250 WorkerThread "GC Thread#4"                     [id=18548, stack(0x000000b81db00000,0x000000b81dc00000) (1024K)]
  0x0000021b6c300110 WorkerThread "GC Thread#5"                     [id=8400, stack(0x000000b81dc00000,0x000000b81dd00000) (1024K)]
  0x0000021b6c2ffd60 WorkerThread "GC Thread#6"                     [id=18688, stack(0x000000b81dd00000,0x000000b81de00000) (1024K)]
  0x0000021b6c2ff9b0 WorkerThread "GC Thread#7"                     [id=20648, stack(0x000000b81de00000,0x000000b81df00000) (1024K)]
  0x0000021b7fe89180 ConcurrentGCThread "G1 Main Marker"            [id=16340, stack(0x000000b81be00000,0x000000b81bf00000) (1024K)]
  0x0000021b7fe89c90 WorkerThread "G1 Conc#0"                       [id=5488, stack(0x000000b81bf00000,0x000000b81c000000) (1024K)]
  0x0000021b6c2fe740 WorkerThread "G1 Conc#1"                       [id=13776, stack(0x000000b81df00000,0x000000b81e000000) (1024K)]
  0x0000021b6c2feaf0 WorkerThread "G1 Conc#2"                       [id=14472, stack(0x000000b81e000000,0x000000b81e100000) (1024K)]
  0x0000021b7fedeb10 ConcurrentGCThread "G1 Refine#0"               [id=10980, stack(0x000000b81c000000,0x000000b81c100000) (1024K)]
  0x0000021b1e0444e0 ConcurrentGCThread "G1 Service"                [id=6656, stack(0x000000b81c100000,0x000000b81c200000) (1024K)]
Total: 16

Threads with active compile tasks:
C2 CompilerThread0  1113 1443       4       com.sun.javafx.iio.gif.GIFImageLoader2::decodeImage (161 bytes)
Total: 1

VM state: at safepoint (normal execution)

VM Mutex/Monitor currently owned by a thread:  ([mutex/lock_event])
[0x00007fff5f793910] Threads_lock - owner thread: 0x0000021b1e181750
[0x00007fff5f793a10] Heap_lock - owner thread: 0x0000021b1ed8b810

Heap address: 0x0000000085200000, size: 1966 MB, Compressed Oops mode: 32-bit

CDS archive(s) mapped at: [0x0000021b1f000000-0x0000021b1fd70000-0x0000021b1fd70000), size 14090240, SharedBaseAddress: 0x0000021b1f000000, ArchiveRelocationMode: 1.
Compressed class space mapped at: 0x0000021b20000000-0x0000021b60000000, reserved size: 1073741824
Narrow klass base: 0x0000021b1f000000, Narrow klass shift: 0, Narrow klass range: 0x41000000

GC Precious Log:
 CardTable entry size: 512
 Card Set container configuration: InlinePtr #cards 5 size 8 Array Of Cards #cards 10 size 36 Howl #buckets 4 coarsen threshold 1843 Howl Bitmap #cards 512 size 80 coarsen threshold 460 Card regions per heap region 1 cards per card region 2048
 CPUs: 12 total, 12 available
 Memory: 7863M
 Large Page Support: Disabled
 NUMA Support: Disabled
 Compressed Oops: Enabled (32-bit)
 Heap Region Size: 1M
 Heap Min Capacity: 8M
 Heap Initial Capacity: 124M
 Heap Max Capacity: 1966M
 Pre-touch: Disabled
 Parallel Workers: 10
 Concurrent Workers: 3
 Concurrent Refinement Workers: 10
 Periodic GC: Disabled

Heap:
 garbage-first heap   total reserved 2013184K, committed 191488K, used 118290K [0x0000000085200000, 0x0000000100000000)
  region size 1024K, 3 young (3072K), 3 survivors (3072K)
 Metaspace       used 7488K, committed 7744K, reserved 1114112K
  class space    used 918K, committed 1024K, reserved 1048576K

Heap Regions: E=young(eden), S=young(survivor), O=old, HS=humongous(starts), HC=humongous(continues), CS=collection set, F=free, TAMS=top-at-mark-start, PB=parsable bottom
|   0|0x0000000085200000, 0x0000000085300000, 0x0000000085300000|100%| O|  |TAMS 0x0000000085300000| PB 0x0000000085200000| Untracked |  0
|   1|0x0000000085300000, 0x0000000085400000, 0x0000000085400000|100%|HS|  |TAMS 0x0000000085400000| PB 0x0000000085300000| Complete |  0
|   2|0x0000000085400000, 0x0000000085500000, 0x0000000085500000|100%|HC|  |TAMS 0x0000000085500000| PB 0x0000000085400000| Complete |  0
|   3|0x0000000085500000, 0x0000000085600000, 0x0000000085600000|100%|HC|  |TAMS 0x0000000085600000| PB 0x0000000085500000| Complete |  0
|   4|0x0000000085600000, 0x0000000085700000, 0x0000000085700000|100%|HC|  |TAMS 0x0000000085700000| PB 0x0000000085600000| Complete |  0
|   5|0x0000000085700000, 0x0000000085800000, 0x0000000085800000|100%|HC|  |TAMS 0x0000000085800000| PB 0x0000000085700000| Complete |  0
|   6|0x0000000085800000, 0x0000000085800000, 0x0000000085900000|  0%| F|  |TAMS 0x0000000085800000| PB 0x0000000085800000| Untracked |  0
|   7|0x0000000085900000, 0x0000000085900000, 0x0000000085a00000|  0%| F|  |TAMS 0x0000000085900000| PB 0x0000000085900000| Untracked |  0
|   8|0x0000000085a00000, 0x0000000085b00000, 0x0000000085b00000|100%|HS|  |TAMS 0x0000000085b00000| PB 0x0000000085a00000| Complete |  0
|   9|0x0000000085b00000, 0x0000000085c00000, 0x0000000085c00000|100%|HC|  |TAMS 0x0000000085c00000| PB 0x0000000085b00000| Complete |  0
|  10|0x0000000085c00000, 0x0000000085d00000, 0x0000000085d00000|100%|HC|  |TAMS 0x0000000085d00000| PB 0x0000000085c00000| Complete |  0
|  11|0x0000000085d00000, 0x0000000085e00000, 0x0000000085e00000|100%|HC|  |TAMS 0x0000000085e00000| PB 0x0000000085d00000| Complete |  0
|  12|0x0000000085e00000, 0x0000000085f00000, 0x0000000085f00000|100%|HC|  |TAMS 0x0000000085f00000| PB 0x0000000085e00000| Complete |  0
|  13|0x0000000085f00000, 0x0000000086000000, 0x0000000086000000|100%|HS|  |TAMS 0x0000000086000000| PB 0x0000000085f00000| Complete |  0
|  14|0x0000000086000000, 0x0000000086100000, 0x0000000086100000|100%|HC|  |TAMS 0x0000000086100000| PB 0x0000000086000000| Complete |  0
|  15|0x0000000086100000, 0x0000000086200000, 0x0000000086200000|100%|HC|  |TAMS 0x0000000086200000| PB 0x0000000086100000| Complete |  0
|  16|0x0000000086200000, 0x0000000086300000, 0x0000000086300000|100%|HC|  |TAMS 0x0000000086300000| PB 0x0000000086200000| Complete |  0
|  17|0x0000000086300000, 0x0000000086400000, 0x0000000086400000|100%|HC|  |TAMS 0x0000000086400000| PB 0x0000000086300000| Complete |  0
|  18|0x0000000086400000, 0x0000000086500000, 0x0000000086500000|100%|HS|  |TAMS 0x0000000086500000| PB 0x0000000086400000| Complete |  0
|  19|0x0000000086500000, 0x0000000086600000, 0x0000000086600000|100%|HC|  |TAMS 0x0000000086600000| PB 0x0000000086500000| Complete |  0
|  20|0x0000000086600000, 0x0000000086700000, 0x0000000086700000|100%|HC|  |TAMS 0x0000000086700000| PB 0x0000000086600000| Complete |  0
|  21|0x0000000086700000, 0x0000000086800000, 0x0000000086800000|100%|HC|  |TAMS 0x0000000086800000| PB 0x0000000086700000| Complete |  0
|  22|0x0000000086800000, 0x0000000086900000, 0x0000000086900000|100%|HC|  |TAMS 0x0000000086900000| PB 0x0000000086800000| Complete |  0
|  23|0x0000000086900000, 0x0000000086a00000, 0x0000000086a00000|100%|HS|  |TAMS 0x0000000086a00000| PB 0x0000000086900000| Complete |  0
|  24|0x0000000086a00000, 0x0000000086b00000, 0x0000000086b00000|100%|HC|  |TAMS 0x0000000086b00000| PB 0x0000000086a00000| Complete |  0
|  25|0x0000000086b00000, 0x0000000086c00000, 0x0000000086c00000|100%|HC|  |TAMS 0x0000000086c00000| PB 0x0000000086b00000| Complete |  0
|  26|0x0000000086c00000, 0x0000000086d00000, 0x0000000086d00000|100%|HC|  |TAMS 0x0000000086d00000| PB 0x0000000086c00000| Complete |  0
|  27|0x0000000086d00000, 0x0000000086e00000, 0x0000000086e00000|100%|HC|  |TAMS 0x0000000086e00000| PB 0x0000000086d00000| Complete |  0
|  28|0x0000000086e00000, 0x0000000086f00000, 0x0000000086f00000|100%|HS|  |TAMS 0x0000000086f00000| PB 0x0000000086e00000| Complete |  0
|  29|0x0000000086f00000, 0x0000000087000000, 0x0000000087000000|100%|HC|  |TAMS 0x0000000087000000| PB 0x0000000086f00000| Complete |  0
|  30|0x0000000087000000, 0x0000000087100000, 0x0000000087100000|100%|HC|  |TAMS 0x0000000087100000| PB 0x0000000087000000| Complete |  0
|  31|0x0000000087100000, 0x0000000087200000, 0x0000000087200000|100%|HC|  |TAMS 0x0000000087200000| PB 0x0000000087100000| Complete |  0
|  32|0x0000000087200000, 0x0000000087300000, 0x0000000087300000|100%|HC|  |TAMS 0x0000000087300000| PB 0x0000000087200000| Complete |  0
|  33|0x0000000087300000, 0x0000000087400000, 0x0000000087400000|100%|HS|  |TAMS 0x0000000087400000| PB 0x0000000087300000| Complete |  0
|  34|0x0000000087400000, 0x0000000087500000, 0x0000000087500000|100%|HC|  |TAMS 0x0000000087500000| PB 0x0000000087400000| Complete |  0
|  35|0x0000000087500000, 0x0000000087600000, 0x0000000087600000|100%|HC|  |TAMS 0x0000000087600000| PB 0x0000000087500000| Complete |  0
|  36|0x0000000087600000, 0x0000000087700000, 0x0000000087700000|100%|HC|  |TAMS 0x0000000087700000| PB 0x0000000087600000| Complete |  0
|  37|0x0000000087700000, 0x0000000087800000, 0x0000000087800000|100%|HC|  |TAMS 0x0000000087800000| PB 0x0000000087700000| Complete |  0
|  38|0x0000000087800000, 0x0000000087900000, 0x0000000087900000|100%|HS|  |TAMS 0x0000000087900000| PB 0x0000000087800000| Complete |  0
|  39|0x0000000087900000, 0x0000000087a00000, 0x0000000087a00000|100%|HC|  |TAMS 0x0000000087a00000| PB 0x0000000087900000| Complete |  0
|  40|0x0000000087a00000, 0x0000000087b00000, 0x0000000087b00000|100%|HC|  |TAMS 0x0000000087b00000| PB 0x0000000087a00000| Complete |  0
|  41|0x0000000087b00000, 0x0000000087c00000, 0x0000000087c00000|100%|HC|  |TAMS 0x0000000087c00000| PB 0x0000000087b00000| Complete |  0
|  42|0x0000000087c00000, 0x0000000087d00000, 0x0000000087d00000|100%|HC|  |TAMS 0x0000000087d00000| PB 0x0000000087c00000| Complete |  0
|  43|0x0000000087d00000, 0x0000000087e00000, 0x0000000087e00000|100%|HS|  |TAMS 0x0000000087e00000| PB 0x0000000087d00000| Complete |  0
|  44|0x0000000087e00000, 0x0000000087f00000, 0x0000000087f00000|100%|HC|  |TAMS 0x0000000087f00000| PB 0x0000000087e00000| Complete |  0
|  45|0x0000000087f00000, 0x0000000088000000, 0x0000000088000000|100%|HC|  |TAMS 0x0000000088000000| PB 0x0000000087f00000| Complete |  0
|  46|0x0000000088000000, 0x0000000088100000, 0x0000000088100000|100%|HC|  |TAMS 0x0000000088100000| PB 0x0000000088000000| Complete |  0
|  47|0x0000000088100000, 0x0000000088200000, 0x0000000088200000|100%|HC|  |TAMS 0x0000000088200000| PB 0x0000000088100000| Complete |  0
|  48|0x0000000088200000, 0x0000000088300000, 0x0000000088300000|100%|HS|  |TAMS 0x0000000088300000| PB 0x0000000088200000| Complete |  0
|  49|0x0000000088300000, 0x0000000088400000, 0x0000000088400000|100%|HC|  |TAMS 0x0000000088400000| PB 0x0000000088300000| Complete |  0
|  50|0x0000000088400000, 0x0000000088500000, 0x0000000088500000|100%|HC|  |TAMS 0x0000000088500000| PB 0x0000000088400000| Complete |  0
|  51|0x0000000088500000, 0x0000000088600000, 0x0000000088600000|100%|HC|  |TAMS 0x0000000088600000| PB 0x0000000088500000| Complete |  0
|  52|0x0000000088600000, 0x0000000088700000, 0x0000000088700000|100%|HC|  |TAMS 0x0000000088700000| PB 0x0000000088600000| Complete |  0
|  53|0x0000000088700000, 0x0000000088800000, 0x0000000088800000|100%| O|  |TAMS 0x0000000088800000| PB 0x0000000088700000| Untracked |  0
|  54|0x0000000088800000, 0x0000000088900000, 0x0000000088900000|100%| O|  |TAMS 0x0000000088900000| PB 0x0000000088800000| Untracked |  0
|  55|0x0000000088900000, 0x0000000088927440, 0x0000000088a00000| 15%| O|  |TAMS 0x0000000088927440| PB 0x0000000088900000| Untracked |  0
|  56|0x0000000088a00000, 0x0000000088b00000, 0x0000000088b00000|100%|HS|  |TAMS 0x0000000088b00000| PB 0x0000000088a00000| Complete |  0
|  57|0x0000000088b00000, 0x0000000088c00000, 0x0000000088c00000|100%|HC|  |TAMS 0x0000000088c00000| PB 0x0000000088b00000| Complete |  0
|  58|0x0000000088c00000, 0x0000000088d00000, 0x0000000088d00000|100%|HC|  |TAMS 0x0000000088d00000| PB 0x0000000088c00000| Complete |  0
|  59|0x0000000088d00000, 0x0000000088e00000, 0x0000000088e00000|100%|HC|  |TAMS 0x0000000088e00000| PB 0x0000000088d00000| Complete |  0
|  60|0x0000000088e00000, 0x0000000088f00000, 0x0000000088f00000|100%|HC|  |TAMS 0x0000000088f00000| PB 0x0000000088e00000| Complete |  0
|  61|0x0000000088f00000, 0x0000000089000000, 0x0000000089000000|100%|HS|  |TAMS 0x0000000089000000| PB 0x0000000088f00000| Complete |  0
|  62|0x0000000089000000, 0x0000000089100000, 0x0000000089100000|100%|HC|  |TAMS 0x0000000089100000| PB 0x0000000089000000| Complete |  0
|  63|0x0000000089100000, 0x0000000089200000, 0x0000000089200000|100%|HC|  |TAMS 0x0000000089200000| PB 0x0000000089100000| Complete |  0
|  64|0x0000000089200000, 0x0000000089300000, 0x0000000089300000|100%|HC|  |TAMS 0x0000000089300000| PB 0x0000000089200000| Complete |  0
|  65|0x0000000089300000, 0x0000000089400000, 0x0000000089400000|100%|HC|  |TAMS 0x0000000089400000| PB 0x0000000089300000| Complete |  0
|  66|0x0000000089400000, 0x0000000089500000, 0x0000000089500000|100%|HS|  |TAMS 0x0000000089500000| PB 0x0000000089400000| Complete |  0
|  67|0x0000000089500000, 0x0000000089600000, 0x0000000089600000|100%|HC|  |TAMS 0x0000000089600000| PB 0x0000000089500000| Complete |  0
|  68|0x0000000089600000, 0x0000000089700000, 0x0000000089700000|100%|HC|  |TAMS 0x0000000089700000| PB 0x0000000089600000| Complete |  0
|  69|0x0000000089700000, 0x0000000089800000, 0x0000000089800000|100%|HC|  |TAMS 0x0000000089800000| PB 0x0000000089700000| Complete |  0
|  70|0x0000000089800000, 0x0000000089900000, 0x0000000089900000|100%|HC|  |TAMS 0x0000000089900000| PB 0x0000000089800000| Complete |  0
|  71|0x0000000089900000, 0x0000000089a00000, 0x0000000089a00000|100%|HS|  |TAMS 0x0000000089a00000| PB 0x0000000089900000| Complete |  0
|  72|0x0000000089a00000, 0x0000000089b00000, 0x0000000089b00000|100%|HC|  |TAMS 0x0000000089b00000| PB 0x0000000089a00000| Complete |  0
|  73|0x0000000089b00000, 0x0000000089c00000, 0x0000000089c00000|100%|HC|  |TAMS 0x0000000089c00000| PB 0x0000000089b00000| Complete |  0
|  74|0x0000000089c00000, 0x0000000089d00000, 0x0000000089d00000|100%|HC|  |TAMS 0x0000000089d00000| PB 0x0000000089c00000| Complete |  0
|  75|0x0000000089d00000, 0x0000000089e00000, 0x0000000089e00000|100%|HC|  |TAMS 0x0000000089e00000| PB 0x0000000089d00000| Complete |  0
|  76|0x0000000089e00000, 0x0000000089f00000, 0x0000000089f00000|100%|HS|  |TAMS 0x0000000089f00000| PB 0x0000000089e00000| Complete |  0
|  77|0x0000000089f00000, 0x000000008a000000, 0x000000008a000000|100%|HC|  |TAMS 0x000000008a000000| PB 0x0000000089f00000| Complete |  0
|  78|0x000000008a000000, 0x000000008a100000, 0x000000008a100000|100%|HC|  |TAMS 0x000000008a100000| PB 0x000000008a000000| Complete |  0
|  79|0x000000008a100000, 0x000000008a200000, 0x000000008a200000|100%|HC|  |TAMS 0x000000008a200000| PB 0x000000008a100000| Complete |  0
|  80|0x000000008a200000, 0x000000008a300000, 0x000000008a300000|100%|HC|  |TAMS 0x000000008a300000| PB 0x000000008a200000| Complete |  0
|  81|0x000000008a300000, 0x000000008a400000, 0x000000008a400000|100%|HS|  |TAMS 0x000000008a400000| PB 0x000000008a300000| Complete |  0
|  82|0x000000008a400000, 0x000000008a500000, 0x000000008a500000|100%|HC|  |TAMS 0x000000008a500000| PB 0x000000008a400000| Complete |  0
|  83|0x000000008a500000, 0x000000008a600000, 0x000000008a600000|100%|HC|  |TAMS 0x000000008a600000| PB 0x000000008a500000| Complete |  0
|  84|0x000000008a600000, 0x000000008a700000, 0x000000008a700000|100%|HC|  |TAMS 0x000000008a700000| PB 0x000000008a600000| Complete |  0
|  85|0x000000008a700000, 0x000000008a800000, 0x000000008a800000|100%|HC|  |TAMS 0x000000008a800000| PB 0x000000008a700000| Complete |  0
|  86|0x000000008a800000, 0x000000008a900000, 0x000000008a900000|100%|HS|  |TAMS 0x000000008a900000| PB 0x000000008a800000| Complete |  0
|  87|0x000000008a900000, 0x000000008aa00000, 0x000000008aa00000|100%|HC|  |TAMS 0x000000008aa00000| PB 0x000000008a900000| Complete |  0
|  88|0x000000008aa00000, 0x000000008ab00000, 0x000000008ab00000|100%|HC|  |TAMS 0x000000008ab00000| PB 0x000000008aa00000| Complete |  0
|  89|0x000000008ab00000, 0x000000008ac00000, 0x000000008ac00000|100%|HC|  |TAMS 0x000000008ac00000| PB 0x000000008ab00000| Complete |  0
|  90|0x000000008ac00000, 0x000000008ad00000, 0x000000008ad00000|100%|HC|  |TAMS 0x000000008ad00000| PB 0x000000008ac00000| Complete |  0
|  91|0x000000008ad00000, 0x000000008ae00000, 0x000000008ae00000|100%|HS|  |TAMS 0x000000008ae00000| PB 0x000000008ad00000| Complete |  0
|  92|0x000000008ae00000, 0x000000008af00000, 0x000000008af00000|100%|HC|  |TAMS 0x000000008af00000| PB 0x000000008ae00000| Complete |  0
|  93|0x000000008af00000, 0x000000008b000000, 0x000000008b000000|100%|HC|  |TAMS 0x000000008b000000| PB 0x000000008af00000| Complete |  0
|  94|0x000000008b000000, 0x000000008b100000, 0x000000008b100000|100%|HC|  |TAMS 0x000000008b100000| PB 0x000000008b000000| Complete |  0
|  95|0x000000008b100000, 0x000000008b200000, 0x000000008b200000|100%|HC|  |TAMS 0x000000008b200000| PB 0x000000008b100000| Complete |  0
|  96|0x000000008b200000, 0x000000008b300000, 0x000000008b300000|100%|HS|  |TAMS 0x000000008b300000| PB 0x000000008b200000| Complete |  0
|  97|0x000000008b300000, 0x000000008b400000, 0x000000008b400000|100%|HC|  |TAMS 0x000000008b400000| PB 0x000000008b300000| Complete |  0
|  98|0x000000008b400000, 0x000000008b500000, 0x000000008b500000|100%|HC|  |TAMS 0x000000008b500000| PB 0x000000008b400000| Complete |  0
|  99|0x000000008b500000, 0x000000008b600000, 0x000000008b600000|100%|HC|  |TAMS 0x000000008b600000| PB 0x000000008b500000| Complete |  0
| 100|0x000000008b600000, 0x000000008b700000, 0x000000008b700000|100%|HC|  |TAMS 0x000000008b700000| PB 0x000000008b600000| Complete |  0
| 101|0x000000008b700000, 0x000000008b800000, 0x000000008b800000|100%|HS|  |TAMS 0x000000008b800000| PB 0x000000008b700000| Complete |  0
| 102|0x000000008b800000, 0x000000008b900000, 0x000000008b900000|100%|HC|  |TAMS 0x000000008b900000| PB 0x000000008b800000| Complete |  0
| 103|0x000000008b900000, 0x000000008ba00000, 0x000000008ba00000|100%|HC|  |TAMS 0x000000008ba00000| PB 0x000000008b900000| Complete |  0
| 104|0x000000008ba00000, 0x000000008bb00000, 0x000000008bb00000|100%|HC|  |TAMS 0x000000008bb00000| PB 0x000000008ba00000| Complete |  0
| 105|0x000000008bb00000, 0x000000008bc00000, 0x000000008bc00000|100%|HC|  |TAMS 0x000000008bc00000| PB 0x000000008bb00000| Complete |  0
| 106|0x000000008bc00000, 0x000000008bd00000, 0x000000008bd00000|100%|HS|  |TAMS 0x000000008bd00000| PB 0x000000008bc00000| Complete |  0
| 107|0x000000008bd00000, 0x000000008be00000, 0x000000008be00000|100%|HC|  |TAMS 0x000000008be00000| PB 0x000000008bd00000| Complete |  0
| 108|0x000000008be00000, 0x000000008bf00000, 0x000000008bf00000|100%|HC|  |TAMS 0x000000008bf00000| PB 0x000000008be00000| Complete |  0
| 109|0x000000008bf00000, 0x000000008c000000, 0x000000008c000000|100%|HC|  |TAMS 0x000000008c000000| PB 0x000000008bf00000| Complete |  0
| 110|0x000000008c000000, 0x000000008c100000, 0x000000008c100000|100%|HC|  |TAMS 0x000000008c100000| PB 0x000000008c000000| Complete |  0
| 111|0x000000008c100000, 0x000000008c200000, 0x000000008c200000|100%|HS|  |TAMS 0x000000008c200000| PB 0x000000008c100000| Complete |  0
| 112|0x000000008c200000, 0x000000008c300000, 0x000000008c300000|100%|HC|  |TAMS 0x000000008c300000| PB 0x000000008c200000| Complete |  0
| 113|0x000000008c300000, 0x000000008c400000, 0x000000008c400000|100%|HC|  |TAMS 0x000000008c400000| PB 0x000000008c300000| Complete |  0
| 114|0x000000008c400000, 0x000000008c500000, 0x000000008c500000|100%|HC|  |TAMS 0x000000008c500000| PB 0x000000008c400000| Complete |  0
| 115|0x000000008c500000, 0x000000008c600000, 0x000000008c600000|100%|HC|  |TAMS 0x000000008c600000| PB 0x000000008c500000| Complete |  0
| 116|0x000000008c600000, 0x000000008c600000, 0x000000008c700000|  0%| F|  |TAMS 0x000000008c600000| PB 0x000000008c600000| Untracked |  0
| 117|0x000000008c700000, 0x000000008c700000, 0x000000008c800000|  0%| F|  |TAMS 0x000000008c700000| PB 0x000000008c700000| Untracked |  0
| 118|0x000000008c800000, 0x000000008c800000, 0x000000008c900000|  0%| F|  |TAMS 0x000000008c800000| PB 0x000000008c800000| Untracked |  0
| 119|0x000000008c900000, 0x000000008c900000, 0x000000008ca00000|  0%| F|  |TAMS 0x000000008c900000| PB 0x000000008c900000| Untracked |  0
| 120|0x000000008ca00000, 0x000000008ca00000, 0x000000008cb00000|  0%| F|  |TAMS 0x000000008ca00000| PB 0x000000008ca00000| Untracked |  0
| 121|0x000000008cb00000, 0x000000008cb00000, 0x000000008cc00000|  0%| F|  |TAMS 0x000000008cb00000| PB 0x000000008cb00000| Untracked |  0
| 122|0x000000008cc00000, 0x000000008cc00000, 0x000000008cd00000|  0%| F|  |TAMS 0x000000008cc00000| PB 0x000000008cc00000| Untracked |  0
| 123|0x000000008cd00000, 0x000000008cd00000, 0x000000008ce00000|  0%| F|  |TAMS 0x000000008cd00000| PB 0x000000008cd00000| Untracked |  0
| 124|0x000000008ce00000, 0x000000008ce00000, 0x000000008cf00000|  0%| F|  |TAMS 0x000000008ce00000| PB 0x000000008ce00000| Untracked |  0
| 125|0x000000008cf00000, 0x000000008cf00000, 0x000000008d000000|  0%| F|  |TAMS 0x000000008cf00000| PB 0x000000008cf00000| Untracked |  0
| 126|0x000000008d000000, 0x000000008d000000, 0x000000008d100000|  0%| F|  |TAMS 0x000000008d000000| PB 0x000000008d000000| Untracked |  0
| 127|0x000000008d100000, 0x000000008d100000, 0x000000008d200000|  0%| F|  |TAMS 0x000000008d100000| PB 0x000000008d100000| Untracked |  0
| 128|0x000000008d200000, 0x000000008d200000, 0x000000008d300000|  0%| F|  |TAMS 0x000000008d200000| PB 0x000000008d200000| Untracked |  0
| 129|0x000000008d300000, 0x000000008d300000, 0x000000008d400000|  0%| F|  |TAMS 0x000000008d300000| PB 0x000000008d300000| Untracked |  0
| 130|0x000000008d400000, 0x000000008d400000, 0x000000008d500000|  0%| F|  |TAMS 0x000000008d400000| PB 0x000000008d400000| Untracked |  0
| 131|0x000000008d500000, 0x000000008d500000, 0x000000008d600000|  0%| F|  |TAMS 0x000000008d500000| PB 0x000000008d500000| Untracked |  0
| 132|0x000000008d600000, 0x000000008d600000, 0x000000008d700000|  0%| F|  |TAMS 0x000000008d600000| PB 0x000000008d600000| Untracked |  0
| 133|0x000000008d700000, 0x000000008d700000, 0x000000008d800000|  0%| F|  |TAMS 0x000000008d700000| PB 0x000000008d700000| Untracked |  0
| 134|0x000000008d800000, 0x000000008d800000, 0x000000008d900000|  0%| F|  |TAMS 0x000000008d800000| PB 0x000000008d800000| Untracked |  0
| 135|0x000000008d900000, 0x000000008d900000, 0x000000008da00000|  0%| F|  |TAMS 0x000000008d900000| PB 0x000000008d900000| Untracked |  0
| 136|0x000000008da00000, 0x000000008da00000, 0x000000008db00000|  0%| F|  |TAMS 0x000000008da00000| PB 0x000000008da00000| Untracked |  0
| 137|0x000000008db00000, 0x000000008db00000, 0x000000008dc00000|  0%| F|  |TAMS 0x000000008db00000| PB 0x000000008db00000| Untracked |  0
| 138|0x000000008dc00000, 0x000000008dc00000, 0x000000008dd00000|  0%| F|  |TAMS 0x000000008dc00000| PB 0x000000008dc00000| Untracked |  0
| 139|0x000000008dd00000, 0x000000008dd00000, 0x000000008de00000|  0%| F|  |TAMS 0x000000008dd00000| PB 0x000000008dd00000| Untracked |  0
| 140|0x000000008de00000, 0x000000008de00000, 0x000000008df00000|  0%| F|  |TAMS 0x000000008de00000| PB 0x000000008de00000| Untracked |  0
| 141|0x000000008df00000, 0x000000008df00000, 0x000000008e000000|  0%| F|  |TAMS 0x000000008df00000| PB 0x000000008df00000| Untracked |  0
| 142|0x000000008e000000, 0x000000008e000000, 0x000000008e100000|  0%| F|  |TAMS 0x000000008e000000| PB 0x000000008e000000| Untracked |  0
| 143|0x000000008e100000, 0x000000008e100000, 0x000000008e200000|  0%| F|  |TAMS 0x000000008e100000| PB 0x000000008e100000| Untracked |  0
| 144|0x000000008e200000, 0x000000008e200000, 0x000000008e300000|  0%| F|  |TAMS 0x000000008e200000| PB 0x000000008e200000| Untracked |  0
| 145|0x000000008e300000, 0x000000008e300000, 0x000000008e400000|  0%| F|  |TAMS 0x000000008e300000| PB 0x000000008e300000| Untracked |  0
| 146|0x000000008e400000, 0x000000008e400000, 0x000000008e500000|  0%| F|  |TAMS 0x000000008e400000| PB 0x000000008e400000| Untracked |  0
| 147|0x000000008e500000, 0x000000008e500000, 0x000000008e600000|  0%| F|  |TAMS 0x000000008e500000| PB 0x000000008e500000| Untracked |  0
| 148|0x000000008e600000, 0x000000008e600000, 0x000000008e700000|  0%| F|  |TAMS 0x000000008e600000| PB 0x000000008e600000| Untracked |  0
| 149|0x000000008e700000, 0x000000008e700000, 0x000000008e800000|  0%| F|  |TAMS 0x000000008e700000| PB 0x000000008e700000| Untracked |  0
| 150|0x000000008e800000, 0x000000008e800000, 0x000000008e900000|  0%| F|  |TAMS 0x000000008e800000| PB 0x000000008e800000| Untracked |  0
| 151|0x000000008e900000, 0x000000008e900000, 0x000000008ea00000|  0%| F|  |TAMS 0x000000008e900000| PB 0x000000008e900000| Untracked |  0
| 152|0x000000008ea00000, 0x000000008ea00000, 0x000000008eb00000|  0%| F|  |TAMS 0x000000008ea00000| PB 0x000000008ea00000| Untracked |  0
| 153|0x000000008eb00000, 0x000000008eb00000, 0x000000008ec00000|  0%| F|  |TAMS 0x000000008eb00000| PB 0x000000008eb00000| Untracked |  0
| 154|0x000000008ec00000, 0x000000008ec00000, 0x000000008ed00000|  0%| F|  |TAMS 0x000000008ec00000| PB 0x000000008ec00000| Untracked |  0
| 155|0x000000008ed00000, 0x000000008ed00000, 0x000000008ee00000|  0%| F|  |TAMS 0x000000008ed00000| PB 0x000000008ed00000| Untracked |  0
| 156|0x000000008ee00000, 0x000000008ee00000, 0x000000008ef00000|  0%| F|  |TAMS 0x000000008ee00000| PB 0x000000008ee00000| Untracked |  0
| 157|0x000000008ef00000, 0x000000008ef00000, 0x000000008f000000|  0%| F|  |TAMS 0x000000008ef00000| PB 0x000000008ef00000| Untracked |  0
| 158|0x000000008f000000, 0x000000008f000000, 0x000000008f100000|  0%| F|  |TAMS 0x000000008f000000| PB 0x000000008f000000| Untracked |  0
| 159|0x000000008f100000, 0x000000008f100000, 0x000000008f200000|  0%| F|  |TAMS 0x000000008f100000| PB 0x000000008f100000| Untracked |  0
| 160|0x000000008f200000, 0x000000008f200000, 0x000000008f300000|  0%| F|  |TAMS 0x000000008f200000| PB 0x000000008f200000| Untracked |  0
| 161|0x000000008f300000, 0x000000008f300000, 0x000000008f400000|  0%| F|  |TAMS 0x000000008f300000| PB 0x000000008f300000| Untracked |  0
| 162|0x000000008f400000, 0x000000008f400000, 0x000000008f500000|  0%| F|  |TAMS 0x000000008f400000| PB 0x000000008f400000| Untracked |  0
| 163|0x000000008f500000, 0x000000008f500000, 0x000000008f600000|  0%| F|  |TAMS 0x000000008f500000| PB 0x000000008f500000| Untracked |  0
| 164|0x000000008f600000, 0x000000008f600000, 0x000000008f700000|  0%| F|  |TAMS 0x000000008f600000| PB 0x000000008f600000| Untracked |  0
| 165|0x000000008f700000, 0x000000008f700000, 0x000000008f800000|  0%| F|  |TAMS 0x000000008f700000| PB 0x000000008f700000| Untracked |  0
| 166|0x000000008f800000, 0x000000008f800000, 0x000000008f900000|  0%| F|  |TAMS 0x000000008f800000| PB 0x000000008f800000| Untracked |  0
| 167|0x000000008f900000, 0x000000008f900000, 0x000000008fa00000|  0%| F|  |TAMS 0x000000008f900000| PB 0x000000008f900000| Untracked |  0
| 168|0x000000008fa00000, 0x000000008fa00000, 0x000000008fb00000|  0%| F|  |TAMS 0x000000008fa00000| PB 0x000000008fa00000| Untracked |  0
| 169|0x000000008fb00000, 0x000000008fb00000, 0x000000008fc00000|  0%| F|  |TAMS 0x000000008fb00000| PB 0x000000008fb00000| Untracked |  0
| 170|0x000000008fc00000, 0x000000008fc00000, 0x000000008fd00000|  0%| F|  |TAMS 0x000000008fc00000| PB 0x000000008fc00000| Untracked |  0
| 171|0x000000008fd00000, 0x000000008fd00000, 0x000000008fe00000|  0%| F|  |TAMS 0x000000008fd00000| PB 0x000000008fd00000| Untracked |  0
| 172|0x000000008fe00000, 0x000000008fe00000, 0x000000008ff00000|  0%| F|  |TAMS 0x000000008fe00000| PB 0x000000008fe00000| Untracked |  0
| 173|0x000000008ff00000, 0x000000008ff00000, 0x0000000090000000|  0%| F|  |TAMS 0x000000008ff00000| PB 0x000000008ff00000| Untracked |  0
| 174|0x0000000090000000, 0x0000000090000000, 0x0000000090100000|  0%| F|  |TAMS 0x0000000090000000| PB 0x0000000090000000| Untracked |  0
| 175|0x0000000090100000, 0x0000000090100000, 0x0000000090200000|  0%| F|  |TAMS 0x0000000090100000| PB 0x0000000090100000| Untracked |  0
| 176|0x0000000090200000, 0x0000000090200000, 0x0000000090300000|  0%| F|  |TAMS 0x0000000090200000| PB 0x0000000090200000| Untracked |  0
| 177|0x0000000090300000, 0x0000000090300000, 0x0000000090400000|  0%| F|  |TAMS 0x0000000090300000| PB 0x0000000090300000| Untracked |  0
| 178|0x0000000090400000, 0x0000000090400000, 0x0000000090500000|  0%| F|  |TAMS 0x0000000090400000| PB 0x0000000090400000| Untracked |  0
| 179|0x0000000090500000, 0x0000000090500000, 0x0000000090600000|  0%| F|  |TAMS 0x0000000090500000| PB 0x0000000090500000| Untracked |  0
| 180|0x0000000090600000, 0x000000009065d660, 0x0000000090700000| 36%| S|CS|TAMS 0x0000000090600000| PB 0x0000000090600000| Complete |  0
| 181|0x0000000090700000, 0x0000000090800000, 0x0000000090800000|100%| S|CS|TAMS 0x0000000090700000| PB 0x0000000090700000| Complete |  0
| 182|0x0000000090800000, 0x0000000090900000, 0x0000000090900000|100%| S|CS|TAMS 0x0000000090800000| PB 0x0000000090800000| Complete |  0
| 183|0x0000000090900000, 0x0000000090900000, 0x0000000090a00000|  0%| F|  |TAMS 0x0000000090900000| PB 0x0000000090900000| Untracked |  0
| 184|0x0000000090a00000, 0x0000000090a00000, 0x0000000090b00000|  0%| F|  |TAMS 0x0000000090a00000| PB 0x0000000090a00000| Untracked |  0
| 185|0x0000000090b00000, 0x0000000090b00000, 0x0000000090c00000|  0%| F|  |TAMS 0x0000000090b00000| PB 0x0000000090b00000| Untracked |  0
| 186|0x0000000090c00000, 0x0000000090c00000, 0x0000000090d00000|  0%| F|  |TAMS 0x0000000090c00000| PB 0x0000000090c00000| Untracked |  0

Card table byte_map: [0x0000021b192a0000,0x0000021b19680000] _byte_map_base: 0x0000021b18e77000

Marking Bits: (CMBitMap*) 0x0000021b7fe744c0
 Bits: [0x0000021b19680000, 0x0000021b1b538000)

Polling page: 0x0000021b7f1f0000

Metaspace:

Usage:
  Non-class:      6.42 MB used.
      Class:    918.23 KB used.
       Both:      7.31 MB used.

Virtual space:
  Non-class space:       64.00 MB reserved,       6.56 MB ( 10%) committed,  1 nodes.
      Class space:        1.00 GB reserved,       1.00 MB ( <1%) committed,  1 nodes.
             Both:        1.06 GB reserved,       7.56 MB ( <1%) committed. 

Chunk freelists:
   Non-Class:  8.42 MB
       Class:  14.84 MB
        Both:  23.27 MB

MaxMetaspaceSize: unlimited
CompressedClassSpaceSize: 1.00 GB
Initial GC threshold: 21.00 MB
Current GC threshold: 21.00 MB
CDS: on
 - commit_granule_bytes: 65536.
 - commit_granule_words: 8192.
 - virtual_space_node_default_size: 8388608.
 - enlarge_chunks_in_place: 1.
 - use_allocation_guard: 0.


Internal statistics:

num_allocs_failed_limit: 0.
num_arena_births: 164.
num_arena_deaths: 0.
num_vsnodes_births: 2.
num_vsnodes_deaths: 0.
num_space_committed: 121.
num_space_uncommitted: 0.
num_chunks_returned_to_freelist: 0.
num_chunks_taken_from_freelist: 358.
num_chunk_merges: 0.
num_chunk_splits: 249.
num_chunks_enlarged: 173.
num_inconsistent_stats: 0.

CodeHeap 'non-profiled nmethods': size=120064Kb used=419Kb max_used=452Kb free=119644Kb
 bounds [0x0000021b11540000, 0x0000021b117b0000, 0x0000021b18a80000]
CodeHeap 'profiled nmethods': size=120000Kb used=1604Kb max_used=1926Kb free=118395Kb
 bounds [0x0000021b09a80000, 0x0000021b09cf0000, 0x0000021b10fb0000]
CodeHeap 'non-nmethods': size=5696Kb used=1488Kb max_used=1506Kb free=4207Kb
 bounds [0x0000021b10fb0000, 0x0000021b11220000, 0x0000021b11540000]
CodeCache: size=245760Kb, used=3511Kb, max_used=3884Kb, free=242246Kb
 total_blobs=1819, nmethods=1239, adapters=486, full_count=0
Compilation: enabled, stopped_count=0, restarted_count=0

Compilation events (20 events):
Event: 0.933 Thread 0x0000021b1e1b3e40 nmethod 1436 0x0000021b09ac2d88 code [0x0000021b09ac2ec0, 0x0000021b09ac3188]
Event: 0.933 Thread 0x0000021b1e1b3e40 1437       3       java.io.BufferedInputStream::read1 (121 bytes)
Event: 0.934 Thread 0x0000021b1e1b3e40 nmethod 1437 0x0000021b09a86e08 code [0x0000021b09a86fc0, 0x0000021b09a87730]
Event: 0.935 Thread 0x0000021b1e1b3e40 1439       3       java.io.BufferedInputStream::implRead (112 bytes)
Event: 0.936 Thread 0x0000021b1e1b3e40 nmethod 1439 0x0000021b09b7c908 code [0x0000021b09b7cac0, 0x0000021b09b7d1f0]
Event: 0.936 Thread 0x0000021b1e1b3e40 1438   !   3       java.io.BufferedInputStream::read (69 bytes)
Event: 0.936 Thread 0x0000021b1e1b3e40 nmethod 1438 0x0000021b09ace488 code [0x0000021b09ace680, 0x0000021b09acf378]
Event: 0.941 Thread 0x0000021b1e1b3e40 1440       3       com.sun.javafx.iio.gif.GIFImageLoader2::readBytes (44 bytes)
Event: 0.942 Thread 0x0000021b1e1b3e40 nmethod 1440 0x0000021b09ab0988 code [0x0000021b09ab0ae0, 0x0000021b09ab0e80]
Event: 0.942 Thread 0x0000021b1e1b3e40 1441       3       com.sun.javafx.iio.gif.GIFImageLoader2$LZWDecoder::readData (52 bytes)
Event: 0.942 Thread 0x0000021b1e1b3e40 nmethod 1441 0x0000021b09a93088 code [0x0000021b09a93200, 0x0000021b09a93680]
Event: 0.942 Thread 0x0000021b1e1a8b60 1442 %     4       com.sun.javafx.iio.gif.GIFImageLoader2::decodeImage @ 26 (161 bytes)
Event: 0.960 Thread 0x0000021b1e1a8b60 nmethod 1442% 0x0000021b11569108 code [0x0000021b115692c0, 0x0000021b1156a440]
Event: 0.964 Thread 0x0000021b1e1a8b60 1443       4       com.sun.javafx.iio.gif.GIFImageLoader2::decodeImage (161 bytes)
Event: 0.978 Thread 0x0000021b1e1b3e40 1444       3       java.lang.Integer::valueOf (32 bytes)
Event: 0.978 Thread 0x0000021b1e1b3e40 nmethod 1444 0x0000021b09b21c88 code [0x0000021b09b21dc0, 0x0000021b09b220b8]
Event: 0.979 Thread 0x0000021b1e1b3e40 1445       3       java.io.SequenceInputStream::read (68 bytes)
Event: 0.982 Thread 0x0000021b1e1b3e40 nmethod 1445 0x0000021b09aa3a88 code [0x0000021b09aa3c40, 0x0000021b09aa4438]
Event: 1.024 Thread 0x0000021b1e1b3e40 1447       1       com.sun.javafx.tk.quantum.QuantumToolkit$PulseTask::get (5 bytes)
Event: 1.024 Thread 0x0000021b1e1b3e40 nmethod 1447 0x0000021b1154eb88 code [0x0000021b1154eca0, 0x0000021b1154ed70]

GC Heap History (20 events):
Event: 0.920 GC heap after
{Heap after GC invocations=3 (full 0):
 garbage-first heap   total reserved 2013184K, committed 126976K, used 61844K [0x0000000085200000, 0x0000000100000000)
  region size 1024K, 3 young (3072K), 3 survivors (3072K)
 Metaspace       used 7486K, committed 7744K, reserved 1114112K
  class space    used 918K, committed 1024K, reserved 1048576K
}
Event: 0.927 GC heap before
{Heap before GC invocations=4 (full 0):
 garbage-first heap   total reserved 2013184K, committed 126976K, used 66964K [0x0000000085200000, 0x0000000100000000)
  region size 1024K, 4 young (4096K), 3 survivors (3072K)
 Metaspace       used 7486K, committed 7744K, reserved 1114112K
  class space    used 918K, committed 1024K, reserved 1048576K
}
Event: 0.929 GC heap after
{Heap after GC invocations=5 (full 0):
 garbage-first heap   total reserved 2013184K, committed 126976K, used 66967K [0x0000000085200000, 0x0000000100000000)
  region size 1024K, 3 young (3072K), 3 survivors (3072K)
 Metaspace       used 7486K, committed 7744K, reserved 1114112K
  class space    used 918K, committed 1024K, reserved 1048576K
}
Event: 0.934 GC heap before
{Heap before GC invocations=6 (full 0):
 garbage-first heap   total reserved 2013184K, committed 126976K, used 72087K [0x0000000085200000, 0x0000000100000000)
  region size 1024K, 4 young (4096K), 3 survivors (3072K)
 Metaspace       used 7486K, committed 7744K, reserved 1114112K
  class space    used 918K, committed 1024K, reserved 1048576K
}
Event: 0.935 GC heap after
{Heap after GC invocations=7 (full 0):
 garbage-first heap   total reserved 2013184K, committed 126976K, used 72092K [0x0000000085200000, 0x0000000100000000)
  region size 1024K, 3 young (3072K), 3 survivors (3072K)
 Metaspace       used 7486K, committed 7744K, reserved 1114112K
  class space    used 918K, committed 1024K, reserved 1048576K
}
Event: 0.943 GC heap before
{Heap before GC invocations=8 (full 0):
 garbage-first heap   total reserved 2013184K, committed 132096K, used 77212K [0x0000000085200000, 0x0000000100000000)
  region size 1024K, 4 young (4096K), 3 survivors (3072K)
 Metaspace       used 7487K, committed 7744K, reserved 1114112K
  class space    used 918K, committed 1024K, reserved 1048576K
}
Event: 0.944 GC heap after
{Heap after GC invocations=9 (full 0):
 garbage-first heap   total reserved 2013184K, committed 132096K, used 77337K [0x0000000085200000, 0x0000000100000000)
  region size 1024K, 3 young (3072K), 3 survivors (3072K)
 Metaspace       used 7487K, committed 7744K, reserved 1114112K
  class space    used 918K, committed 1024K, reserved 1048576K
}
Event: 0.952 GC heap before
{Heap before GC invocations=10 (full 0):
 garbage-first heap   total reserved 2013184K, committed 140288K, used 82457K [0x0000000085200000, 0x0000000100000000)
  region size 1024K, 4 young (4096K), 3 survivors (3072K)
 Metaspace       used 7487K, committed 7744K, reserved 1114112K
  class space    used 918K, committed 1024K, reserved 1048576K
}
Event: 0.956 GC heap after
{Heap after GC invocations=11 (full 0):
 garbage-first heap   total reserved 2013184K, committed 140288K, used 82200K [0x0000000085200000, 0x0000000100000000)
  region size 1024K, 3 young (3072K), 3 survivors (3072K)
 Metaspace       used 7487K, committed 7744K, reserved 1114112K
  class space    used 918K, committed 1024K, reserved 1048576K
}
Event: 0.965 GC heap before
{Heap before GC invocations=12 (full 0):
 garbage-first heap   total reserved 2013184K, committed 148480K, used 87320K [0x0000000085200000, 0x0000000100000000)
  region size 1024K, 4 young (4096K), 3 survivors (3072K)
 Metaspace       used 7487K, committed 7744K, reserved 1114112K
  class space    used 918K, committed 1024K, reserved 1048576K
}
Event: 0.967 GC heap after
{Heap after GC invocations=13 (full 0):
 garbage-first heap   total reserved 2013184K, committed 148480K, used 87446K [0x0000000085200000, 0x0000000100000000)
  region size 1024K, 3 young (3072K), 3 survivors (3072K)
 Metaspace       used 7487K, committed 7744K, reserved 1114112K
  class space    used 918K, committed 1024K, reserved 1048576K
}
Event: 0.979 GC heap before
{Heap before GC invocations=14 (full 0):
 garbage-first heap   total reserved 2013184K, committed 157696K, used 92566K [0x0000000085200000, 0x0000000100000000)
  region size 1024K, 4 young (4096K), 3 survivors (3072K)
 Metaspace       used 7488K, committed 7744K, reserved 1114112K
  class space    used 918K, committed 1024K, reserved 1048576K
}
Event: 0.982 GC heap after
{Heap after GC invocations=15 (full 0):
 garbage-first heap   total reserved 2013184K, committed 157696K, used 92379K [0x0000000085200000, 0x0000000100000000)
  region size 1024K, 3 young (3072K), 3 survivors (3072K)
 Metaspace       used 7488K, committed 7744K, reserved 1114112K
  class space    used 918K, committed 1024K, reserved 1048576K
}
Event: 0.994 GC heap before
{Heap before GC invocations=16 (full 0):
 garbage-first heap   total reserved 2013184K, committed 165888K, used 97499K [0x0000000085200000, 0x0000000100000000)
  region size 1024K, 4 young (4096K), 3 survivors (3072K)
 Metaspace       used 7488K, committed 7744K, reserved 1114112K
  class space    used 918K, committed 1024K, reserved 1048576K
}
Event: 0.997 GC heap after
{Heap after GC invocations=17 (full 0):
 garbage-first heap   total reserved 2013184K, committed 165888K, used 97686K [0x0000000085200000, 0x0000000100000000)
  region size 1024K, 3 young (3072K), 3 survivors (3072K)
 Metaspace       used 7488K, committed 7744K, reserved 1114112K
  class space    used 918K, committed 1024K, reserved 1048576K
}
Event: 1.006 GC heap before
{Heap before GC invocations=18 (full 0):
 garbage-first heap   total reserved 2013184K, committed 174080K, used 102806K [0x0000000085200000, 0x0000000100000000)
  region size 1024K, 4 young (4096K), 3 survivors (3072K)
 Metaspace       used 7488K, committed 7744K, reserved 1114112K
  class space    used 918K, committed 1024K, reserved 1048576K
}
Event: 1.009 GC heap after
{Heap after GC invocations=19 (full 0):
 garbage-first heap   total reserved 2013184K, committed 174080K, used 102870K [0x0000000085200000, 0x0000000100000000)
  region size 1024K, 3 young (3072K), 3 survivors (3072K)
 Metaspace       used 7488K, committed 7744K, reserved 1114112K
  class space    used 918K, committed 1024K, reserved 1048576K
}
Event: 1.016 GC heap before
{Heap before GC invocations=20 (full 0):
 garbage-first heap   total reserved 2013184K, committed 191488K, used 113110K [0x0000000085200000, 0x0000000100000000)
  region size 1024K, 4 young (4096K), 3 survivors (3072K)
 Metaspace       used 7488K, committed 7744K, reserved 1114112K
  class space    used 918K, committed 1024K, reserved 1048576K
}
Event: 1.018 GC heap after
{Heap after GC invocations=21 (full 0):
 garbage-first heap   total reserved 2013184K, committed 191488K, used 113046K [0x0000000085200000, 0x0000000100000000)
  region size 1024K, 3 young (3072K), 3 survivors (3072K)
 Metaspace       used 7488K, committed 7744K, reserved 1114112K
  class space    used 918K, committed 1024K, reserved 1048576K
}
Event: 1.026 GC heap before
{Heap before GC invocations=22 (full 0):
 garbage-first heap   total reserved 2013184K, committed 191488K, used 118166K [0x0000000085200000, 0x0000000100000000)
  region size 1024K, 4 young (4096K), 3 survivors (3072K)
 Metaspace       used 7488K, committed 7744K, reserved 1114112K
  class space    used 918K, committed 1024K, reserved 1048576K
}

Dll operation events (20 events):
Event: 0.244 Loaded shared library C:\Users\Lynneth Dela Cerna\Downloads\openjfx-23_windows-x64_bin-sdk\javafx-sdk-23\bin\api-ms-win-crt-heap-l1-1-0.dll
Event: 0.245 Loaded shared library C:\Users\Lynneth Dela Cerna\Downloads\openjfx-23_windows-x64_bin-sdk\javafx-sdk-23\bin\api-ms-win-crt-locale-l1-1-0.dll
Event: 0.246 Loaded shared library C:\Users\Lynneth Dela Cerna\Downloads\openjfx-23_windows-x64_bin-sdk\javafx-sdk-23\bin\api-ms-win-crt-math-l1-1-0.dll
Event: 0.247 Loaded shared library C:\Users\Lynneth Dela Cerna\Downloads\openjfx-23_windows-x64_bin-sdk\javafx-sdk-23\bin\api-ms-win-crt-multibyte-l1-1-0.dll
Event: 0.249 Loaded shared library C:\Users\Lynneth Dela Cerna\Downloads\openjfx-23_windows-x64_bin-sdk\javafx-sdk-23\bin\api-ms-win-crt-private-l1-1-0.dll
Event: 0.250 Loaded shared library C:\Users\Lynneth Dela Cerna\Downloads\openjfx-23_windows-x64_bin-sdk\javafx-sdk-23\bin\api-ms-win-crt-process-l1-1-0.dll
Event: 0.251 Loaded shared library C:\Users\Lynneth Dela Cerna\Downloads\openjfx-23_windows-x64_bin-sdk\javafx-sdk-23\bin\api-ms-win-crt-runtime-l1-1-0.dll
Event: 0.253 Loaded shared library C:\Users\Lynneth Dela Cerna\Downloads\openjfx-23_windows-x64_bin-sdk\javafx-sdk-23\bin\api-ms-win-crt-stdio-l1-1-0.dll
Event: 0.254 Loaded shared library C:\Users\Lynneth Dela Cerna\Downloads\openjfx-23_windows-x64_bin-sdk\javafx-sdk-23\bin\api-ms-win-crt-string-l1-1-0.dll
Event: 0.256 Loaded shared library C:\Users\Lynneth Dela Cerna\Downloads\openjfx-23_windows-x64_bin-sdk\javafx-sdk-23\bin\api-ms-win-crt-time-l1-1-0.dll
Event: 0.257 Loaded shared library C:\Users\Lynneth Dela Cerna\Downloads\openjfx-23_windows-x64_bin-sdk\javafx-sdk-23\bin\api-ms-win-crt-utility-l1-1-0.dll
Event: 0.259 Loaded shared library C:\Users\Lynneth Dela Cerna\Downloads\openjfx-23_windows-x64_bin-sdk\javafx-sdk-23\bin\ucrtbase.dll
Event: 0.260 Loaded shared library C:\Users\Lynneth Dela Cerna\Downloads\openjfx-23_windows-x64_bin-sdk\javafx-sdk-23\bin\vcruntime140.dll
Event: 0.261 Loaded shared library C:\Users\Lynneth Dela Cerna\Downloads\openjfx-23_windows-x64_bin-sdk\javafx-sdk-23\bin\vcruntime140_1.dll
Event: 0.262 Loaded shared library C:\Users\Lynneth Dela Cerna\Downloads\openjfx-23_windows-x64_bin-sdk\javafx-sdk-23\bin\msvcp140.dll
Event: 0.264 Loaded shared library C:\Users\Lynneth Dela Cerna\Downloads\openjfx-23_windows-x64_bin-sdk\javafx-sdk-23\bin\msvcp140_1.dll
Event: 0.265 Loaded shared library C:\Users\Lynneth Dela Cerna\Downloads\openjfx-23_windows-x64_bin-sdk\javafx-sdk-23\bin\msvcp140_2.dll
Event: 0.295 Loaded shared library C:\Users\Lynneth Dela Cerna\Downloads\openjfx-23_windows-x64_bin-sdk\javafx-sdk-23\bin\prism_d3d.dll
Event: 0.412 Loaded shared library C:\Users\Lynneth Dela Cerna\Downloads\openjfx-23_windows-x64_bin-sdk\javafx-sdk-23\bin\glass.dll
Event: 0.532 Loaded shared library C:\Program Files\Java\jdk-23\bin\jimage.dll

Deoptimization events (20 events):
Event: 0.918 Thread 0x0000021b1ed8b810 DEOPT PACKING pc=0x0000021b09c5c0dd sp=0x000000b81d4fd930
Event: 0.918 Thread 0x0000021b1ed8b810 DEOPT UNPACKING pc=0x0000021b11004b22 sp=0x000000b81d4fcdc0 mode 0
Event: 0.918 Thread 0x0000021b1ed8b810 DEOPT PACKING pc=0x0000021b09c5c0dd sp=0x000000b81d4fd930
Event: 0.918 Thread 0x0000021b1ed8b810 DEOPT UNPACKING pc=0x0000021b11004b22 sp=0x000000b81d4fcdc0 mode 0
Event: 0.918 Thread 0x0000021b1ed8b810 DEOPT PACKING pc=0x0000021b09c5c0dd sp=0x000000b81d4fd930
Event: 0.918 Thread 0x0000021b1ed8b810 DEOPT UNPACKING pc=0x0000021b11004b22 sp=0x000000b81d4fcdc0 mode 0
Event: 0.918 Thread 0x0000021b1ed8b810 DEOPT PACKING pc=0x0000021b09c5c0dd sp=0x000000b81d4fd930
Event: 0.918 Thread 0x0000021b1ed8b810 DEOPT UNPACKING pc=0x0000021b11004b22 sp=0x000000b81d4fcdc0 mode 0
Event: 0.964 Thread 0x0000021b1ed8b810 DEOPT PACKING pc=0x0000021b09c615a6 sp=0x000000b81d4fd9e0
Event: 0.964 Thread 0x0000021b1ed8b810 DEOPT UNPACKING pc=0x0000021b11004b22 sp=0x000000b81d4fcf00 mode 0
Event: 0.978 Thread 0x0000021b1ed8b810 DEOPT PACKING pc=0x0000021b09c615a6 sp=0x000000b81d4fd9e0
Event: 0.978 Thread 0x0000021b1ed8b810 DEOPT UNPACKING pc=0x0000021b11004b22 sp=0x000000b81d4fcf00 mode 0
Event: 0.993 Thread 0x0000021b1ed8b810 DEOPT PACKING pc=0x0000021b09c615a6 sp=0x000000b81d4fd9e0
Event: 0.993 Thread 0x0000021b1ed8b810 DEOPT UNPACKING pc=0x0000021b11004b22 sp=0x000000b81d4fcf00 mode 0
Event: 1.014 Thread 0x0000021b1ed8b810 DEOPT PACKING pc=0x0000021b09c615a6 sp=0x000000b81d4fd9e0
Event: 1.014 Thread 0x0000021b1ed8b810 DEOPT UNPACKING pc=0x0000021b11004b22 sp=0x000000b81d4fcf00 mode 0
Event: 1.015 Thread 0x0000021b1ed8b810 DEOPT PACKING pc=0x0000021b09c5faa6 sp=0x000000b81d4fd970
Event: 1.015 Thread 0x0000021b1ed8b810 DEOPT UNPACKING pc=0x0000021b11004b22 sp=0x000000b81d4fcf00 mode 0
Event: 1.025 Thread 0x0000021b1ed8b810 DEOPT PACKING pc=0x0000021b09c615a6 sp=0x000000b81d4fd9e0
Event: 1.025 Thread 0x0000021b1ed8b810 DEOPT UNPACKING pc=0x0000021b11004b22 sp=0x000000b81d4fcf00 mode 0

Classes loaded (20 events):
Event: 0.787 Loading class com/sun/xml/internal/stream/StaxErrorReporter
Event: 0.787 Loading class com/sun/xml/internal/stream/StaxErrorReporter done
Event: 0.787 Loading class java/util/LinkedList$Node
Event: 0.787 Loading class java/util/LinkedList$Node done
Event: 0.791 Loading class java/util/EventListener
Event: 0.791 Loading class java/util/EventListener done
Event: 0.837 Loading class java/lang/reflect/TypeVariable
Event: 0.837 Loading class java/lang/reflect/TypeVariable done
Event: 0.837 Loading class java/lang/InstantiationException
Event: 0.837 Loading class java/lang/InstantiationException done
Event: 0.837 Loading class java/lang/reflect/AnnotatedType
Event: 0.837 Loading class java/lang/reflect/AnnotatedType done
Event: 0.839 Loading class java/security/AllPermissionCollection
Event: 0.839 Loading class java/security/AllPermissionCollection done
Event: 0.844 Loading class java/util/LinkedList$ListItr
Event: 0.844 Loading class java/util/LinkedList$ListItr done
Event: 0.844 Loading class java/lang/MatchException
Event: 0.844 Loading class java/lang/MatchException done
Event: 0.846 Loading class java/io/SequenceInputStream
Event: 0.846 Loading class java/io/SequenceInputStream done

Classes unloaded (0 events):
No events

Classes redefined (0 events):
No events

Internal exceptions (20 events):
Event: 0.743 Thread 0x0000021b1ed8b810 Exception <a 'java/lang/ClassNotFoundException'{0x000000008c39ad18}: com/sun/glass/ui/win/themes_es_US> (0x000000008c39ad18) 
thrown [s\open\src\hotspot\share\prims\jni.cpp, line 539]
Event: 0.743 Thread 0x0000021b1ed8b810 Exception <a 'java/lang/ClassNotFoundException'{0x000000008c39c108}: com/sun/glass/ui/win/themes_yav_Latn> (0x000000008c39c108) 
thrown [s\open\src\hotspot\share\prims\jni.cpp, line 539]
Event: 0.743 Thread 0x0000021b1ed8b810 Exception <a 'java/lang/ClassNotFoundException'{0x000000008c39d1e8}: com/sun/glass/ui/win/themes_yav_Latn_CM> (0x000000008c39d1e8) 
thrown [s\open\src\hotspot\share\prims\jni.cpp, line 539]
Event: 0.743 Thread 0x0000021b1ed8b810 Exception <a 'java/lang/ClassNotFoundException'{0x000000008c39e7f0}: com/sun/glass/ui/win/themes_en_Latn> (0x000000008c39e7f0) 
thrown [s\open\src\hotspot\share\prims\jni.cpp, line 539]
Event: 0.743 Thread 0x0000021b1ed8b810 Exception <a 'java/lang/ClassNotFoundException'{0x000000008c39f8c0}: com/sun/glass/ui/win/themes_en_Latn_US> (0x000000008c39f8c0) 
thrown [s\open\src\hotspot\share\prims\jni.cpp, line 539]
Event: 0.743 Thread 0x0000021b1ed8b810 Exception <a 'java/lang/ClassNotFoundException'{0x000000008c3a0cd8}: com/sun/glass/ui/win/themes_th_Thai> (0x000000008c3a0cd8) 
thrown [s\open\src\hotspot\share\prims\jni.cpp, line 539]
Event: 0.744 Thread 0x0000021b1ed8b810 Exception <a 'java/lang/ClassNotFoundException'{0x000000008c3a1da8}: com/sun/glass/ui/win/themes_th_Thai_TH> (0x000000008c3a1da8) 
thrown [s\open\src\hotspot\share\prims\jni.cpp, line 539]
Event: 0.744 Thread 0x0000021b1ed8b810 Exception <a 'java/lang/ClassNotFoundException'{0x000000008c3a3090}: com/sun/glass/ui/win/themes_fr_PF> (0x000000008c3a3090) 
thrown [s\open\src\hotspot\share\prims\jni.cpp, line 539]
Event: 0.744 Thread 0x0000021b1ed8b810 Exception <a 'java/lang/ClassNotFoundException'{0x000000008c3a4348}: com/sun/glass/ui/win/themes_es_VE> (0x000000008c3a4348) 
thrown [s\open\src\hotspot\share\prims\jni.cpp, line 539]
Event: 0.744 Thread 0x0000021b1ed8b810 Exception <a 'java/lang/ClassNotFoundException'{0x000000008c3a5b58}: com/sun/glass/ui/win/themes_ses_Latn> (0x000000008c3a5b58) 
thrown [s\open\src\hotspot\share\prims\jni.cpp, line 539]
Event: 0.744 Thread 0x0000021b1ed8b810 Exception <a 'java/lang/ClassNotFoundException'{0x000000008c3a6c38}: com/sun/glass/ui/win/themes_ses_Latn_ML> (0x000000008c3a6c38) 
thrown [s\open\src\hotspot\share\prims\jni.cpp, line 539]
Event: 0.744 Thread 0x0000021b1ed8b810 Exception <a 'java/lang/ClassNotFoundException'{0x000000008c3a82a0}: com/sun/glass/ui/win/themes_doi_Deva> (0x000000008c3a82a0) 
thrown [s\open\src\hotspot\share\prims\jni.cpp, line 539]
Event: 0.744 Thread 0x0000021b1ed8b810 Exception <a 'java/lang/ClassNotFoundException'{0x000000008c3a9380}: com/sun/glass/ui/win/themes_doi_Deva_IN> (0x000000008c3a9380) 
thrown [s\open\src\hotspot\share\prims\jni.cpp, line 539]
Event: 0.744 Thread 0x0000021b1ed8b810 Exception <a 'java/lang/ClassNotFoundException'{0x000000008c3aa728}: com/sun/glass/ui/win/themes_fr_PM> (0x000000008c3aa728) 
thrown [s\open\src\hotspot\share\prims\jni.cpp, line 539]
Event: 0.744 Thread 0x0000021b1ed8b810 Exception <a 'java/lang/ClassNotFoundException'{0x000000008c3abbb8}: com/sun/glass/ui/win/themes_es_UY> (0x000000008c3abbb8) 
thrown [s\open\src\hotspot\share\prims\jni.cpp, line 539]
Event: 0.744 Thread 0x0000021b1ed8b810 Exception <a 'java/lang/ClassNotFoundException'{0x000000008c3acfa8}: com/sun/glass/ui/win/themes_gu_Gujr> (0x000000008c3acfa8) 
thrown [s\open\src\hotspot\share\prims\jni.cpp, line 539]
Event: 0.744 Thread 0x0000021b1ed8b810 Exception <a 'java/lang/ClassNotFoundException'{0x000000008c3ae078}: com/sun/glass/ui/win/themes_gu_Gujr_IN> (0x000000008c3ae078) 
thrown [s\open\src\hotspot\share\prims\jni.cpp, line 539]
Event: 0.755 Thread 0x0000021b1ed8b810 Exception <a 'java/lang/NoSuchMethodError'{0x000000008c211f28}: 'java.lang.Object java.lang.invoke.DirectMethodHandle$Holder.invokeInterface(java.lang.Object, java.lang.Object)'> (0x000000008c211f28) 
thrown [s\open\src\hotspot\share\interpreter\linkResolver.cpp, line 796]
Event: 0.815 Thread 0x0000021b1ed8b810 Exception <a 'java/lang/NoSuchMethodError'{0x000000008bf6fd00}: 'java.lang.Object java.lang.invoke.DirectMethodHandle$Holder.invokeStaticInit(java.lang.Object, java.lang.Object, java.lang.Object, java.lang.Object)'> (0x000000008bf6fd00) 
thrown [s\open\src\hotspot\share\interpreter\linkResolver.cpp, line 796]
Event: 0.816 Thread 0x0000021b1ed8b810 Exception <a 'java/lang/NullPointerException'{0x000000008bf7cb70}> (0x000000008bf7cb70) 
thrown [s\open\src\hotspot\share\interpreter\linkResolver.cpp, line 1389]

VM Operations (20 events):
Event: 0.992 Executing VM operation: G1PauseCleanup done
Event: 0.994 Executing VM operation: G1TryInitiateConcMark (G1 Humongous Allocation)
Event: 0.997 Executing VM operation: G1TryInitiateConcMark (G1 Humongous Allocation) done
Event: 1.001 Executing VM operation: G1PauseRemark
Event: 1.003 Executing VM operation: G1PauseRemark done
Event: 1.005 Executing VM operation: G1PauseCleanup
Event: 1.005 Executing VM operation: G1PauseCleanup done
Event: 1.006 Executing VM operation: G1TryInitiateConcMark (G1 Humongous Allocation)
Event: 1.009 Executing VM operation: G1TryInitiateConcMark (G1 Humongous Allocation) done
Event: 1.012 Executing VM operation: G1PauseRemark
Event: 1.013 Executing VM operation: G1PauseRemark done
Event: 1.015 Executing VM operation: G1PauseCleanup
Event: 1.015 Executing VM operation: G1PauseCleanup done
Event: 1.016 Executing VM operation: G1TryInitiateConcMark (G1 Humongous Allocation)
Event: 1.018 Executing VM operation: G1TryInitiateConcMark (G1 Humongous Allocation) done
Event: 1.022 Executing VM operation: G1PauseRemark
Event: 1.023 Executing VM operation: G1PauseRemark done
Event: 1.025 Executing VM operation: G1PauseCleanup
Event: 1.025 Executing VM operation: G1PauseCleanup done
Event: 1.026 Executing VM operation: G1TryInitiateConcMark (G1 Humongous Allocation)

Memory protections (0 events):
No events

Nmethod flushes (20 events):
Event: 0.932 Thread 0x0000021b1e181750 flushing  nmethod 0x0000021b09b17188
Event: 0.932 Thread 0x0000021b1e181750 flushing  nmethod 0x0000021b09b6b488
Event: 0.932 Thread 0x0000021b1e181750 flushing  nmethod 0x0000021b09b6bb08
Event: 0.932 Thread 0x0000021b1e181750 flushing  nmethod 0x0000021b09b6be08
Event: 0.932 Thread 0x0000021b1e181750 flushing  nmethod 0x0000021b09b96688
Event: 0.932 Thread 0x0000021b1e181750 flushing  nmethod 0x0000021b09b9a188
Event: 0.932 Thread 0x0000021b1e181750 flushing  nmethod 0x0000021b09bb2308
Event: 0.932 Thread 0x0000021b1e181750 flushing  nmethod 0x0000021b09bb2608
Event: 0.932 Thread 0x0000021b1e181750 flushing  nmethod 0x0000021b09bb2d08
Event: 0.932 Thread 0x0000021b1e181750 flushing  nmethod 0x0000021b09bb3008
Event: 0.932 Thread 0x0000021b1e181750 flushing  nmethod 0x0000021b09bb3308
Event: 0.932 Thread 0x0000021b1e181750 flushing  nmethod 0x0000021b09bb3c88
Event: 0.932 Thread 0x0000021b1e181750 flushing  nmethod 0x0000021b09bb3f88
Event: 0.932 Thread 0x0000021b1e181750 flushing  nmethod 0x0000021b09bb4588
Event: 0.932 Thread 0x0000021b1e181750 flushing  nmethod 0x0000021b09bb4a08
Event: 0.932 Thread 0x0000021b1e181750 flushing  nmethod 0x0000021b09bb4d08
Event: 0.932 Thread 0x0000021b1e181750 flushing  nmethod 0x0000021b09bca388
Event: 0.932 Thread 0x0000021b1e181750 flushing  nmethod 0x0000021b09c11988
Event: 0.941 Thread 0x0000021b1e181750 flushing  nmethod 0x0000021b09c5b908
Event: 0.963 Thread 0x0000021b1e181750 flushing osr nmethod 0x0000021b09c5c208

Events (18 events):
Event: 0.025 Thread 0x0000021b7ef427d0 Thread added: 0x0000021b7ef427d0
Event: 0.037 Thread 0x0000021b7ef427d0 Thread added: 0x0000021b1e19f430
Event: 0.037 Thread 0x0000021b7ef427d0 Thread added: 0x0000021b1e1a0150
Event: 0.037 Thread 0x0000021b7ef427d0 Thread added: 0x0000021b1e1a21d0
Event: 0.037 Thread 0x0000021b7ef427d0 Thread added: 0x0000021b1e1a2c30
Event: 0.037 Thread 0x0000021b7ef427d0 Thread added: 0x0000021b1e1a4ab0
Event: 0.037 Thread 0x0000021b7ef427d0 Thread added: 0x0000021b1e1a7c70
Event: 0.037 Thread 0x0000021b7ef427d0 Thread added: 0x0000021b1e1a8b60
Event: 0.037 Thread 0x0000021b7ef427d0 Thread added: 0x0000021b1e1b3e40
Event: 0.059 Thread 0x0000021b7ef427d0 Thread added: 0x0000021b1e2bacf0
Event: 0.088 Thread 0x0000021b1e1b3e40 Thread added: 0x0000021b1e356560
Event: 0.134 Thread 0x0000021b7ef427d0 Thread added: 0x0000021b1e56b1b0
Event: 0.289 Thread 0x0000021b7ef427d0 Thread added: 0x0000021b1e878f60
Event: 0.399 Thread 0x0000021b1e356560 Thread exited: 0x0000021b1e356560
Event: 0.414 Thread 0x0000021b7ef427d0 Thread added: 0x0000021b1e9d1cb0
Event: 0.417 Thread 0x0000021b7ef427d0 Thread added: 0x0000021b1ed8b810
Event: 0.514 Thread 0x0000021b7ef427d0 Thread added: 0x0000021b1eeedb10
Event: 0.525 Thread 0x0000021b1ef4e050 Thread added: 0x0000021b1ef4e050


Dynamic libraries:
0x00007ff74dd60000 - 0x00007ff74dd70000 	C:\Program Files\Java\jdk-23\bin\java.exe
0x00007fffd06d0000 - 0x00007fffd08e7000 	C:\WINDOWS\SYSTEM32\ntdll.dll
0x00007fffcf050000 - 0x00007fffcf114000 	C:\WINDOWS\System32\KERNEL32.DLL
0x00007fffcd9d0000 - 0x00007fffcdd89000 	C:\WINDOWS\System32\KERNELBASE.dll
0x00007fffce0f0000 - 0x00007fffce201000 	C:\WINDOWS\System32\ucrtbase.dll
0x00007fffcd1b0000 - 0x00007fffcd1cb000 	C:\Program Files\Java\jdk-23\bin\VCRUNTIME140.dll
0x00007fffb1f40000 - 0x00007fffb1f57000 	C:\Program Files\Java\jdk-23\bin\jli.dll
0x00007fffd00e0000 - 0x00007fffd028e000 	C:\WINDOWS\System32\USER32.dll
0x00007fffce0c0000 - 0x00007fffce0e6000 	C:\WINDOWS\System32\win32u.dll
0x00007fffcfe00000 - 0x00007fffcfe29000 	C:\WINDOWS\System32\GDI32.dll
0x00007fffcccd0000 - 0x00007fffccf62000 	C:\WINDOWS\WinSxS\amd64_microsoft.windows.common-controls_6595b64144ccf1df_6.0.22621.4391_none_2715d37f73803e96\COMCTL32.dll
0x00007fffcde10000 - 0x00007fffcdf2b000 	C:\WINDOWS\System32\gdi32full.dll
0x00007fffd0290000 - 0x00007fffd0337000 	C:\WINDOWS\System32\msvcrt.dll
0x00007fffcdf60000 - 0x00007fffcdffa000 	C:\WINDOWS\System32\msvcp_win.dll
0x00007fffcf6c0000 - 0x00007fffcf6f1000 	C:\WINDOWS\System32\IMM32.DLL
0x00007fffcd1a0000 - 0x00007fffcd1ac000 	C:\Program Files\Java\jdk-23\bin\vcruntime140_1.dll
0x00007fffbd4a0000 - 0x00007fffbd52e000 	C:\Program Files\Java\jdk-23\bin\msvcp140.dll
0x00007fff5eb20000 - 0x00007fff5f86f000 	C:\Program Files\Java\jdk-23\bin\server\jvm.dll
0x00007fffcfd40000 - 0x00007fffcfdf2000 	C:\WINDOWS\System32\ADVAPI32.dll
0x00007fffcefa0000 - 0x00007fffcf047000 	C:\WINDOWS\System32\sechost.dll
0x00007fffcdf30000 - 0x00007fffcdf58000 	C:\WINDOWS\System32\bcrypt.dll
0x00007fffcf170000 - 0x00007fffcf284000 	C:\WINDOWS\System32\RPCRT4.dll
0x00007fffce3f0000 - 0x00007fffce461000 	C:\WINDOWS\System32\WS2_32.dll
0x00007fffcd8a0000 - 0x00007fffcd8ed000 	C:\WINDOWS\SYSTEM32\POWRPROF.dll
0x00007fffc4c50000 - 0x00007fffc4c84000 	C:\WINDOWS\SYSTEM32\WINMM.dll
0x00007fffcbbb0000 - 0x00007fffcbbba000 	C:\WINDOWS\SYSTEM32\VERSION.dll
0x00007fffcd6d0000 - 0x00007fffcd6e3000 	C:\WINDOWS\SYSTEM32\UMPDC.dll
0x00007fffcba40000 - 0x00007fffcba58000 	C:\WINDOWS\SYSTEM32\kernel.appcore.dll
0x00007fffcc4f0000 - 0x00007fffcc4fa000 	C:\Program Files\Java\jdk-23\bin\jimage.dll
0x00007fffcd240000 - 0x00007fffcd472000 	C:\WINDOWS\SYSTEM32\DBGHELP.DLL
0x00007fffcf310000 - 0x00007fffcf69f000 	C:\WINDOWS\System32\combase.dll
0x00007fffcfe30000 - 0x00007fffcff07000 	C:\WINDOWS\System32\OLEAUT32.dll
0x00007fffcd130000 - 0x00007fffcd162000 	C:\WINDOWS\SYSTEM32\dbgcore.DLL
0x00007fffcdd90000 - 0x00007fffcde0b000 	C:\WINDOWS\System32\bcryptPrimitives.dll
0x00007fffcc500000 - 0x00007fffcc51e000 	C:\Program Files\Java\jdk-23\bin\java.dll
0x00007fffcff30000 - 0x00007fffd00d5000 	C:\WINDOWS\System32\ole32.dll
0x00007fffce720000 - 0x00007fffcef96000 	C:\WINDOWS\System32\SHELL32.dll
0x00007fffca990000 - 0x00007fffcb293000 	C:\WINDOWS\SYSTEM32\windows.storage.dll
0x00007fffca850000 - 0x00007fffca98f000 	C:\WINDOWS\SYSTEM32\wintypes.dll
0x00007fffd0590000 - 0x00007fffd0689000 	C:\WINDOWS\System32\SHCORE.dll
0x00007fffcfb80000 - 0x00007fffcfbde000 	C:\WINDOWS\System32\shlwapi.dll
0x00007fffcd900000 - 0x00007fffcd92b000 	C:\WINDOWS\SYSTEM32\profapi.dll
0x00007fff81b10000 - 0x00007fff81be7000 	C:\Program Files\Java\jdk-23\bin\jsvml.dll
0x00007fffcc1b0000 - 0x00007fffcc1c0000 	C:\Program Files\Java\jdk-23\bin\net.dll
0x00007fffcbf00000 - 0x00007fffcbf69000 	C:\WINDOWS\system32\mswsock.dll
0x00007fffcc190000 - 0x00007fffcc1a6000 	C:\Program Files\Java\jdk-23\bin\nio.dll
0x00007fffc7b10000 - 0x00007fffc7b27000 	C:\Program Files\Java\jdk-23\bin\zip.dll
0x0000021b1ef50000 - 0x0000021b1ef53000 	C:\Users\Lynneth Dela Cerna\Downloads\openjfx-23_windows-x64_bin-sdk\javafx-sdk-23\bin\api-ms-win-core-console-l1-1-0.dll
0x0000021b1ef60000 - 0x0000021b1ef63000 	C:\Users\Lynneth Dela Cerna\Downloads\openjfx-23_windows-x64_bin-sdk\javafx-sdk-23\bin\api-ms-win-core-console-l1-2-0.dll
0x0000021b1ef70000 - 0x0000021b1ef73000 	C:\Users\Lynneth Dela Cerna\Downloads\openjfx-23_windows-x64_bin-sdk\javafx-sdk-23\bin\api-ms-win-core-datetime-l1-1-0.dll
0x0000021b1ef80000 - 0x0000021b1ef83000 	C:\Users\Lynneth Dela Cerna\Downloads\openjfx-23_windows-x64_bin-sdk\javafx-sdk-23\bin\api-ms-win-core-debug-l1-1-0.dll
0x0000021b1ef90000 - 0x0000021b1ef93000 	C:\Users\Lynneth Dela Cerna\Downloads\openjfx-23_windows-x64_bin-sdk\javafx-sdk-23\bin\api-ms-win-core-errorhandling-l1-1-0.dll
0x0000021b1efa0000 - 0x0000021b1efa4000 	C:\Users\Lynneth Dela Cerna\Downloads\openjfx-23_windows-x64_bin-sdk\javafx-sdk-23\bin\api-ms-win-core-file-l1-1-0.dll
0x0000021b1efb0000 - 0x0000021b1efb3000 	C:\Users\Lynneth Dela Cerna\Downloads\openjfx-23_windows-x64_bin-sdk\javafx-sdk-23\bin\api-ms-win-core-file-l1-2-0.dll
0x0000021b1efc0000 - 0x0000021b1efc3000 	C:\Users\Lynneth Dela Cerna\Downloads\openjfx-23_windows-x64_bin-sdk\javafx-sdk-23\bin\api-ms-win-core-file-l2-1-0.dll
0x0000021b1efd0000 - 0x0000021b1efd3000 	C:\Users\Lynneth Dela Cerna\Downloads\openjfx-23_windows-x64_bin-sdk\javafx-sdk-23\bin\api-ms-win-core-handle-l1-1-0.dll
0x0000021b1efe0000 - 0x0000021b1efe3000 	C:\Users\Lynneth Dela Cerna\Downloads\openjfx-23_windows-x64_bin-sdk\javafx-sdk-23\bin\api-ms-win-core-heap-l1-1-0.dll
0x0000021b1eff0000 - 0x0000021b1eff3000 	C:\Users\Lynneth Dela Cerna\Downloads\openjfx-23_windows-x64_bin-sdk\javafx-sdk-23\bin\api-ms-win-core-interlocked-l1-1-0.dll
0x0000021b64000000 - 0x0000021b64003000 	C:\Users\Lynneth Dela Cerna\Downloads\openjfx-23_windows-x64_bin-sdk\javafx-sdk-23\bin\api-ms-win-core-libraryloader-l1-1-0.dll
0x0000021b64010000 - 0x0000021b64013000 	C:\Users\Lynneth Dela Cerna\Downloads\openjfx-23_windows-x64_bin-sdk\javafx-sdk-23\bin\api-ms-win-core-localization-l1-2-0.dll
0x0000021b64020000 - 0x0000021b64023000 	C:\Users\Lynneth Dela Cerna\Downloads\openjfx-23_windows-x64_bin-sdk\javafx-sdk-23\bin\api-ms-win-core-memory-l1-1-0.dll
0x0000021b64030000 - 0x0000021b64033000 	C:\Users\Lynneth Dela Cerna\Downloads\openjfx-23_windows-x64_bin-sdk\javafx-sdk-23\bin\api-ms-win-core-namedpipe-l1-1-0.dll
0x0000021b64040000 - 0x0000021b64043000 	C:\Users\Lynneth Dela Cerna\Downloads\openjfx-23_windows-x64_bin-sdk\javafx-sdk-23\bin\api-ms-win-core-processenvironment-l1-1-0.dll
0x0000021b64050000 - 0x0000021b64053000 	C:\Users\Lynneth Dela Cerna\Downloads\openjfx-23_windows-x64_bin-sdk\javafx-sdk-23\bin\api-ms-win-core-processthreads-l1-1-0.dll
0x0000021b64060000 - 0x0000021b64063000 	C:\Users\Lynneth Dela Cerna\Downloads\openjfx-23_windows-x64_bin-sdk\javafx-sdk-23\bin\api-ms-win-core-processthreads-l1-1-1.dll
0x0000021b64070000 - 0x0000021b64073000 	C:\Users\Lynneth Dela Cerna\Downloads\openjfx-23_windows-x64_bin-sdk\javafx-sdk-23\bin\api-ms-win-core-profile-l1-1-0.dll
0x0000021b64080000 - 0x0000021b64083000 	C:\Users\Lynneth Dela Cerna\Downloads\openjfx-23_windows-x64_bin-sdk\javafx-sdk-23\bin\api-ms-win-core-rtlsupport-l1-1-0.dll
0x0000021b64090000 - 0x0000021b64093000 	C:\Users\Lynneth Dela Cerna\Downloads\openjfx-23_windows-x64_bin-sdk\javafx-sdk-23\bin\api-ms-win-core-string-l1-1-0.dll
0x0000021b640a0000 - 0x0000021b640a3000 	C:\Users\Lynneth Dela Cerna\Downloads\openjfx-23_windows-x64_bin-sdk\javafx-sdk-23\bin\api-ms-win-core-synch-l1-1-0.dll
0x0000021b640b0000 - 0x0000021b640b3000 	C:\Users\Lynneth Dela Cerna\Downloads\openjfx-23_windows-x64_bin-sdk\javafx-sdk-23\bin\api-ms-win-core-synch-l1-2-0.dll
0x0000021b640c0000 - 0x0000021b640c3000 	C:\Users\Lynneth Dela Cerna\Downloads\openjfx-23_windows-x64_bin-sdk\javafx-sdk-23\bin\api-ms-win-core-sysinfo-l1-1-0.dll
0x0000021b640d0000 - 0x0000021b640d3000 	C:\Users\Lynneth Dela Cerna\Downloads\openjfx-23_windows-x64_bin-sdk\javafx-sdk-23\bin\api-ms-win-core-timezone-l1-1-0.dll
0x0000021b640e0000 - 0x0000021b640e3000 	C:\Users\Lynneth Dela Cerna\Downloads\openjfx-23_windows-x64_bin-sdk\javafx-sdk-23\bin\api-ms-win-core-util-l1-1-0.dll
0x0000021b640f0000 - 0x0000021b640f3000 	C:\Users\Lynneth Dela Cerna\Downloads\openjfx-23_windows-x64_bin-sdk\javafx-sdk-23\bin\api-ms-win-crt-conio-l1-1-0.dll
0x0000021b64100000 - 0x0000021b64104000 	C:\Users\Lynneth Dela Cerna\Downloads\openjfx-23_windows-x64_bin-sdk\javafx-sdk-23\bin\api-ms-win-crt-convert-l1-1-0.dll
0x0000021b64110000 - 0x0000021b64113000 	C:\Users\Lynneth Dela Cerna\Downloads\openjfx-23_windows-x64_bin-sdk\javafx-sdk-23\bin\api-ms-win-crt-environment-l1-1-0.dll
0x0000021b64120000 - 0x0000021b64123000 	C:\Users\Lynneth Dela Cerna\Downloads\openjfx-23_windows-x64_bin-sdk\javafx-sdk-23\bin\api-ms-win-crt-filesystem-l1-1-0.dll
0x0000021b64130000 - 0x0000021b64133000 	C:\Users\Lynneth Dela Cerna\Downloads\openjfx-23_windows-x64_bin-sdk\javafx-sdk-23\bin\api-ms-win-crt-heap-l1-1-0.dll
0x0000021b64140000 - 0x0000021b64143000 	C:\Users\Lynneth Dela Cerna\Downloads\openjfx-23_windows-x64_bin-sdk\javafx-sdk-23\bin\api-ms-win-crt-locale-l1-1-0.dll
0x0000021b64150000 - 0x0000021b64155000 	C:\Users\Lynneth Dela Cerna\Downloads\openjfx-23_windows-x64_bin-sdk\javafx-sdk-23\bin\api-ms-win-crt-math-l1-1-0.dll
0x0000021b64160000 - 0x0000021b64165000 	C:\Users\Lynneth Dela Cerna\Downloads\openjfx-23_windows-x64_bin-sdk\javafx-sdk-23\bin\api-ms-win-crt-multibyte-l1-1-0.dll
0x0000021b64170000 - 0x0000021b64180000 	C:\Users\Lynneth Dela Cerna\Downloads\openjfx-23_windows-x64_bin-sdk\javafx-sdk-23\bin\api-ms-win-crt-private-l1-1-0.dll
0x0000021b64180000 - 0x0000021b64183000 	C:\Users\Lynneth Dela Cerna\Downloads\openjfx-23_windows-x64_bin-sdk\javafx-sdk-23\bin\api-ms-win-crt-process-l1-1-0.dll
0x0000021b64190000 - 0x0000021b64194000 	C:\Users\Lynneth Dela Cerna\Downloads\openjfx-23_windows-x64_bin-sdk\javafx-sdk-23\bin\api-ms-win-crt-runtime-l1-1-0.dll
0x0000021b641a0000 - 0x0000021b641a4000 	C:\Users\Lynneth Dela Cerna\Downloads\openjfx-23_windows-x64_bin-sdk\javafx-sdk-23\bin\api-ms-win-crt-stdio-l1-1-0.dll
0x0000021b641b0000 - 0x0000021b641b4000 	C:\Users\Lynneth Dela Cerna\Downloads\openjfx-23_windows-x64_bin-sdk\javafx-sdk-23\bin\api-ms-win-crt-string-l1-1-0.dll
0x0000021b641c0000 - 0x0000021b641c3000 	C:\Users\Lynneth Dela Cerna\Downloads\openjfx-23_windows-x64_bin-sdk\javafx-sdk-23\bin\api-ms-win-crt-time-l1-1-0.dll
0x0000021b641d0000 - 0x0000021b641d3000 	C:\Users\Lynneth Dela Cerna\Downloads\openjfx-23_windows-x64_bin-sdk\javafx-sdk-23\bin\api-ms-win-crt-utility-l1-1-0.dll
0x00007fff7e3f0000 - 0x00007fff7e4ec000 	C:\Users\Lynneth Dela Cerna\Downloads\openjfx-23_windows-x64_bin-sdk\javafx-sdk-23\bin\ucrtbase.dll
0x00007fffb1970000 - 0x00007fffb198b000 	C:\Users\Lynneth Dela Cerna\Downloads\openjfx-23_windows-x64_bin-sdk\javafx-sdk-23\bin\vcruntime140.dll
0x00007fffbd600000 - 0x00007fffbd60c000 	C:\Users\Lynneth Dela Cerna\Downloads\openjfx-23_windows-x64_bin-sdk\javafx-sdk-23\bin\vcruntime140_1.dll
0x00007fff91fa0000 - 0x00007fff9202e000 	C:\Users\Lynneth Dela Cerna\Downloads\openjfx-23_windows-x64_bin-sdk\javafx-sdk-23\bin\msvcp140.dll
0x00007fffbd530000 - 0x00007fffbd539000 	C:\Users\Lynneth Dela Cerna\Downloads\openjfx-23_windows-x64_bin-sdk\javafx-sdk-23\bin\msvcp140_1.dll
0x00007fffb0650000 - 0x00007fffb0691000 	C:\Users\Lynneth Dela Cerna\Downloads\openjfx-23_windows-x64_bin-sdk\javafx-sdk-23\bin\msvcp140_2.dll
0x00007fff8ea90000 - 0x00007fff8eac0000 	C:\Users\Lynneth Dela Cerna\Downloads\openjfx-23_windows-x64_bin-sdk\javafx-sdk-23\bin\prism_d3d.dll
0x00007fff65820000 - 0x00007fff659c8000 	C:\WINDOWS\system32\d3d9.dll
0x00007fffca120000 - 0x00007fffca14b000 	C:\WINDOWS\SYSTEM32\dwmapi.dll
0x00007fffc9fb0000 - 0x00007fffc9fe7000 	C:\WINDOWS\SYSTEM32\dxcore.dll
0x00007fffc9c70000 - 0x00007fffc9d21000 	C:\WINDOWS\system32\uxtheme.dll
0x00007fffc2560000 - 0x00007fffc2610000 	C:\WINDOWS\SYSTEM32\d3d9on12.dll
0x00007fffc9ff0000 - 0x00007fffca0e7000 	C:\WINDOWS\SYSTEM32\dxgi.dll
0x00007fffc2530000 - 0x00007fffc2556000 	C:\WINDOWS\SYSTEM32\d3d12.dll
0x00007fffcd610000 - 0x00007fffcd65e000 	C:\WINDOWS\SYSTEM32\cfgmgr32.dll
0x00007fff84970000 - 0x00007fff84b72000 	C:\WINDOWS\SYSTEM32\D3D12Core.dll
0x00007fff84870000 - 0x00007fff84963000 	C:\WINDOWS\System32\DriverStore\FileRepository\iigd_dch.inf_amd64_46a183a099a0cf25\igd12umd64.dll
0x00007fff49740000 - 0x00007fff4a9c5000 	C:\WINDOWS\System32\DriverStore\FileRepository\iigd_dch.inf_amd64_46a183a099a0cf25\igd12um64xel.dll
0x00007fffce280000 - 0x00007fffce3e6000 	C:\WINDOWS\System32\CRYPT32.dll
0x00007fffb2550000 - 0x00007fffb26b2000 	C:\WINDOWS\SYSTEM32\drvstore.dll
0x00007fffc2500000 - 0x00007fffc2526000 	C:\WINDOWS\System32\DriverStore\FileRepository\iigd_dch.inf_amd64_46a183a099a0cf25\igdext64.dll
0x00007fffa0c30000 - 0x00007fffa0c79000 	C:\WINDOWS\SYSTEM32\ControlLib.dll
0x00007fffbbb40000 - 0x00007fffbbbd1000 	C:\WINDOWS\System32\DriverStore\FileRepository\iigd_dch.inf_amd64_46a183a099a0cf25\IntelControlLib.dll
0x00007fffc1cf0000 - 0x00007fffc1d39000 	C:\WINDOWS\SYSTEM32\directxdatabasehelper.dll
0x00007fffb6de0000 - 0x00007fffb721e000 	C:\WINDOWS\System32\DriverStore\FileRepository\iigd_dch.inf_amd64_46a183a099a0cf25\igdgmm64.dll
0x00007fffb28d0000 - 0x00007fffb6924000 	C:\WINDOWS\System32\DriverStore\FileRepository\iigd_dch.inf_amd64_46a183a099a0cf25\igc64.dll
0x00007fffbd270000 - 0x00007fffbd29f000 	C:\WINDOWS\SYSTEM32\D3DSCache.dll
0x00007fffcbff0000 - 0x00007fffcc018000 	C:\WINDOWS\SYSTEM32\USERENV.dll
0x00007fff84560000 - 0x00007fff8486c000 	C:\WINDOWS\System32\DriverStore\FileRepository\iigd_dch.inf_amd64_46a183a099a0cf25\igd12dxva64.dll
0x00007fffcf700000 - 0x00007fffcfb74000 	C:\WINDOWS\System32\SETUPAPI.dll
0x00007fff98850000 - 0x00007fff99a2d000 	C:\WINDOWS\System32\DriverStore\FileRepository\iigd_dch.inf_amd64_46a183a099a0cf25\igddxvacommon64.dll
0x00007fff96b20000 - 0x00007fff9884b000 	C:\WINDOWS\System32\DriverStore\FileRepository\iigd_dch.inf_amd64_46a183a099a0cf25\media_bin_64.dll
0x00007fffcc950000 - 0x00007fffcc977000 	C:\WINDOWS\System32\DriverStore\FileRepository\iigd_dch.inf_amd64_46a183a099a0cf25\igdinfo64.dll
0x00007fff8ea40000 - 0x00007fff8ea85000 	C:\Users\Lynneth Dela Cerna\Downloads\openjfx-23_windows-x64_bin-sdk\javafx-sdk-23\bin\glass.dll
0x00007fffce4f0000 - 0x00007fffce5ef000 	C:\WINDOWS\System32\COMDLG32.dll
0x00007fffcfbe0000 - 0x00007fffcfd40000 	C:\WINDOWS\System32\MSCTF.dll
0x00007fffce5f0000 - 0x00007fffce6a0000 	C:\WINDOWS\System32\clbcatq.dll
0x00007fffbc0c0000 - 0x00007fffbc239000 	C:\Windows\System32\Windows.UI.dll
0x00007fffbb4a0000 - 0x00007fffbb615000 	C:\Windows\System32\Windows.UI.Immersive.dll

dbghelp: loaded successfully - version: 4.0.5 - missing functions: none
symbol engine: initialized successfully - sym options: 0x614 - pdb path: .;C:\Program Files\Java\jdk-23\bin;C:\WINDOWS\SYSTEM32;C:\WINDOWS\WinSxS\amd64_microsoft.windows.common-controls_6595b64144ccf1df_6.0.22621.4391_none_2715d37f73803e96;C:\Program Files\Java\jdk-23\bin\server;C:\Users\Lynneth Dela Cerna\Downloads\openjfx-23_windows-x64_bin-sdk\javafx-sdk-23\bin;C:\WINDOWS\System32\DriverStore\FileRepository\iigd_dch.inf_amd64_46a183a099a0cf25

VM Arguments:
jvm_args: -Dfile.encoding=UTF-8 --module-path=C:\Java\javafx-sdk-23\lb --add-modules=javafx.controls,javafx.fxml --module-path=C:\Users\Lynneth Dela Cerna\Downloads\openjfx-23_windows-x64_bin-sdk\javafx-sdk-23\lib\javafx-swt.jar;C:\Users\Lynneth Dela Cerna\Downloads\openjfx-23_windows-x64_bin-sdk\javafx-sdk-23\lib\javafx.base.jar;C:\Users\Lynneth Dela Cerna\Downloads\openjfx-23_windows-x64_bin-sdk\javafx-sdk-23\lib\javafx.controls.jar;C:\Users\Lynneth Dela Cerna\Downloads\openjfx-23_windows-x64_bin-sdk\javafx-sdk-23\lib\javafx.fxml.jar;C:\Users\Lynneth Dela Cerna\Downloads\openjfx-23_windows-x64_bin-sdk\javafx-sdk-23\lib\javafx.graphics.jar;C:\Users\Lynneth Dela Cerna\Downloads\openjfx-23_windows-x64_bin-sdk\javafx-sdk-23\lib\javafx.media.jar;C:\Users\Lynneth Dela Cerna\Downloads\openjfx-23_windows-x64_bin-sdk\javafx-sdk-23\lib\javafx.swing.jar;C:\Users\Lynneth Dela Cerna\Downloads\openjfx-23_windows-x64_bin-sdk\javafx-sdk-23\lib\javafx.web.jar 
java_command: IDE.JavaFXMainClass
java_class_path (initial): C:\Users\Lynneth Dela Cerna\Downloads\openjfx-23_windows-x64_bin-sdk\javafx-sdk-23\lib\javafx-swt.jar;C:\Users\Lynneth Dela Cerna\Downloads\openjfx-23_windows-x64_bin-sdk\javafx-sdk-23\lib\javafx.base.jar;C:\Users\Lynneth Dela Cerna\Downloads\openjfx-23_windows-x64_bin-sdk\javafx-sdk-23\lib\javafx.controls.jar;C:\Users\Lynneth Dela Cerna\Downloads\openjfx-23_windows-x64_bin-sdk\javafx-sdk-23\lib\javafx.fxml.jar;C:\Users\Lynneth Dela Cerna\Downloads\openjfx-23_windows-x64_bin-sdk\javafx-sdk-23\lib\javafx.graphics.jar;C:\Users\Lynneth Dela Cerna\Downloads\openjfx-23_windows-x64_bin-sdk\javafx-sdk-23\lib\javafx.media.jar;C:\Users\Lynneth Dela Cerna\Downloads\openjfx-23_windows-x64_bin-sdk\javafx-sdk-23\lib\javafx.swing.jar;C:\Users\Lynneth Dela Cerna\Downloads\openjfx-23_windows-x64_bin-sdk\javafx-sdk-23\lib\javafx.web.jar;C:\Users\Lynneth Dela Cerna\Documents\NetBeansProjects\V-12\build\classes
Launcher Type: SUN_STANDARD

[Global flags]
     intx CICompilerCount                          = 4                                         {product} {ergonomic}
     uint ConcGCThreads                            = 3                                         {product} {ergonomic}
     uint G1ConcRefinementThreads                  = 10                                        {product} {ergonomic}
   size_t G1HeapRegionSize                         = 1048576                                   {product} {ergonomic}
   size_t InitialHeapSize                          = 130023424                                 {product} {ergonomic}
   size_t MarkStackSize                            = 4194304                                   {product} {ergonomic}
   size_t MarkStackSizeMax                         = 536870912                                 {product} {ergonomic}
   size_t MaxHeapSize                              = 2061500416                                {product} {ergonomic}
   size_t MaxNewSize                               = 1236271104                                {product} {ergonomic}
   size_t MinHeapDeltaBytes                        = 1048576                                   {product} {ergonomic}
   size_t MinHeapSize                              = 8388608                                   {product} {ergonomic}
    uintx NonNMethodCodeHeapSize                   = 5832704                                {pd product} {ergonomic}
    uintx NonProfiledCodeHeapSize                  = 122945536                              {pd product} {ergonomic}
    uintx ProfiledCodeHeapSize                     = 122880000                              {pd product} {ergonomic}
    uintx ReservedCodeCacheSize                    = 251658240                              {pd product} {ergonomic}
     bool SegmentedCodeCache                       = true                                      {product} {ergonomic}
   size_t SoftMaxHeapSize                          = 2061500416                             {manageable} {ergonomic}
     bool UseCompressedOops                        = true                           {product lp64_product} {ergonomic}
     bool UseG1GC                                  = true                                      {product} {ergonomic}
     bool UseLargePagesIndividualAllocation        = false                                  {pd product} {ergonomic}

Logging:
Log output configuration:
 #0: stdout all=warning uptime,level,tags foldmultilines=false
 #1: stderr all=off uptime,level,tags foldmultilines=false

Environment Variables:
PATH=C:\Program Files\Common Files\Oracle\Java\javapath;C:\Program Files (x86)\Common Files\Oracle\Java\java8path;C:\Program Files (x86)\Common Files\Oracle\Java\javapath;C:\Program Files\Microsoft\jdk-11.0.12.7-hotspot\bin;C:\windows\system32;C:\windows;C:\windows\System32\Wbem;C:\windows\System32\WindowsPowerShell\v1.0\;C:\windows\System32\OpenSSH\;C:\Program Files\dotnet\;\msys64\mingw64\bin;C:\msys64\mingw64;C:\WINDOWS\system32;C:\WINDOWS;C:\WINDOWS\System32\Wbem;C:\WINDOWS\System32\WindowsPowerShell\v1.0\;C:\WINDOWS\System32\OpenSSH\;C:\ProgramData\chocolatey\bin;C:\Program Files\swipl\bin;C:\Program Files\Microsoft SQL Server\150\Tools\Binn\;C:\Program Files\Microsoft SQL Server\Client SDK\ODBC\170\Tools\Binn\;C:\Program Files (x86)\Windows Kits\10\Windows Performance Toolkit\;C:\Program Files\Git\cmd;C:\Program Files\nodejs\;C:\Users\Lynneth Dela Cerna\AppData\Local\Microsoft\WindowsApps;C:\Users\Lynneth Dela Cerna\AppData\Local\Programs\Microsoft VS Code\bin;C:\Users\Lynneth Dela Cerna\.dotnet\tools;C:\ghcup\bin;C:\Users\Lynneth Dela Cerna\AppData\Local\GitHubDesktop\bin;C:\Users\Lynneth Dela Cerna\AppData\Roaming\npm
USERNAME=Lynneth Dela Cerna
OS=Windows_NT
PROCESSOR_IDENTIFIER=Intel64 Family 6 Model 154 Stepping 4, GenuineIntel
TMP=C:\Users\LYNNET~1\AppData\Local\Temp
TEMP=C:\Users\LYNNET~1\AppData\Local\Temp




Periodic native trim disabled

---------------  S Y S T E M  ---------------

OS:
 Windows 11 , 64 bit Build 22621 (10.0.22621.4391)
OS uptime: 1 days 17:06 hours
Hyper-V role detected

CPU: total 12 (initial active 12) (6 cores per cpu, 2 threads per core) family 6 model 154 stepping 4 microcode 0x42c, cx8, cmov, fxsr, ht, mmx, 3dnowpref, sse, sse2, sse3, ssse3, sse4.1, sse4.2, popcnt, lzcnt, tsc, tscinvbit, avx, avx2, aes, erms, clmul, bmi1, bmi2, adx, sha, fma, vzeroupper, clflush, clflushopt, clwb, hv, serialize, rdtscp, rdpid, fsrm, gfni, f16c, cet_ibt, cet_ss
Processor Information for processor 0
  Max Mhz: 1300, Current Mhz: 1300, Mhz Limit: 1300
Processor Information for processor 1
  Max Mhz: 1300, Current Mhz: 1300, Mhz Limit: 1300
Processor Information for processor 2
  Max Mhz: 1300, Current Mhz: 1300, Mhz Limit: 1300
Processor Information for processor 3
  Max Mhz: 1300, Current Mhz: 1300, Mhz Limit: 1300
Processor Information for processor 4
  Max Mhz: 1300, Current Mhz: 900, Mhz Limit: 897
Processor Information for processor 5
  Max Mhz: 1300, Current Mhz: 900, Mhz Limit: 897
Processor Information for processor 6
  Max Mhz: 1300, Current Mhz: 900, Mhz Limit: 897
Processor Information for processor 7
  Max Mhz: 1300, Current Mhz: 900, Mhz Limit: 897
Processor Information for processor 8
  Max Mhz: 1300, Current Mhz: 900, Mhz Limit: 897
Processor Information for processor 9
  Max Mhz: 1300, Current Mhz: 900, Mhz Limit: 897
Processor Information for processor 10
  Max Mhz: 1300, Current Mhz: 900, Mhz Limit: 897
Processor Information for processor 11
  Max Mhz: 1300, Current Mhz: 900, Mhz Limit: 897

Memory: 4k page, system-wide physical 7863M (216M free)
TotalPageFile size 32439M (AvailPageFile size 376M)
current process WorkingSet (physical memory assigned to process): 279M, peak: 279M
current process commit charge ("private bytes"): 403M, peak: 776M

vm_info: Java HotSpot(TM) 64-Bit Server VM (23+37-2369) for windows-amd64 JRE (23+37-2369), built on 2024-08-20T16:01:23Z with MS VC++ 17.6 (VS2022)

END.
